<html>
<body>
<pre>
<h1>µVision Build Log</h1>
<h2>Tool Versions:</h2>
IDE-Version: µVision V5.21.1.0
Copyright (C) 2016 ARM Ltd and ARM Germany GmbH. All rights reserved.
License Information: Stpiamcee42 The Mechanic, Action_NEU, LIC=DSNX7-EXCPI-799G1-CEGV1-6MJ3R-ZG9XP
 
Tool Versions:
Toolchain:       MDK-ARM Professional  Version: 5.21a
Toolchain Path:  C:\Software\Keil_V5\ARM\ARMCC\Bin
C Compiler:      Armcc.exe V5.06 update 3 (build 300)
Assembler:       Armasm.exe V5.06 update 3 (build 300)
Linker/Locator:  ArmLink.exe V5.06 update 3 (build 300)
Library Manager: ArmAr.exe V5.06 update 3 (build 300)
Hex Converter:   FromElf.exe V5.06 update 3 (build 300)
CPU DLL:         SARMCM3.DLL V5.21a
Dialog DLL:      DCM.DLL V1.13.8.0
Target DLL:      Segger\JL2CM3.dll V2.99.23.0
Dialog DLL:      TCM.DLL V1.14.14.0
 
<h2>Project:</h2>
C:\Users\mecha\Desktop\abu2017\Ö÷¿Ø1.0.0.161231_¦Á\MDK-ARM\STM32F407-ACTION.uvprojx
Project File Date:  01/17/2017

<h2>Output:</h2>
*** Using Compiler 'V5.06 update 3 (build 300)', folder: 'C:\Software\Keil_V5\ARM\ARMCC\Bin'
Build target 'ACTION'
compiling task.c...
..\Action_User\task.c(121): warning:  #177-D: variable "launcherCounter" was declared but never referenced
  static uint8_t launcherCounter = 0;
..\Action_User\task.c(125): warning:  #177-D: variable "lastXCounter" was declared but never referenced
  static uint8_t lastXCounter;
..\Action_User\task.c(126): warning:  #177-D: variable "lastX" was declared but never referenced
  static float lastX = 0;
..\Action_User\task.c(127): warning:  #177-D: variable "presentX" was declared but never referenced
  static float presentX = 0;
..\Action_User\task.c(128): warning:  #177-D: variable "robotSpeed" was declared but never referenced
  static float robotSpeed = 0;
..\Action_User\task.c(129): warning:  #177-D: variable "stopCounter" was declared but never referenced
  static uint8_t stopCounter = 0;
..\Action_User\task.c: 6 warnings, 0 errors
linking...
Program Size: Code=51936 RO-data=1760 RW-data=272 ZI-data=85840  
FromELF: creating hex file...
".\Obj\STM32F407-ACTION.axf" - 0 Error(s), 6 Warning(s).

<h2>Collection of Component include folders:</h2>
  C:\Users\mecha\Desktop\abu2017\Ö÷¿Ø1.0.0.161231_¦Á\MDK-ARM\RTE
  C:\Software\Keil_V5\ARM\PACK\Keil\STM32F4xx_DFP\2.5.0\Drivers\CMSIS\Device\ST\STM32F4xx\Include

<h2>Collection of Component Files used:</h2>
Build Time Elapsed:  00:00:01
</pre>
</body>
</html>
