<html>
<body>
<pre>
<h1>礦ision Build Log</h1>
<h2>Tool Versions:</h2>
IDE-Version: μVision V5.21.1.0
Copyright (C) 2016 ARM Ltd and ARM Germany GmbH. All rights reserved.
License Information: Tmax Sco, ACTION, LIC=SDA30-BT4FY-MMN9I-TIB87-0SQ49-DDYGM
 
Tool Versions:
Toolchain:       MDK-ARM Plus  Version: 5.21a
Toolchain Path:  C:\Keil\ARM\ARMCC\Bin
C Compiler:      Armcc.exe V5.06 update 3 (build 300)
Assembler:       Armasm.exe V5.06 update 3 (build 300)
Linker/Locator:  ArmLink.exe V5.06 update 3 (build 300)
Library Manager: ArmAr.exe V5.06 update 3 (build 300)
Hex Converter:   FromElf.exe V5.06 update 3 (build 300)
CPU DLL:         SARMCM3.DLL V5.21a
Dialog DLL:      DCM.DLL V1.13.8.0
Target DLL:      Segger\JL2CM3.dll V2.99.23.0
Dialog DLL:      TCM.DLL V1.14.14.0
 
<h2>Project:</h2>
E:\ACTION\Robocon 2017\主控\Abu2017-Git\主控1.0.0.161231_α\MDK-ARM\STM32F407-ACTION.uvprojx
Project File Date:  02/07/2017

<h2>Output:</h2>
*** Using Compiler 'V5.06 update 3 (build 300)', folder: 'C:\Keil\ARM\ARMCC\Bin'
Build target 'ACTION'
compiling stm32f4xx_it.c...
linking...
Program Size: Code=50436 RO-data=1656 RW-data=292 ZI-data=85996  
FromELF: creating hex file...
".\Obj\STM32F407-ACTION.axf" - 0 Error(s), 0 Warning(s).

<h2>Collection of Component include folders:</h2>
  E:\ACTION\Robocon 2017\主控\Abu2017-Git\主控1.0.0.161231_α\MDK-ARM\RTE
  C:\Keil\ARM\PACK\Keil\STM32F4xx_DFP\2.11.0\Drivers\CMSIS\Device\ST\STM32F4xx\Include

<h2>Collection of Component Files used:</h2>
Build Time Elapsed:  00:00:02
</pre>
</body>
</html>
