Component: ARM Compiler 5.06 update 3 (build 300) Tool: armlink [4d35c9]

==============================================================================

Section Cross References

    main.o(.text) refers to os_cpu_c.o(.text) for OS_CPU_SysTickInit
    main.o(.text) refers to os_core.o(.text) for OSStatInit
    main.o(.text) refers to task.o(.text) for App_Task
    main.o(.text) refers to os_time.o(.text) for OSTimeDlyHMSM
    main.o(.text) refers to os_cpu_a.o(.text) for CPU_IntDis
    main.o(.text) refers to os_task.o(.text) for OSTaskCreateExt
    main.o(.text) refers to system_stm32f4xx.o(.data) for SystemCoreClock
    main.o(.text) refers to main.o(.bss) for App_TaskStartStk
    task.o(.text) refers to os_sem.o(.text) for OSSemSet
    task.o(.text) refers to stm32f4xx_gpio.o(.text) for GPIO_ReadInputDataBit
    task.o(.text) refers to gasvalvecontrol.o(.text) for ClampClose
    task.o(.text) refers to elmo.o(.text) for ReadActualPos
    task.o(.text) refers to misc.o(.text) for NVIC_PriorityGroupConfig
    task.o(.text) refers to timer.o(.text) for TIM_Init
    task.o(.text) refers to usart.o(.text) for USART1_Init
    task.o(.text) refers to gpio.o(.text) for KeyInit
    task.o(.text) refers to can.o(.text) for CAN_Config
    task.o(.text) refers to os_task.o(.text) for OSTaskSuspend
    task.o(.text) refers to task.o(.data) for PeriodSem
    task.o(.text) refers to stm32f4xx_it.o(.data) for launcherPos
    task.o(.text) refers to task.o(.bss) for App_ConfigStk
    stm32f4xx_it.o(.text) refers to os_cpu_a.o(.text) for OS_CPU_SR_Save
    stm32f4xx_it.o(.text) refers to can.o(.text) for CAN_RxMsg
    stm32f4xx_it.o(.text) refers to encoder.o(.text) for SetEncVel
    stm32f4xx_it.o(.text) refers to fflt_clz.o(x$fpl$fflt) for __aeabi_i2f
    stm32f4xx_it.o(.text) refers to dflt_clz.o(x$fpl$dflt) for __aeabi_i2d
    stm32f4xx_it.o(.text) refers to dmul.o(x$fpl$dmul) for __aeabi_dmul
    stm32f4xx_it.o(.text) refers to daddsub_clz.o(x$fpl$drsb) for __aeabi_drsub
    stm32f4xx_it.o(.text) refers to d2f.o(x$fpl$d2f) for __aeabi_d2f
    stm32f4xx_it.o(.text) refers to daddsub_clz.o(x$fpl$dsub) for __aeabi_dsub
    stm32f4xx_it.o(.text) refers to stm32f4xx_can.o(.text) for CAN_ClearFlag
    stm32f4xx_it.o(.text) refers to os_core.o(.text) for OSIntExit
    stm32f4xx_it.o(.text) refers to stm32f4xx_tim.o(.text) for TIM_GetITStatus
    stm32f4xx_it.o(.text) refers to os_sem.o(.text) for OSSemPost
    stm32f4xx_it.o(.text) refers to usart.o(.text) for getAngle
    stm32f4xx_it.o(.text) refers to stm32f4xx_usart.o(.text) for USART_GetITStatus
    stm32f4xx_it.o(.text) refers to os_core.o(.data) for OSIntNesting
    stm32f4xx_it.o(.text) refers to stm32f4xx_it.o(.data) for buffer
    stm32f4xx_it.o(.text) refers to stm32f4xx_it.o(.bss) for position
    stm32f4xx_it.o(.text) refers to task.o(.data) for PeriodSem
    stm32f4xx_it.o(.text) refers to faddsub_clz.o(x$fpl$fsub) for __aeabi_fsub
    stm32f4xx_it.o(.text) refers to fleqf.o(x$fpl$fleqf) for __aeabi_cfcmple
    stm32f4xx_it.o(.text) refers to frleqf.o(x$fpl$frleqf) for __aeabi_cfrcmple
    stm32f4xx_it.o(.text) refers to fmul.o(x$fpl$fmul) for __aeabi_fmul
    stm32f4xx_it.o(.text) refers to ffix.o(x$fpl$ffix) for __aeabi_f2iz
    stm32f4xx_it.o(.text) refers to elmo.o(.text) for PosCrl
    stm32f4xx_it.o(.text) refers to faddsub_clz.o(x$fpl$fadd) for __aeabi_fadd
    stm32f4xx_it.o(.text) refers to usart.o(.data) for USART5_RX_STA
    stm32f4xx_it.o(.text) refers to usart.o(.bss) for USART5_RX_BUF
    timer.o(.text) refers to stm32f4xx_rcc.o(.text) for RCC_APB2PeriphClockCmd
    timer.o(.text) refers to stm32f4xx_tim.o(.text) for TIM_TimeBaseInit
    timer.o(.text) refers to misc.o(.text) for NVIC_Init
    timer.o(.text) refers to stm32f4xx_gpio.o(.text) for GPIO_PinAFConfig
    timer.o(.text) refers to fdiv.o(x$fpl$fdiv) for __aeabi_fdiv
    timer.o(.text) refers to fmul.o(x$fpl$fmul) for __aeabi_fmul
    timer.o(.text) refers to f2d.o(x$fpl$f2d) for __aeabi_f2d
    timer.o(.text) refers to daddsub_clz.o(x$fpl$dadd) for __aeabi_dadd
    timer.o(.text) refers to d2f.o(x$fpl$d2f) for __aeabi_d2f
    timer.o(.text) refers to frleqf.o(x$fpl$frleqf) for __aeabi_cfrcmple
    timer.o(.text) refers to fleqf.o(x$fpl$fleqf) for __aeabi_cfcmple
    timer.o(.text) refers to ffixu.o(x$fpl$ffixu) for __aeabi_f2uiz
    timer.o(.text) refers to faddsub_clz.o(x$fpl$fadd) for __aeabi_fadd
    timer.o(.text) refers to faddsub_clz.o(x$fpl$fsub) for __aeabi_fsub
    timer.o(.text) refers to timer.o(.bss) for Percent
    gpio.o(.text) refers to stm32f4xx_rcc.o(.text) for RCC_AHB1PeriphClockCmd
    gpio.o(.text) refers to stm32f4xx_gpio.o(.text) for GPIO_Init
    usart.o(.text) refers to stm32f4xx_usart.o(.text) for USART_SendData
    usart.o(.text) refers to stm32f4xx_rcc.o(.text) for RCC_AHB1PeriphClockCmd
    usart.o(.text) refers to stm32f4xx_gpio.o(.text) for GPIO_PinAFConfig
    usart.o(.text) refers to misc.o(.text) for NVIC_Init
[...]
    TIM1_BRK_TIM9_IRQHandler                 0x08002d2f   Thumb Code     0  startup_stm32f4xx.o(.text)
    TIM1_CC_IRQHandler                       0x08002d2f   Thumb Code     0  startup_stm32f4xx.o(.text)
    TIM1_TRG_COM_TIM11_IRQHandler            0x08002d2f   Thumb Code     0  startup_stm32f4xx.o(.text)
    TIM6_DAC_IRQHandler                      0x08002d2f   Thumb Code     0  startup_stm32f4xx.o(.text)
    TIM8_BRK_TIM12_IRQHandler                0x08002d2f   Thumb Code     0  startup_stm32f4xx.o(.text)
    TIM8_CC_IRQHandler                       0x08002d2f   Thumb Code     0  startup_stm32f4xx.o(.text)
    TIM8_TRG_COM_TIM14_IRQHandler            0x08002d2f   Thumb Code     0  startup_stm32f4xx.o(.text)
    USART2_IRQHandler                        0x08002d2f   Thumb Code     0  startup_stm32f4xx.o(.text)
    USART6_IRQHandler                        0x08002d2f   Thumb Code     0  startup_stm32f4xx.o(.text)
    WWDG_IRQHandler                          0x08002d2f   Thumb Code     0  startup_stm32f4xx.o(.text)
    __user_initial_stackheap                 0x08002d31   Thumb Code     0  startup_stm32f4xx.o(.text)
    OSInitHookBegin                          0x08002d55   Thumb Code    40  os_cpu_c.o(.text)
    OSInitHookEnd                            0x08002d7d   Thumb Code     2  os_cpu_c.o(.text)
    OSTaskCreateHook                         0x08002d7f   Thumb Code    12  os_cpu_c.o(.text)
    OSTaskDelHook                            0x08002d8b   Thumb Code    12  os_cpu_c.o(.text)
    OSTaskIdleHook                           0x08002d97   Thumb Code     8  os_cpu_c.o(.text)
    OSTaskStatHook                           0x08002d9f   Thumb Code     8  os_cpu_c.o(.text)
    OSTaskStkInit                            0x08002da7   Thumb Code   152  os_cpu_c.o(.text)
    OSTaskSwHook                             0x08002e3f   Thumb Code     8  os_cpu_c.o(.text)
    OSTCBInitHook                            0x08002e47   Thumb Code    12  os_cpu_c.o(.text)
    OSTimeTickHook                           0x08002e53   Thumb Code    34  os_cpu_c.o(.text)
    SysTick_Handler                          0x08002e75   Thumb Code    34  os_cpu_c.o(.text)
    OS_CPU_SysTickInit                       0x08002e97   Thumb Code    28  os_cpu_c.o(.text)
    OS_CPU_SR_Save                           0x08002ed1   Thumb Code     0  os_cpu_a.o(.text)
    OS_CPU_SR_Restore                        0x08002ed9   Thumb Code     0  os_cpu_a.o(.text)
    OSStartHighRdy                           0x08002edf   Thumb Code     0  os_cpu_a.o(.text)
    OSCtxSw                                  0x08002eff   Thumb Code     0  os_cpu_a.o(.text)
    OSIntCtxSw                               0x08002f09   Thumb Code     0  os_cpu_a.o(.text)
    PendSV_Handler                           0x08002f13   Thumb Code     0  os_cpu_a.o(.text)
    CPU_IntDis                               0x08002f55   Thumb Code     0  os_cpu_a.o(.text)
    CPU_IntEn                                0x08002f59   Thumb Code     0  os_cpu_a.o(.text)
    OSDebugInit                              0x08002f7d   Thumb Code   118  os_dbg.o(.text)
    OS_StrLen                                0x080030d9   Thumb Code    20  os_core.o(.text)
    OSEventNameGet                           0x080030ed   Thumb Code   118  os_core.o(.text)
    OSEventNameSet                           0x08003163   Thumb Code   100  os_core.o(.text)
    OS_EventTaskRemoveMulti                  0x080031c7   Thumb Code    58  os_core.o(.text)
    OS_Sched                                 0x0800321b   Thumb Code    88  os_core.o(.text)
    OS_EventTaskWaitMulti                    0x08003273   Thumb Code   136  os_core.o(.text)
    OSEventPendMulti                         0x080032fb   Thumb Code   760  os_core.o(.text)
    OS_TaskStatStkChk                        0x080035f3   Thumb Code    54  os_core.o(.text)
    OS_TaskStat                              0x08003629   Thumb Code   116  os_core.o(.text)
    OS_TaskIdle                              0x080036d1   Thumb Code    34  os_core.o(.text)
    OS_MemClr                                0x08003727   Thumb Code    18  os_core.o(.text)
    OSInit                                   0x0800384f   Thumb Code    56  os_core.o(.text)
    OSIntEnter                               0x08003887   Thumb Code    28  os_core.o(.text)
    OSIntExit                                0x080038a3   Thumb Code   258  os_core.o(.text)
    OSSchedLock                              0x080039a5   Thumb Code    50  os_core.o(.text)
    OSSchedUnlock                            0x080039d7   Thumb Code    82  os_core.o(.text)
    OSStart                                  0x08003a29   Thumb Code    48  os_core.o(.text)
    OSStatInit                               0x08003a59   Thumb Code    62  os_core.o(.text)
    OSTimeTick                               0x08003a97   Thumb Code   210  os_core.o(.text)
    OSVersion                                0x08003b69   Thumb Code     6  os_core.o(.text)
    OS_Dummy                                 0x08003b6f   Thumb Code     2  os_core.o(.text)
    OS_EventTaskRemove                       0x08003b71   Thumb Code    42  os_core.o(.text)
    OS_EventTaskRdy                          0x08003b9b   Thumb Code   128  os_core.o(.text)
    OS_EventTaskWait                         0x08003c1b   Thumb Code   112  os_core.o(.text)
    OS_EventWaitListInit                     0x08003c8b   Thumb Code    28  os_core.o(.text)
    OS_MemCopy                               0x08003ca7   Thumb Code    20  os_core.o(.text)
    OS_TCBInit                               0x08003cbb   Thumb Code   358  os_core.o(.text)
    OSFlagAccept                             0x08003e29   Thumb Code   262  os_flag.o(.text)
    OSFlagCreate                             0x08003f2f   Thumb Code    86  os_flag.o(.text)
    OS_FlagUnlink                            0x08003f85   Thumb Code    36  os_flag.o(.text)
    OSFlagDel                                0x08003ffb   Thumb Code   224  os_flag.o(.text)
    OSFlagNameGet                            0x080040db   Thumb Code   100  os_flag.o(.text)
    OSFlagNameSet                            0x0800413f   Thumb Code    82  os_flag.o(.text)
    OSFlagPend                               0x08004229   Thumb Code   626  os_flag.o(.text)
    OSFlagPendGetFlagsRdy                    0x0800449b   Thumb Code    26  os_flag.o(.text)
    OSFlagPost                               0x080044b5   Thumb Code   322  os_flag.o(.text)
    OSFlagQuery                              0x080045f7   Thumb Code    58  os_flag.o(.text)
    OS_FlagInit                              0x08004631   Thumb Code    78  os_flag.o(.text)
    OSMemCreate                              0x0800468d   Thumb Code   164  os_mem.o(.text)
    OSMemGet                                 0x08004731   Thumb Code    72  os_mem.o(.text)
    OSMemNameGet                             0x08004779   Thumb Code    80  os_mem.o(.text)
    OSMemNameSet                             0x080047c9   Thumb Code    64  os_mem.o(.text)
    OSMemPut                                 0x08004809   Thumb Code    66  os_mem.o(.text)
    OSMemQuery                               0x0800484b   Thumb Code    64  os_mem.o(.text)
    OS_MemInit                               0x0800488b   Thumb Code    74  os_mem.o(.text)
    OSQAccept                                0x080048e5   Thumb Code    98  os_q.o(.text)
    OSQCreate                                0x08004947   Thumb Code   144  os_q.o(.text)
    OSQDel                                   0x080049d7   Thumb Code   254  os_q.o(.text)
    OSQFlush                                 0x08004ad5   Thumb Code    52  os_q.o(.text)
    OSQPend                                  0x08004b09   Thumb Code   288  os_q.o(.text)
    OSQPendAbort                             0x08004c29   Thumb Code   138  os_q.o(.text)
    OSQPost                                  0x08004cb3   Thumb Code   120  os_q.o(.text)
    OSQPostFront                             0x08004d2b   Thumb Code   146  os_q.o(.text)
    OSQPostOpt                               0x08004dbd   Thumb Code   188  os_q.o(.text)
    OSQQuery                                 0x08004e79   Thumb Code   110  os_q.o(.text)
    OS_QInit                                 0x08004ee7   Thumb Code    72  os_q.o(.text)
    OSSemAccept                              0x08004f39   Thumb Code    48  os_sem.o(.text)
    OSSemCreate                              0x08004f69   Thumb Code    72  os_sem.o(.text)
    OSSemDel                                 0x08004fb1   Thumb Code   220  os_sem.o(.text)
    OSSemPend                                0x0800508d   Thumb Code   236  os_sem.o(.text)
    OSSemPendAbort                           0x08005179   Thumb Code   138  os_sem.o(.text)
    OSSemPost                                0x08005203   Thumb Code    94  os_sem.o(.text)
    OSSemQuery                               0x08005261   Thumb Code    88  os_sem.o(.text)
    OSSemSet                                 0x080052b9   Thumb Code    74  os_sem.o(.text)
    OSTaskChangePrio                         0x08005319   Thumb Code   418  os_task.o(.text)
    OSTaskCreate                             0x080054bb   Thumb Code   156  os_task.o(.text)
    OS_TaskStkClr                            0x08005557   Thumb Code    26  os_task.o(.text)
    OSTaskCreateExt                          0x08005571   Thumb Code   178  os_task.o(.text)
    OSTaskDel                                0x08005623   Thumb Code   354  os_task.o(.text)
    OSTaskDelReq                             0x08005785   Thumb Code   112  os_task.o(.text)
    OSTaskNameGet                            0x080057f5   Thumb Code   140  os_task.o(.text)
    OSTaskNameSet                            0x08005881   Thumb Code   120  os_task.o(.text)
    OSTaskResume                             0x080058f9   Thumb Code   162  os_task.o(.text)
    OSTaskStkChk                             0x0800599b   Thumb Code   150  os_task.o(.text)
    OSTaskSuspend                            0x08005a31   Thumb Code   172  os_task.o(.text)
    OSTaskQuery                              0x08005add   Thumb Code   132  os_task.o(.text)
    OSTaskRegGet                             0x08005b61   Thumb Code    86  os_task.o(.text)
    OSTaskRegSet                             0x08005bb7   Thumb Code    84  os_task.o(.text)
    OS_TaskReturn                            0x08005c0b   Thumb Code    18  os_task.o(.text)
    OSTimeDly                                0x08005c25   Thumb Code   100  os_time.o(.text)
    OSTimeDlyHMSM                            0x08005c89   Thumb Code   124  os_time.o(.text)
    OSTimeDlyResume                          0x08005d05   Thumb Code   168  os_time.o(.text)
    OSTimeGet                                0x08005dad   Thumb Code    24  os_time.o(.text)
    OSTimeSet                                0x08005dc5   Thumb Code    24  os_time.o(.text)
    OSTmrCreate                              0x08005e2b   Thumb Code   142  os_tmr.o(.text)
    OSTmrDel                                 0x08005f31   Thumb Code   134  os_tmr.o(.text)
    OSTmrNameGet                             0x08005fb7   Thumb Code   134  os_tmr.o(.text)
    OSTmrRemainGet                           0x0800603d   Thumb Code   172  os_tmr.o(.text)
    OSTmrStateGet                            0x080060e9   Thumb Code    96  os_tmr.o(.text)
    OSTmrStart                               0x080061ad   Thumb Code   166  os_tmr.o(.text)
    OSTmrStop                                0x08006253   Thumb Code   190  os_tmr.o(.text)
    OSTmrSignal                              0x08006311   Thumb Code    16  os_tmr.o(.text)
    OSTmr_Init                               0x080063c5   Thumb Code   172  os_tmr.o(.text)
    OSTaskReturnHook                         0x080064d9   Thumb Code     2  os_apphooks.o(.text)
    App_TaskCreateHook                       0x080064db   Thumb Code     2  os_apphooks.o(.text)
    App_TaskDelHook                          0x080064dd   Thumb Code     2  os_apphooks.o(.text)
    App_TaskIdleHook                         0x080064df   Thumb Code     2  os_apphooks.o(.text)
    App_TaskReturnHook                       0x080064e1   Thumb Code     2  os_apphooks.o(.text)
    App_TaskStatHook                         0x080064e3   Thumb Code     2  os_apphooks.o(.text)
    App_TaskSwHook                           0x080064e5   Thumb Code     2  os_apphooks.o(.text)
    App_TCBInitHook                          0x080064e7   Thumb Code     2  os_apphooks.o(.text)
    App_TimeTickHook                         0x080064e9   Thumb Code     2  os_apphooks.o(.text)
    GPIO_DeInit                              0x080064ed   Thumb Code   220  stm32f4xx_gpio.o(.text)
    GPIO_Init                                0x080065c9   Thumb Code   144  stm32f4xx_gpio.o(.text)
    GPIO_StructInit                          0x08006659   Thumb Code    18  stm32f4xx_gpio.o(.text)
    GPIO_PinLockConfig                       0x0800666b   Thumb Code    34  stm32f4xx_gpio.o(.text)
    GPIO_ReadInputDataBit                    0x0800668d   Thumb Code    18  stm32f4xx_gpio.o(.text)
    GPIO_ReadInputData                       0x0800669f   Thumb Code     8  stm32f4xx_gpio.o(.text)
    GPIO_ReadOutputDataBit                   0x080066a7   Thumb Code    18  stm32f4xx_gpio.o(.text)
    GPIO_ReadOutputData                      0x080066b9   Thumb Code     8  stm32f4xx_gpio.o(.text)
    GPIO_SetBits                             0x080066c1   Thumb Code     4  stm32f4xx_gpio.o(.text)
    GPIO_ResetBits                           0x080066c5   Thumb Code     4  stm32f4xx_gpio.o(.text)
    GPIO_WriteBit                            0x080066c9   Thumb Code    10  stm32f4xx_gpio.o(.text)
    GPIO_Write                               0x080066d3   Thumb Code     4  stm32f4xx_gpio.o(.text)
    GPIO_ToggleBits                          0x080066d7   Thumb Code     8  stm32f4xx_gpio.o(.text)
    GPIO_PinAFConfig                         0x080066df   Thumb Code    70  stm32f4xx_gpio.o(.text)
    RCC_DeInit                               0x08006749   Thumb Code    60  stm32f4xx_rcc.o(.text)
    RCC_HSEConfig                            0x08006785   Thumb Code    14  stm32f4xx_rcc.o(.text)
    RCC_GetFlagStatus                        0x08006793   Thumb Code    60  stm32f4xx_rcc.o(.text)
    RCC_WaitForHSEStartUp                    0x080067cf   Thumb Code    56  stm32f4xx_rcc.o(.text)
    RCC_AdjustHSICalibrationValue            0x08006807   Thumb Code    20  stm32f4xx_rcc.o(.text)
    RCC_HSICmd                               0x0800681b   Thumb Code     6  stm32f4xx_rcc.o(.text)
    RCC_LSEConfig                            0x08006821   Thumb Code    46  stm32f4xx_rcc.o(.text)
    RCC_LSICmd                               0x0800684f   Thumb Code     6  stm32f4xx_rcc.o(.text)
    RCC_PLLConfig                            0x08006855   Thumb Code    32  stm32f4xx_rcc.o(.text)
    RCC_PLLCmd                               0x08006875   Thumb Code     6  stm32f4xx_rcc.o(.text)
    RCC_PLLI2SConfig                         0x0800687b   Thumb Code    14  stm32f4xx_rcc.o(.text)
    RCC_PLLI2SCmd                            0x08006889   Thumb Code     6  stm32f4xx_rcc.o(.text)
    RCC_ClockSecuritySystemCmd               0x0800688f   Thumb Code     6  stm32f4xx_rcc.o(.text)
    RCC_MCO1Config                           0x08006895   Thumb Code    28  stm32f4xx_rcc.o(.text)
    RCC_MCO2Config                           0x080068b1   Thumb Code    28  stm32f4xx_rcc.o(.text)
    RCC_SYSCLKConfig                         0x080068cd   Thumb Code    20  stm32f4xx_rcc.o(.text)
    RCC_GetSYSCLKSource                      0x080068e1   Thumb Code    12  stm32f4xx_rcc.o(.text)
    RCC_HCLKConfig                           0x080068ed   Thumb Code    20  stm32f4xx_rcc.o(.text)
    RCC_PCLK1Config                          0x08006901   Thumb Code    20  stm32f4xx_rcc.o(.text)
    RCC_PCLK2Config                          0x08006915   Thumb Code    22  stm32f4xx_rcc.o(.text)
    RCC_GetClocksFreq                        0x0800692b   Thumb Code   222  stm32f4xx_rcc.o(.text)
    RCC_RTCCLKConfig                         0x08006a09   Thumb Code    54  stm32f4xx_rcc.o(.text)
    RCC_RTCCLKCmd                            0x08006a3f   Thumb Code     8  stm32f4xx_rcc.o(.text)
    RCC_BackupResetCmd                       0x08006a47   Thumb Code     8  stm32f4xx_rcc.o(.text)
    RCC_I2SCLKConfig                         0x08006a4f   Thumb Code     6  stm32f4xx_rcc.o(.text)
    RCC_AHB1PeriphClockCmd                   0x08006a55   Thumb Code    34  stm32f4xx_rcc.o(.text)
    RCC_AHB2PeriphClockCmd                   0x08006a77   Thumb Code    34  stm32f4xx_rcc.o(.text)
    RCC_AHB3PeriphClockCmd                   0x08006a99   Thumb Code    34  stm32f4xx_rcc.o(.text)
    RCC_APB1PeriphClockCmd                   0x08006abb   Thumb Code    34  stm32f4xx_rcc.o(.text)
    RCC_APB2PeriphClockCmd                   0x08006add   Thumb Code    34  stm32f4xx_rcc.o(.text)
    RCC_AHB1PeriphResetCmd                   0x08006aff   Thumb Code    34  stm32f4xx_rcc.o(.text)
    RCC_AHB2PeriphResetCmd                   0x08006b21   Thumb Code    72  stm32f4xx_rcc.o(.text)
    RCC_AHB3PeriphResetCmd                   0x08006b69   Thumb Code    34  stm32f4xx_rcc.o(.text)
    RCC_APB1PeriphResetCmd                   0x08006b8b   Thumb Code    34  stm32f4xx_rcc.o(.text)
    RCC_APB2PeriphResetCmd                   0x08006bad   Thumb Code    34  stm32f4xx_rcc.o(.text)
    RCC_AHB1PeriphClockLPModeCmd             0x08006bcf   Thumb Code    34  stm32f4xx_rcc.o(.text)
    RCC_AHB2PeriphClockLPModeCmd             0x08006bf1   Thumb Code    34  stm32f4xx_rcc.o(.text)
    RCC_AHB3PeriphClockLPModeCmd             0x08006c13   Thumb Code    34  stm32f4xx_rcc.o(.text)
    RCC_APB1PeriphClockLPModeCmd             0x08006c35   Thumb Code    34  stm32f4xx_rcc.o(.text)
    RCC_APB2PeriphClockLPModeCmd             0x08006c57   Thumb Code    34  stm32f4xx_rcc.o(.text)
    RCC_ITConfig                             0x08006c79   Thumb Code    34  stm32f4xx_rcc.o(.text)
    RCC_ClearFlag                            0x08006c9b   Thumb Code    18  stm32f4xx_rcc.o(.text)
    RCC_GetITStatus                          0x08006cad   Thumb Code    22  stm32f4xx_rcc.o(.text)
    RCC_ClearITPendingBit                    0x08006cc3   Thumb Code     8  stm32f4xx_rcc.o(.text)
    NVIC_PriorityGroupConfig                 0x08006cd1   Thumb Code    10  misc.o(.text)
    NVIC_Init                                0x08006cdb   Thumb Code   106  misc.o(.text)
    NVIC_SetVectorTable                      0x08006d45   Thumb Code    14  misc.o(.text)
    NVIC_SystemLPConfig                      0x08006d53   Thumb Code    34  misc.o(.text)
    SysTick_CLKSourceConfig                  0x08006d75   Thumb Code    40  misc.o(.text)
    TIM_DeInit                               0x08006db1   Thumb Code   346  stm32f4xx_tim.o(.text)
    TIM_TimeBaseInit                         0x08006f0b   Thumb Code   104  stm32f4xx_tim.o(.text)
    TIM_TimeBaseStructInit                   0x08006f73   Thumb Code    18  stm32f4xx_tim.o(.text)
    TIM_PrescalerConfig                      0x08006f85   Thumb Code     6  stm32f4xx_tim.o(.text)
    TIM_CounterModeConfig                    0x08006f8b   Thumb Code    18  stm32f4xx_tim.o(.text)
    TIM_SetCounter                           0x08006f9d   Thumb Code     4  stm32f4xx_tim.o(.text)
    TIM_SetAutoreload                        0x08006fa1   Thumb Code     4  stm32f4xx_tim.o(.text)
    TIM_GetCounter                           0x08006fa5   Thumb Code     6  stm32f4xx_tim.o(.text)
    TIM_GetPrescaler                         0x08006fab   Thumb Code     6  stm32f4xx_tim.o(.text)
    TIM_UpdateDisableConfig                  0x08006fb1   Thumb Code    24  stm32f4xx_tim.o(.text)
    TIM_UpdateRequestConfig                  0x08006fc9   Thumb Code    24  stm32f4xx_tim.o(.text)
    TIM_ARRPreloadConfig                     0x08006fe1   Thumb Code    24  stm32f4xx_tim.o(.text)
    TIM_SelectOnePulseMode                   0x08006ff9   Thumb Code    18  stm32f4xx_tim.o(.text)
    TIM_SetClockDivision                     0x0800700b   Thumb Code    18  stm32f4xx_tim.o(.text)
    TIM_Cmd                                  0x0800701d   Thumb Code    24  stm32f4xx_tim.o(.text)
    TIM_OC1Init                              0x08007035   Thumb Code   114  stm32f4xx_tim.o(.text)
    TIM_OC2Init                              0x080070a7   Thumb Code   154  stm32f4xx_tim.o(.text)
    TIM_OC3Init                              0x08007141   Thumb Code   204  stm32f4xx_tim.o(.text)
    TIM_OC4Init                              0x0800720d   Thumb Code   112  stm32f4xx_tim.o(.text)
    TIM_OCStructInit                         0x0800727d   Thumb Code    20  stm32f4xx_tim.o(.text)
    TIM_SelectOCxM                           0x08007291   Thumb Code    86  stm32f4xx_tim.o(.text)
    TIM_SetCompare1                          0x080072e7   Thumb Code     4  stm32f4xx_tim.o(.text)
    TIM_SetCompare2                          0x080072eb   Thumb Code     4  stm32f4xx_tim.o(.text)
    TIM_SetCompare3                          0x080072ef   Thumb Code     4  stm32f4xx_tim.o(.text)
    TIM_SetCompare4                          0x080072f3   Thumb Code     4  stm32f4xx_tim.o(.text)
    TIM_ForcedOC1Config                      0x080072f7   Thumb Code    18  stm32f4xx_tim.o(.text)
    TIM_ForcedOC2Config                      0x08007309   Thumb Code    26  stm32f4xx_tim.o(.text)
    TIM_ForcedOC3Config                      0x08007323   Thumb Code    18  stm32f4xx_tim.o(.text)
    TIM_ForcedOC4Config                      0x08007335   Thumb Code    26  stm32f4xx_tim.o(.text)
    TIM_OC1PreloadConfig                     0x0800734f   Thumb Code    18  stm32f4xx_tim.o(.text)
    TIM_OC2PreloadConfig                     0x08007361   Thumb Code    26  stm32f4xx_tim.o(.text)
    TIM_OC3PreloadConfig                     0x0800737b   Thumb Code    18  stm32f4xx_tim.o(.text)
    TIM_OC4PreloadConfig                     0x0800738d   Thumb Code    26  stm32f4xx_tim.o(.text)
    TIM_OC1FastConfig                        0x080073a7   Thumb Code    18  stm32f4xx_tim.o(.text)
    TIM_OC2FastConfig                        0x080073b9   Thumb Code    26  stm32f4xx_tim.o(.text)
    TIM_OC3FastConfig                        0x080073d3   Thumb Code    18  stm32f4xx_tim.o(.text)
    TIM_OC4FastConfig                        0x080073e5   Thumb Code    26  stm32f4xx_tim.o(.text)
    TIM_ClearOC1Ref                          0x080073ff   Thumb Code    18  stm32f4xx_tim.o(.text)
    TIM_ClearOC2Ref                          0x08007411   Thumb Code    24  stm32f4xx_tim.o(.text)
    TIM_ClearOC3Ref                          0x08007429   Thumb Code    18  stm32f4xx_tim.o(.text)
    TIM_ClearOC4Ref                          0x0800743b   Thumb Code    24  stm32f4xx_tim.o(.text)
    TIM_OC1PolarityConfig                    0x08007453   Thumb Code    18  stm32f4xx_tim.o(.text)
    TIM_OC1NPolarityConfig                   0x08007465   Thumb Code    18  stm32f4xx_tim.o(.text)
    TIM_OC2PolarityConfig                    0x08007477   Thumb Code    26  stm32f4xx_tim.o(.text)
    TIM_OC2NPolarityConfig                   0x08007491   Thumb Code    26  stm32f4xx_tim.o(.text)
    TIM_OC3PolarityConfig                    0x080074ab   Thumb Code    26  stm32f4xx_tim.o(.text)
    TIM_OC3NPolarityConfig                   0x080074c5   Thumb Code    26  stm32f4xx_tim.o(.text)
    TIM_OC4PolarityConfig                    0x080074df   Thumb Code    26  stm32f4xx_tim.o(.text)
    TIM_CCxCmd                               0x080074f9   Thumb Code    30  stm32f4xx_tim.o(.text)
    TIM_CCxNCmd                              0x08007517   Thumb Code    30  stm32f4xx_tim.o(.text)
    TIM_SetIC4Prescaler                      0x08007535   Thumb Code    26  stm32f4xx_tim.o(.text)
    TIM_SetIC3Prescaler                      0x0800759f   Thumb Code    18  stm32f4xx_tim.o(.text)
    TIM_SetIC2Prescaler                      0x080075f9   Thumb Code    26  stm32f4xx_tim.o(.text)
    TIM_SetIC1Prescaler                      0x0800766d   Thumb Code    18  stm32f4xx_tim.o(.text)
    TIM_ICInit                               0x080076b9   Thumb Code   110  stm32f4xx_tim.o(.text)
    TIM_ICStructInit                         0x08007727   Thumb Code    18  stm32f4xx_tim.o(.text)
    TIM_PWMIConfig                           0x08007739   Thumb Code   124  stm32f4xx_tim.o(.text)
    TIM_GetCapture1                          0x080077b5   Thumb Code     6  stm32f4xx_tim.o(.text)
    TIM_GetCapture2                          0x080077bb   Thumb Code     6  stm32f4xx_tim.o(.text)
    TIM_GetCapture3                          0x080077c1   Thumb Code     6  stm32f4xx_tim.o(.text)
    TIM_GetCapture4                          0x080077c7   Thumb Code     6  stm32f4xx_tim.o(.text)
    TIM_BDTRConfig                           0x080077cd   Thumb Code    32  stm32f4xx_tim.o(.text)
    TIM_BDTRStructInit                       0x080077ed   Thumb Code    18  stm32f4xx_tim.o(.text)
    TIM_CtrlPWMOutputs                       0x080077ff   Thumb Code    30  stm32f4xx_tim.o(.text)
    TIM_SelectCOM                            0x0800781d   Thumb Code    24  stm32f4xx_tim.o(.text)
    TIM_CCPreloadControl                     0x08007835   Thumb Code    24  stm32f4xx_tim.o(.text)
    TIM_ITConfig                             0x0800784d   Thumb Code    18  stm32f4xx_tim.o(.text)
    TIM_GenerateEvent                        0x0800785f   Thumb Code     4  stm32f4xx_tim.o(.text)
    TIM_GetFlagStatus                        0x08007863   Thumb Code    18  stm32f4xx_tim.o(.text)
    TIM_ClearFlag                            0x08007875   Thumb Code     6  stm32f4xx_tim.o(.text)
    TIM_GetITStatus                          0x0800787b   Thumb Code    34  stm32f4xx_tim.o(.text)
    TIM_ClearITPendingBit                    0x0800789d   Thumb Code     6  stm32f4xx_tim.o(.text)
    TIM_DMAConfig                            0x080078a3   Thumb Code    10  stm32f4xx_tim.o(.text)
    TIM_DMACmd                               0x080078ad   Thumb Code    18  stm32f4xx_tim.o(.text)
    TIM_SelectCCDMA                          0x080078bf   Thumb Code    24  stm32f4xx_tim.o(.text)
    TIM_InternalClockConfig                  0x080078d7   Thumb Code    12  stm32f4xx_tim.o(.text)
    TIM_SelectInputTrigger                   0x080078e3   Thumb Code    18  stm32f4xx_tim.o(.text)
    TIM_ITRxExternalClockConfig              0x080078f5   Thumb Code    24  stm32f4xx_tim.o(.text)
    TIM_TIxExternalClockConfig               0x0800790d   Thumb Code    62  stm32f4xx_tim.o(.text)
    TIM_ETRConfig                            0x0800794b   Thumb Code    28  stm32f4xx_tim.o(.text)
    TIM_ETRClockMode1Config                  0x08007967   Thumb Code    54  stm32f4xx_tim.o(.text)
    TIM_ETRClockMode2Config                  0x0800799d   Thumb Code    32  stm32f4xx_tim.o(.text)
    TIM_SelectOutputTrigger                  0x080079bd   Thumb Code    18  stm32f4xx_tim.o(.text)
    TIM_SelectSlaveMode                      0x080079cf   Thumb Code    18  stm32f4xx_tim.o(.text)
    TIM_SelectMasterSlaveMode                0x080079e1   Thumb Code    18  stm32f4xx_tim.o(.text)
    TIM_EncoderInterfaceConfig               0x080079f3   Thumb Code    66  stm32f4xx_tim.o(.text)
    TIM_SelectHallSensor                     0x08007a35   Thumb Code    24  stm32f4xx_tim.o(.text)
    TIM_RemapConfig                          0x08007a4d   Thumb Code     6  stm32f4xx_tim.o(.text)
    USART_DeInit                             0x08007a55   Thumb Code   156  stm32f4xx_usart.o(.text)
    USART_Init                               0x08007af1   Thumb Code   204  stm32f4xx_usart.o(.text)
    USART_StructInit                         0x08007bbd   Thumb Code    24  stm32f4xx_usart.o(.text)
    USART_ClockInit                          0x08007bd5   Thumb Code    32  stm32f4xx_usart.o(.text)
    USART_ClockStructInit                    0x08007bf5   Thumb Code    12  stm32f4xx_usart.o(.text)
    USART_Cmd                                0x08007c01   Thumb Code    24  stm32f4xx_usart.o(.text)
    USART_SetPrescaler                       0x08007c19   Thumb Code    16  stm32f4xx_usart.o(.text)
    USART_OverSampling8Cmd                   0x08007c29   Thumb Code    22  stm32f4xx_usart.o(.text)
    USART_OneBitMethodCmd                    0x08007c3f   Thumb Code    24  stm32f4xx_usart.o(.text)
    USART_ClearFlag                          0x08007c57   Thumb Code    18  stm32f4xx_usart.o(.text)
    USART_GetFlagStatus                      0x08007c69   Thumb Code    26  stm32f4xx_usart.o(.text)
    USART_SendData                           0x08007c83   Thumb Code    44  stm32f4xx_usart.o(.text)
    USART_ReceiveData                        0x08007caf   Thumb Code    10  stm32f4xx_usart.o(.text)
    USART_SetAddress                         0x08007cb9   Thumb Code    18  stm32f4xx_usart.o(.text)
    USART_ReceiverWakeUpCmd                  0x08007ccb   Thumb Code    24  stm32f4xx_usart.o(.text)
    USART_WakeUpConfig                       0x08007ce3   Thumb Code    18  stm32f4xx_usart.o(.text)
    USART_LINBreakDetectLengthConfig         0x08007cf5   Thumb Code    18  stm32f4xx_usart.o(.text)
    USART_LINCmd                             0x08007d07   Thumb Code    24  stm32f4xx_usart.o(.text)
    USART_SendBreak                          0x08007d1f   Thumb Code    10  stm32f4xx_usart.o(.text)
    USART_HalfDuplexCmd                      0x08007d29   Thumb Code    24  stm32f4xx_usart.o(.text)
    USART_SetGuardTime                       0x08007d41   Thumb Code    16  stm32f4xx_usart.o(.text)
    USART_SmartCardCmd                       0x08007d51   Thumb Code    24  stm32f4xx_usart.o(.text)
    USART_SmartCardNACKCmd                   0x08007d69   Thumb Code    24  stm32f4xx_usart.o(.text)
    USART_IrDAConfig                         0x08007d81   Thumb Code    18  stm32f4xx_usart.o(.text)
    USART_IrDACmd                            0x08007d93   Thumb Code    24  stm32f4xx_usart.o(.text)
    USART_DMACmd                             0x08007dab   Thumb Code    18  stm32f4xx_usart.o(.text)
    USART_ITConfig                           0x08007dbd   Thumb Code    74  stm32f4xx_usart.o(.text)
    USART_GetITStatus                        0x08007e07   Thumb Code   110  stm32f4xx_usart.o(.text)
    USART_ClearITPendingBit                  0x08007e75   Thumb Code    30  stm32f4xx_usart.o(.text)
    CAN_DeInit                               0x08007e95   Thumb Code    50  stm32f4xx_can.o(.text)
    CAN_Init                                 0x08007ec7   Thumb Code   276  stm32f4xx_can.o(.text)
    CAN_FilterInit                           0x08007fdb   Thumb Code   258  stm32f4xx_can.o(.text)
    CAN_StructInit                           0x080080dd   Thumb Code    32  stm32f4xx_can.o(.text)
    CAN_SlaveStartBank                       0x080080fd   Thumb Code    48  stm32f4xx_can.o(.text)
    CAN_DBGFreeze                            0x0800812d   Thumb Code    22  stm32f4xx_can.o(.text)
    CAN_TTComModeCmd                         0x08008143   Thumb Code   118  stm32f4xx_can.o(.text)
    CAN_Transmit                             0x080081b9   Thumb Code   304  stm32f4xx_can.o(.text)
    CAN_TransmitStatus                       0x080082e9   Thumb Code   138  stm32f4xx_can.o(.text)
    CAN_CancelTransmit                       0x08008373   Thumb Code    48  stm32f4xx_can.o(.text)
    CAN_Receive                              0x080083a3   Thumb Code   240  stm32f4xx_can.o(.text)
    CAN_FIFORelease                          0x08008493   Thumb Code    22  stm32f4xx_can.o(.text)
    CAN_MessagePending                       0x080084a9   Thumb Code    30  stm32f4xx_can.o(.text)
    CAN_OperatingModeRequest                 0x080084c7   Thumb Code   162  stm32f4xx_can.o(.text)
    CAN_Sleep                                0x08008569   Thumb Code    30  stm32f4xx_can.o(.text)
    CAN_WakeUp                               0x08008587   Thumb Code    48  stm32f4xx_can.o(.text)
    CAN_GetLastErrorCode                     0x080085b7   Thumb Code    12  stm32f4xx_can.o(.text)
    CAN_GetReceiveErrorCounter               0x080085c3   Thumb Code    10  stm32f4xx_can.o(.text)
    CAN_GetLSBTransmitErrorCounter           0x080085cd   Thumb Code    12  stm32f4xx_can.o(.text)
    CAN_ITConfig                             0x080085d9   Thumb Code    18  stm32f4xx_can.o(.text)
    CAN_GetFlagStatus                        0x080085eb   Thumb Code   120  stm32f4xx_can.o(.text)
    CAN_ClearFlag                            0x08008663   Thumb Code    52  stm32f4xx_can.o(.text)
    CAN_GetITStatus                          0x080086a9   Thumb Code   310  stm32f4xx_can.o(.text)
    CAN_ClearITPendingBit                    0x080087df   Thumb Code   162  stm32f4xx_can.o(.text)
    vsprintf                                 0x08008885   Thumb Code    32  vsprintf.o(.text)
    _printf_str                              0x080088a9   Thumb Code    82  _printf_str.o(.text)
    __printf                                 0x080088fd   Thumb Code   388  __printf_flags_ss_wp.o(.text)
    strlen                                   0x08008a85   Thumb Code    62  strlen.o(.text)
    __aeabi_memcpy4                          0x08008ac3   Thumb Code     0  rt_memcpy_w.o(.text)
    __aeabi_memcpy8                          0x08008ac3   Thumb Code     0  rt_memcpy_w.o(.text)
    __rt_memcpy_w                            0x08008ac3   Thumb Code   100  rt_memcpy_w.o(.text)
    _memcpy_lastbytes_aligned                0x08008b0b   Thumb Code     0  rt_memcpy_w.o(.text)
    __use_two_region_memory                  0x08008b27   Thumb Code     2  heapauxi.o(.text)
    __rt_heap_escrow$2region                 0x08008b29   Thumb Code     2  heapauxi.o(.text)
    __rt_heap_expand$2region                 0x08008b2b   Thumb Code     2  heapauxi.o(.text)
    __read_errno                             0x08008b2d   Thumb Code    10  _rserrno.o(.text)
    __set_errno                              0x08008b37   Thumb Code    12  _rserrno.o(.text)
    _printf_pre_padding                      0x08008b43   Thumb Code    44  _printf_pad.o(.text)
    _printf_post_padding                     0x08008b6f   Thumb Code    34  _printf_pad.o(.text)
    _printf_truncate_signed                  0x08008b91   Thumb Code    18  _printf_truncate.o(.text)
    _printf_truncate_unsigned                0x08008ba3   Thumb Code    18  _printf_truncate.o(.text)
    _printf_int_dec                          0x08008bb5   Thumb Code   104  _printf_dec.o(.text)
    _printf_charcount                        0x08008c2d   Thumb Code    40  _printf_charcount.o(.text)
    _printf_char_common                      0x08008c5f   Thumb Code    32  _printf_char_common.o(.text)
    _sputc                                   0x08008c85   Thumb Code    10  _sputc.o(.text)
    _printf_cs_common                        0x08008c8f   Thumb Code    20  _printf_char.o(.text)
    _printf_char                             0x08008ca3   Thumb Code    16  _printf_char.o(.text)
    _printf_string                           0x08008cb3   Thumb Code     8  _printf_char.o(.text)
    _printf_wctomb                           0x08008cbd   Thumb Code   182  _printf_wctomb.o(.text)
    _printf_longlong_dec                     0x08008d79   Thumb Code   108  _printf_longlong_dec.o(.text)
    _printf_longlong_oct                     0x08008df5   Thumb Code    68  _printf_oct_int_ll.o(.text)
    _printf_int_oct                          0x08008e39   Thumb Code    24  _printf_oct_int_ll.o(.text)
    _printf_ll_oct                           0x08008e51   Thumb Code    12  _printf_oct_int_ll.o(.text)
    _printf_longlong_hex                     0x08008e65   Thumb Code    86  _printf_hex_int_ll_ptr.o(.text)
    _printf_int_hex                          0x08008ebb   Thumb Code    28  _printf_hex_int_ll_ptr.o(.text)
    _printf_ll_hex                           0x08008ed7   Thumb Code    12  _printf_hex_int_ll_ptr.o(.text)
    _printf_hex_ptr                          0x08008ee3   Thumb Code    18  _printf_hex_int_ll_ptr.o(.text)
    __aeabi_errno_addr                       0x08008ef9   Thumb Code     8  rt_errno_addr_intlibspace.o(.text)
    __errno$intlibspace                      0x08008ef9   Thumb Code     0  rt_errno_addr_intlibspace.o(.text)
    __rt_errno_addr$intlibspace              0x08008ef9   Thumb Code     0  rt_errno_addr_intlibspace.o(.text)
    _ll_udiv10                               0x08008f01   Thumb Code   138  lludiv10.o(.text)
    _printf_int_common                       0x08008f8b   Thumb Code   178  _printf_intcommon.o(.text)
    __lib_sel_fp_printf                      0x0800903d   Thumb Code     2  _printf_fp_dec.o(.text)
    _printf_fp_dec_real                      0x080091eb   Thumb Code   620  _printf_fp_dec.o(.text)
    _printf_fp_hex_real                      0x08009459   Thumb Code   756  _printf_fp_hex.o(.text)
    _printf_lcs_common                       0x08009755   Thumb Code    20  _printf_wchar.o(.text)
    _printf_wchar                            0x08009769   Thumb Code    16  _printf_wchar.o(.text)
    _printf_wstring                          0x08009779   Thumb Code     8  _printf_wchar.o(.text)
    _wcrtomb                                 0x08009781   Thumb Code    64  _wcrtomb.o(.text)
    __user_libspace                          0x080097c1   Thumb Code     8  libspace.o(.text)
    __user_perproc_libspace                  0x080097c1   Thumb Code     0  libspace.o(.text)
    __user_perthread_libspace                0x080097c1   Thumb Code     0  libspace.o(.text)
    __user_setup_stackheap                   0x080097c9   Thumb Code    74  sys_stackheap_outer.o(.text)
    __rt_ctype_table                         0x08009815   Thumb Code    16  rt_ctype_table.o(.text)
    __rt_locale                              0x08009825   Thumb Code     8  rt_locale_intlibspace.o(.text)
    _printf_fp_infnan                        0x0800982d   Thumb Code   112  _printf_fp_infnan.o(.text)
    _btod_etento                             0x080098ad   Thumb Code   216  bigflt0.o(.text)
    exit                                     0x08009989   Thumb Code    18  exit.o(.text)
    strcmp                                   0x0800999d   Thumb Code   128  strcmpv7m.o(.text)
    _sys_exit                                0x08009a1d   Thumb Code     8  sys_exit.o(.text)
    __I$use$semihosting                      0x08009a29   Thumb Code     0  use_no_semi.o(.text)
    __use_no_semihosting_swi                 0x08009a29   Thumb Code     2  use_no_semi.o(.text)
    __semihosting_library_function           0x08009a2b   Thumb Code     0  indicate_semi.o(.text)
    _btod_d2e                                0x08009a2b   Thumb Code    62  btod.o(CL$$btod_d2e)
    _d2e_denorm_low                          0x08009a69   Thumb Code    70  btod.o(CL$$btod_d2e_denorm_low)
    _d2e_norm_op1                            0x08009aaf   Thumb Code    96  btod.o(CL$$btod_d2e_norm_op1)
    __btod_div_common                        0x08009b0f   Thumb Code   696  btod.o(CL$$btod_div_common)
    _e2e                                     0x08009e47   Thumb Code   198  btod.o(CL$$btod_e2e)
    _btod_ediv                               0x08009f0d   Thumb Code    40  btod.o(CL$$btod_ediv)
    _btod_emul                               0x08009f35   Thumb Code    40  btod.o(CL$$btod_emul)
    __btod_mult_common                       0x08009f5d   Thumb Code   580  btod.o(CL$$btod_mult_common)
    __ARM_fpclassify                         0x0800a1a1   Thumb Code    40  fpclassify.o(i.__ARM_fpclassify)
    __ARM_fpclassifyf                        0x0800a1c9   Thumb Code    38  fpclassifyf.o(i.__ARM_fpclassifyf)
    __mathlib_flt_infnan2                    0x0800a1ef   Thumb Code     4  funder.o(i.__mathlib_flt_infnan2)
    __mathlib_flt_underflow                  0x0800a1f3   Thumb Code    10  funder.o(i.__mathlib_flt_underflow)
    _is_digit                                0x0800a1fd   Thumb Code    14  __printf_wp.o(i._is_digit)
    atan2f                                   0x0800a20d   Thumb Code   528  atan2f.o(i.atan2f)
    sqrtf                                    0x0800a469   Thumb Code    44  sqrtf.o(i.sqrtf)
    _get_lc_numeric                          0x0800a495   Thumb Code    44  lc_numeric_c.o(locale$$code)
    _get_lc_ctype                            0x0800a4c1   Thumb Code    44  lc_ctype_c.o(locale$$code)
    __aeabi_d2f                              0x0800a4ed   Thumb Code     0  d2f.o(x$fpl$d2f)
    _d2f                                     0x0800a4ed   Thumb Code    98  d2f.o(x$fpl$d2f)
    __aeabi_dadd                             0x0800a551   Thumb Code     0  daddsub_clz.o(x$fpl$dadd)
    _dadd                                    0x0800a551   Thumb Code   332  daddsub_clz.o(x$fpl$dadd)
    __fpl_dcmp_Inf                           0x0800a6a1   Thumb Code    24  dcmpi.o(x$fpl$dcmpinf)
    __aeabi_ddiv                             0x0800a6b9   Thumb Code     0  ddiv.o(x$fpl$ddiv)
    _ddiv                                    0x0800a6b9   Thumb Code   552  ddiv.o(x$fpl$ddiv)
    __aeabi_i2d                              0x0800a969   Thumb Code     0  dflt_clz.o(x$fpl$dflt)
    _dflt                                    0x0800a969   Thumb Code    46  dflt_clz.o(x$fpl$dflt)
    __aeabi_cdcmple                          0x0800a999   Thumb Code     0  dleqf.o(x$fpl$dleqf)
    _dcmple                                  0x0800a999   Thumb Code   120  dleqf.o(x$fpl$dleqf)
    __fpl_dcmple_InfNaN                      0x0800a9fb   Thumb Code     0  dleqf.o(x$fpl$dleqf)
    __aeabi_dmul                             0x0800aa11   Thumb Code     0  dmul.o(x$fpl$dmul)
    _dmul                                    0x0800aa11   Thumb Code   332  dmul.o(x$fpl$dmul)
    __fpl_dnaninf                            0x0800ab65   Thumb Code   156  dnaninf.o(x$fpl$dnaninf)
    __fpl_dretinf                            0x0800ac01   Thumb Code    12  dretinf.o(x$fpl$dretinf)
    __aeabi_cdrcmple                         0x0800ac0d   Thumb Code     0  drleqf.o(x$fpl$drleqf)
    _drcmple                                 0x0800ac0d   Thumb Code   108  drleqf.o(x$fpl$drleqf)
    __aeabi_drsub                            0x0800ac79   Thumb Code     0  daddsub_clz.o(x$fpl$drsb)
    _drsb                                    0x0800ac79   Thumb Code    22  daddsub_clz.o(x$fpl$drsb)
    __aeabi_dsub                             0x0800ac91   Thumb Code     0  daddsub_clz.o(x$fpl$dsub)
    _dsub                                    0x0800ac91   Thumb Code   464  daddsub_clz.o(x$fpl$dsub)
    __aeabi_f2d                              0x0800ae65   Thumb Code     0  f2d.o(x$fpl$f2d)
    _f2d                                     0x0800ae65   Thumb Code    86  f2d.o(x$fpl$f2d)
    __aeabi_fadd                             0x0800aebd   Thumb Code     0  faddsub_clz.o(x$fpl$fadd)
    _fadd                                    0x0800aebd   Thumb Code   196  faddsub_clz.o(x$fpl$fadd)
    __fpl_fcheck_NaN1                        0x0800af81   Thumb Code     6  fcheck1.o(x$fpl$fcheck1)
    __fpl_fcmp_Inf                           0x0800af8d   Thumb Code    24  fcmpi.o(x$fpl$fcmpinf)
    __aeabi_fdiv                             0x0800afa5   Thumb Code     0  fdiv.o(x$fpl$fdiv)
    _fdiv                                    0x0800afa5   Thumb Code   384  fdiv.o(x$fpl$fdiv)
    __aeabi_f2iz                             0x0800b129   Thumb Code     0  ffix.o(x$fpl$ffix)
    _ffix                                    0x0800b129   Thumb Code    54  ffix.o(x$fpl$ffix)
    __aeabi_f2uiz                            0x0800b161   Thumb Code     0  ffixu.o(x$fpl$ffixu)
    _ffixu                                   0x0800b161   Thumb Code    62  ffixu.o(x$fpl$ffixu)
    __aeabi_i2f                              0x0800b1a1   Thumb Code     0  fflt_clz.o(x$fpl$fflt)
    _fflt                                    0x0800b1a1   Thumb Code    48  fflt_clz.o(x$fpl$fflt)
    __aeabi_cfcmple                          0x0800b1d1   Thumb Code     0  fleqf.o(x$fpl$fleqf)
    _fcmple                                  0x0800b1d1   Thumb Code   104  fleqf.o(x$fpl$fleqf)
    __fpl_fcmple_InfNaN                      0x0800b223   Thumb Code     0  fleqf.o(x$fpl$fleqf)
    __aeabi_fmul                             0x0800b239   Thumb Code     0  fmul.o(x$fpl$fmul)
    _fmul                                    0x0800b239   Thumb Code   258  fmul.o(x$fpl$fmul)
    __fpl_fnaninf                            0x0800b33b   Thumb Code   140  fnaninf.o(x$fpl$fnaninf)
    __fpl_fretinf                            0x0800b3c7   Thumb Code    10  fretinf.o(x$fpl$fretinf)
    __aeabi_cfrcmple                         0x0800b3d1   Thumb Code     0  frleqf.o(x$fpl$frleqf)
    _frcmple                                 0x0800b3d1   Thumb Code    98  frleqf.o(x$fpl$frleqf)
    __aeabi_frsub                            0x0800b433   Thumb Code     0  faddsub_clz.o(x$fpl$frsb)
    _frsb                                    0x0800b433   Thumb Code    20  faddsub_clz.o(x$fpl$frsb)
    _fsqrt                                   0x0800b449   Thumb Code   272  fsqrt.o(x$fpl$fsqrt)
    __aeabi_fsub                             0x0800b559   Thumb Code     0  faddsub_clz.o(x$fpl$fsub)
    _fsub                                    0x0800b559   Thumb Code   234  faddsub_clz.o(x$fpl$fsub)
    _printf_fp_dec                           0x0800b643   Thumb Code     4  printf1.o(x$fpl$printf1)
    _printf_fp_hex                           0x0800b647   Thumb Code     4  printf2.o(x$fpl$printf2)
    __fpl_return_NaN                         0x0800b64b   Thumb Code   100  retnan.o(x$fpl$retnan)
    __ARM_scalbnf                            0x0800b6af   Thumb Code    76  scalbnf.o(x$fpl$scalbnf)
    __fpl_cmpreturn                          0x0800b6fb   Thumb Code    48  trapv.o(x$fpl$trapveneer)
    __I$use$fp                               0x0800b72a   Number         0  usenofp.o(x$fpl$usenofp)
    OSDebugEn                                0x0800b83c   Data           2  os_dbg.o(.constdata)
    OSEndiannessTest                         0x0800b840   Data           4  os_dbg.o(.constdata)
    OSEventEn                                0x0800b844   Data           2  os_dbg.o(.constdata)
    OSEventMax                               0x0800b846   Data           2  os_dbg.o(.constdata)
    OSEventNameEn                            0x0800b848   Data           2  os_dbg.o(.constdata)
    OSEventSize                              0x0800b84a   Data           2  os_dbg.o(.constdata)
    OSEventTblSize                           0x0800b84c   Data           2  os_dbg.o(.constdata)
    OSEventMultiEn                           0x0800b84e   Data           2  os_dbg.o(.constdata)
    OSFlagEn                                 0x0800b850   Data           2  os_dbg.o(.constdata)
    OSFlagGrpSize                            0x0800b852   Data           2  os_dbg.o(.constdata)
    OSFlagNodeSize                           0x0800b854   Data           2  os_dbg.o(.constdata)
    OSFlagWidth                              0x0800b856   Data           2  os_dbg.o(.constdata)
    OSFlagMax                                0x0800b858   Data           2  os_dbg.o(.constdata)
    OSFlagNameEn                             0x0800b85a   Data           2  os_dbg.o(.constdata)
    OSLowestPrio                             0x0800b85c   Data           2  os_dbg.o(.constdata)
    OSMboxEn                                 0x0800b85e   Data           2  os_dbg.o(.constdata)
    OSMemEn                                  0x0800b860   Data           2  os_dbg.o(.constdata)
    OSMemMax                                 0x0800b862   Data           2  os_dbg.o(.constdata)
    OSMemNameEn                              0x0800b864   Data           2  os_dbg.o(.constdata)
    OSMemSize                                0x0800b866   Data           2  os_dbg.o(.constdata)
    OSMemTblSize                             0x0800b868   Data           2  os_dbg.o(.constdata)
    OSMutexEn                                0x0800b86a   Data           2  os_dbg.o(.constdata)
    OSPtrSize                                0x0800b86c   Data           2  os_dbg.o(.constdata)
    OSQEn                                    0x0800b86e   Data           2  os_dbg.o(.constdata)
    OSQMax                                   0x0800b870   Data           2  os_dbg.o(.constdata)
    OSQSize                                  0x0800b872   Data           2  os_dbg.o(.constdata)
    OSRdyTblSize                             0x0800b874   Data           2  os_dbg.o(.constdata)
    OSSemEn                                  0x0800b876   Data           2  os_dbg.o(.constdata)
    OSStkWidth                               0x0800b878   Data           2  os_dbg.o(.constdata)
    OSTaskCreateEn                           0x0800b87a   Data           2  os_dbg.o(.constdata)
    OSTaskCreateExtEn                        0x0800b87c   Data           2  os_dbg.o(.constdata)
    OSTaskDelEn                              0x0800b87e   Data           2  os_dbg.o(.constdata)
    OSTaskIdleStkSize                        0x0800b880   Data           2  os_dbg.o(.constdata)
    OSTaskProfileEn                          0x0800b882   Data           2  os_dbg.o(.constdata)
    OSTaskMax                                0x0800b884   Data           2  os_dbg.o(.constdata)
    OSTaskNameEn                             0x0800b886   Data           2  os_dbg.o(.constdata)
    OSTaskStatEn                             0x0800b888   Data           2  os_dbg.o(.constdata)
    OSTaskStatStkSize                        0x0800b88a   Data           2  os_dbg.o(.constdata)
    OSTaskStatStkChkEn                       0x0800b88c   Data           2  os_dbg.o(.constdata)
    OSTaskSwHookEn                           0x0800b88e   Data           2  os_dbg.o(.constdata)
    OSTaskRegTblSize                         0x0800b890   Data           2  os_dbg.o(.constdata)
    OSTCBPrioTblMax                          0x0800b892   Data           2  os_dbg.o(.constdata)
    OSTCBSize                                0x0800b894   Data           2  os_dbg.o(.constdata)
    OSTicksPerSec                            0x0800b896   Data           2  os_dbg.o(.constdata)
    OSTimeTickHookEn                         0x0800b898   Data           2  os_dbg.o(.constdata)
    OSVersionNbr                             0x0800b89a   Data           2  os_dbg.o(.constdata)
    OSTmrEn                                  0x0800b89c   Data           2  os_dbg.o(.constdata)
    OSTmrCfgMax                              0x0800b89e   Data           2  os_dbg.o(.constdata)
    OSTmrCfgNameEn                           0x0800b8a0   Data           2  os_dbg.o(.constdata)
    OSTmrCfgWheelSize                        0x0800b8a2   Data           2  os_dbg.o(.constdata)
    OSTmrCfgTicksPerSec                      0x0800b8a4   Data           2  os_dbg.o(.constdata)
    OSTmrSize                                0x0800b8a6   Data           2  os_dbg.o(.constdata)
    OSTmrTblSize                             0x0800b8a8   Data           2  os_dbg.o(.constdata)
    OSTmrWheelSize                           0x0800b8aa   Data           2  os_dbg.o(.constdata)
    OSTmrWheelTblSize                        0x0800b8ac   Data           2  os_dbg.o(.constdata)
    OSDataSize                               0x0800b8ae   Data           2  os_dbg.o(.constdata)
    OSUnMapTbl                               0x0800b8b0   Data         256  os_core.o(.constdata)
    Region$$Table$$Base                      0x0800bab0   Number         0  anon$$obj.o(Region$$Table)
    Region$$Table$$Limit                     0x0800bad0   Number         0  anon$$obj.o(Region$$Table)
    __ctype                                  0x0800baf9   Data           0  lc_ctype_c.o(locale$$data)
    PeriodSem                                0x20000000   Data           4  task.o(.data)
    launcherStatus                           0x20000004   Data           1  task.o(.data)
    pos                                      0x20000008   Data           2  stm32f4xx_it.o(.data)
    vell                                     0x2000000a   Data           2  stm32f4xx_it.o(.data)
    msg                                      0x2000000c   Data           8  stm32f4xx_it.o(.data)
    encoder_right                            0x20000014   Data           2  stm32f4xx_it.o(.data)
    encoder_left                             0x20000016   Data           2  stm32f4xx_it.o(.data)
    vell_right                               0x20000018   Data           2  stm32f4xx_it.o(.data)
    vell_left                                0x2000001a   Data           2  stm32f4xx_it.o(.data)
    speed                                    0x2000001c   Data           4  stm32f4xx_it.o(.data)
    launcherPos                              0x20000020   Data           4  stm32f4xx_it.o(.data)
    USART5_RX_STA                            0x20000060   Data           2  usart.o(.data)
    SystemCoreClock                          0x20000084   Data           4  system_stm32f4xx.o(.data)
    AHBPrescTable                            0x20000088   Data          16  system_stm32f4xx.o(.data)
    OS_CPU_ExceptStkBase                     0x20000098   Data           4  os_cpu_c.o(.data)
    OSCtxSwCtr                               0x200000a0   Data           4  os_core.o(.data)
    OSEventFreeList                          0x200000a4   Data           4  os_core.o(.data)
    OSFlagFreeList                           0x200000a8   Data           4  os_core.o(.data)
    OSCPUUsage                               0x200000ac   Data           1  os_core.o(.data)
    OSIdleCtrMax                             0x200000b0   Data           4  os_core.o(.data)
    OSIdleCtrRun                             0x200000b4   Data           4  os_core.o(.data)
    OSStatRdy                                0x200000b8   Data           1  os_core.o(.data)
    OSIntNesting                             0x200000b9   Data           1  os_core.o(.data)
    OSLockNesting                            0x200000ba   Data           1  os_core.o(.data)
    OSPrioCur                                0x200000bb   Data           1  os_core.o(.data)
    OSPrioHighRdy                            0x200000bc   Data           1  os_core.o(.data)
    OSRdyGrp                                 0x200000bd   Data           1  os_core.o(.data)
    OSRdyTbl                                 0x200000be   Data           8  os_core.o(.data)
    OSRunning                                0x200000c6   Data           1  os_core.o(.data)
    OSTaskCtr                                0x200000c7   Data           1  os_core.o(.data)
    OSIdleCtr                                0x200000c8   Data           4  os_core.o(.data)
    OSTCBCur                                 0x200000cc   Data           4  os_core.o(.data)
    OSTCBFreeList                            0x200000d0   Data           4  os_core.o(.data)
    OSTCBHighRdy                             0x200000d4   Data           4  os_core.o(.data)
    OSTCBList                                0x200000d8   Data           4  os_core.o(.data)
    OSTickStepState                          0x200000dc   Data           1  os_core.o(.data)
    OSMemFreeList                            0x200000e0   Data           4  os_core.o(.data)
    OSQFreeList                              0x200000e4   Data           4  os_core.o(.data)
    OSTime                                   0x200000e8   Data           4  os_core.o(.data)
    OSTmrFree                                0x200000ec   Data           2  os_core.o(.data)
    OSTmrUsed                                0x200000ee   Data           2  os_core.o(.data)
    OSTmrTime                                0x200000f0   Data           4  os_core.o(.data)
    OSTmrSem                                 0x200000f4   Data           4  os_core.o(.data)
    OSTmrSemSignal                           0x200000f8   Data           4  os_core.o(.data)
    OSTmrFreeList                            0x200000fc   Data           4  os_core.o(.data)
    position                                 0x20012910   Data          16  stm32f4xx_it.o(.bss)
    roll                                     0x20012920   Data          28  stm32f4xx_it.o(.bss)
    pitch                                    0x2001293c   Data          28  stm32f4xx_it.o(.bss)
    yaw                                      0x20012958   Data          28  stm32f4xx_it.o(.bss)
    speed1                                   0x20012974   Data          28  stm32f4xx_it.o(.bss)
    speed2                                   0x20012990   Data          28  stm32f4xx_it.o(.bss)
    USART5_TX_BUF                            0x200129d0   Data         400  usart.o(.bss)
    USART5_RX_BUF                            0x20012b60   Data         400  usart.o(.bss)
    OS_CPU_ExceptStk                         0x20012cf0   Data         512  os_cpu_c.o(.bss)
    OSEventTbl                               0x20012ef0   Data        1440  os_core.o(.bss)
    OSFlagTbl                                0x20013490   Data          80  os_core.o(.bss)
    OSTaskStatStk                            0x200134e0   Data         512  os_core.o(.bss)
    OSTaskIdleStk                            0x200136e0   Data         512  os_core.o(.bss)
    OSTCBPrioTbl                             0x200138e0   Data         256  os_core.o(.bss)
    OSTCBTbl                                 0x200139e0   Data        2816  os_core.o(.bss)
    OSMemTbl                                 0x200144e0   Data         120  os_core.o(.bss)
    OSQTbl                                   0x20014558   Data          96  os_core.o(.bss)
    OSTmrTbl                                 0x200145b8   Data         640  os_core.o(.bss)
    OSTmrTaskStk                             0x20014838   Data         512  os_core.o(.bss)
    OSTmrWheelTbl                            0x20014a38   Data          64  os_core.o(.bss)
    __libspace_start                         0x20014a78   Data          96  libspace.o(.bss)
    __temporary_stack_top$libspace           0x20014ad8   Data           0  libspace.o(.bss)



==============================================================================

Memory Map of the image

  Image Entry point : 0x08000189

  Load Region LR_IROM1 (Base: 0x08000000, Size: 0x0000bd0c, Max: 0x00080000, ABSOLUTE)

    Execution Region ER_IROM1 (Base: 0x08000000, Size: 0x0000bbfc, Max: 0x00080000, ABSOLUTE)

    Base Addr    Size         Type   Attr      Idx    E Section Name        Object

    0x08000000   0x00000188   Data   RO          501    RESET               startup_stm32f4xx.o
    0x08000188   0x00000008   Code   RO          950  * !!!main             c_w.l(__main.o)
    0x08000190   0x00000034   Code   RO         1362    !!!scatter          c_w.l(__scatter.o)
    0x080001c4   0x0000001a   Code   RO         1364    !!handler_copy      c_w.l(__scatter_copy.o)
    0x080001de   0x00000002   PAD
    0x080001e0   0x0000001c   Code   RO         1366    !!handler_zi        c_w.l(__scatter_zi.o)
    0x080001fc   0x00000000   Code   RO          941    .ARM.Collect$$_printf_percent$$00000000  c_w.l(_printf_percent.o)
    0x080001fc   0x00000006   Code   RO         1074    .ARM.Collect$$_printf_percent$$00000001  c_w.l(_printf_n.o)
    0x08000202   0x00000006   Code   RO         1076    .ARM.Collect$$_printf_percent$$00000002  c_w.l(_printf_p.o)
    0x08000208   0x00000006   Code   RO         1081    .ARM.Collect$$_printf_percent$$00000003  c_w.l(_printf_f.o)
    0x0800020e   0x00000006   Code   RO         1082    .ARM.Collect$$_printf_percent$$00000004  c_w.l(_printf_e.o)
    0x08000214   0x00000006   Code   RO         1083    .ARM.Collect$$_printf_percent$$00000005  c_w.l(_printf_g.o)
    0x0800021a   0x00000006   Code   RO         1084    .ARM.Collect$$_printf_percent$$00000006  c_w.l(_printf_a.o)
    0x08000220   0x0000000a   Code   RO         1089    .ARM.Collect$$_printf_percent$$00000007  c_w.l(_printf_ll.o)
    0x0800022a   0x00000006   Code   RO         1078    .ARM.Collect$$_printf_percent$$00000008  c_w.l(_printf_i.o)
    0x08000230   0x00000006   Code   RO         1079    .ARM.Collect$$_printf_percent$$00000009  c_w.l(_printf_d.o)
    0x08000236   0x00000006   Code   RO         1080    .ARM.Collect$$_printf_percent$$0000000A  c_w.l(_printf_u.o)
    0x0800023c   0x00000006   Code   RO         1077    .ARM.Collect$$_printf_percent$$0000000B  c_w.l(_printf_o.o)
    0x08000242   0x00000006   Code   RO         1075    .ARM.Collect$$_printf_percent$$0000000C  c_w.l(_printf_x.o)
    0x08000248   0x00000006   Code   RO         1086    .ARM.Collect$$_printf_percent$$0000000D  c_w.l(_printf_lli.o)
    0x0800024e   0x00000006   Code   RO         1087    .ARM.Collect$$_printf_percent$$0000000E  c_w.l(_printf_lld.o)
    0x08000254   0x00000006   Code   RO         1088    .ARM.Collect$$_printf_percent$$0000000F  c_w.l(_printf_llu.o)
    0x0800025a   0x00000006   Code   RO         1093    .ARM.Collect$$_printf_percent$$00000010  c_w.l(_printf_llo.o)
    0x08000260   0x00000006   Code   RO         1094    .ARM.Collect$$_printf_percent$$00000011  c_w.l(_printf_llx.o)
    0x08000266   0x0000000a   Code   RO         1090    .ARM.Collect$$_printf_percent$$00000012  c_w.l(_printf_l.o)
    0x08000270   0x00000006   Code   RO         1073    .ARM.Collect$$_printf_percent$$00000013  c_w.l(_printf_c.o)
    0x08000276   0x00000006   Code   RO          940    .ARM.Collect$$_printf_percent$$00000014  c_w.l(_printf_s.o)
    0x0800027c   0x00000006   Code   RO         1091    .ARM.Collect$$_printf_percent$$00000015  c_w.l(_printf_lc.o)
    0x08000282   0x00000006   Code   RO         1092    .ARM.Collect$$_printf_percent$$00000016  c_w.l(_printf_ls.o)
    0x08000288   0x00000004   Code   RO         1085    .ARM.Collect$$_printf_percent$$00000017  c_w.l(_printf_percent_end.o)
    0x0800028c   0x00000002   Code   RO         1220    .ARM.Collect$$libinit$$00000000  c_w.l(libinit.o)
    0x0800028e   0x00000000   Code   RO         1235    .ARM.Collect$$libinit$$00000002  c_w.l(libinit2.o)
    0x0800028e   0x00000000   Code   RO         1237    .ARM.Collect$$libinit$$00000004  c_w.l(libinit2.o)
    0x0800028e   0x00000000   Code   RO         1240    .ARM.Collect$$libinit$$0000000A  c_w.l(libinit2.o)
    0x0800028e   0x00000000   Code   RO         1242    .ARM.Collect$$libinit$$0000000C  c_w.l(libinit2.o)
    0x0800028e   0x00000000   Code   RO         1244    .ARM.Collect$$libinit$$0000000E  c_w.l(libinit2.o)
    0x0800028e   0x00000006   Code   RO         1245    .ARM.Collect$$libinit$$0000000F  c_w.l(libinit2.o)
    0x08000294   0x00000000   Code   RO         1247    .ARM.Collect$$libinit$$00000011  c_w.l(libinit2.o)
    0x08000294   0x0000000c   Code   RO         1248    .ARM.Collect$$libinit$$00000012  c_w.l(libinit2.o)
    0x080002a0   0x00000000   Code   RO         1249    .ARM.Collect$$libinit$$00000013  c_w.l(libinit2.o)
    0x080002a0   0x00000000   Code   RO         1251    .ARM.Collect$$libinit$$00000015  c_w.l(libinit2.o)
    0x080002a0   0x0000000a   Code   RO         1252    .ARM.Collect$$libinit$$00000016  c_w.l(libinit2.o)
    0x080002aa   0x00000000   Code   RO         1253    .ARM.Collect$$libinit$$00000017  c_w.l(libinit2.o)
    0x080002aa   0x00000000   Code   RO         1255    .ARM.Collect$$libinit$$00000019  c_w.l(libinit2.o)
    0x080002aa   0x00000000   Code   RO         1257    .ARM.Collect$$libinit$$0000001B  c_w.l(libinit2.o)
    0x080002aa   0x00000000   Code   RO         1259    .ARM.Collect$$libinit$$0000001D  c_w.l(libinit2.o)
    0x080002aa   0x00000000   Code   RO         1261    .ARM.Collect$$libinit$$0000001F  c_w.l(libinit2.o)
    0x080002aa   0x00000000   Code   RO         1263    .ARM.Collect$$libinit$$00000021  c_w.l(libinit2.o)
    0x080002aa   0x00000000   Code   RO         1265    .ARM.Collect$$libinit$$00000023  c_w.l(libinit2.o)
    0x080002aa   0x00000000   Code   RO         1267    .ARM.Collect$$libinit$$00000025  c_w.l(libinit2.o)
    0x080002aa   0x00000000   Code   RO         1271    .ARM.Collect$$libinit$$0000002C  c_w.l(libinit2.o)
    0x080002aa   0x00000000   Code   RO         1273    .ARM.Collect$$libinit$$0000002E  c_w.l(libinit2.o)
    0x080002aa   0x00000000   Code   RO         1275    .ARM.Collect$$libinit$$00000030  c_w.l(libinit2.o)
    0x080002aa   0x00000000   Code   RO         1277    .ARM.Collect$$libinit$$00000032  c_w.l(libinit2.o)
    0x080002aa   0x00000002   Code   RO         1278    .ARM.Collect$$libinit$$00000033  c_w.l(libinit2.o)
    0x080002ac   0x00000002   Code   RO         1302    .ARM.Collect$$libshutdown$$00000000  c_w.l(libshutdown.o)
    0x080002ae   0x00000000   Code   RO         1315    .ARM.Collect$$libshutdown$$00000002  c_w.l(libshutdown2.o)
    0x080002ae   0x00000000   Code   RO         1317    .ARM.Collect$$libshutdown$$00000004  c_w.l(libshutdown2.o)
    0x080002ae   0x00000000   Code   RO         1320    .ARM.Collect$$libshutdown$$00000007  c_w.l(libshutdown2.o)
    0x080002ae   0x00000000   Code   RO         1323    .ARM.Collect$$libshutdown$$0000000A  c_w.l(libshutdown2.o)
    0x080002ae   0x00000000   Code   RO         1325    .ARM.Collect$$libshutdown$$0000000C  c_w.l(libshutdown2.o)
    0x080002ae   0x00000000   Code   RO         1328    .ARM.Collect$$libshutdown$$0000000F  c_w.l(libshutdown2.o)
    0x080002ae   0x00000002   Code   RO         1329    .ARM.Collect$$libshutdown$$00000010  c_w.l(libshutdown2.o)
    0x080002b0   0x00000000   Code   RO         1024    .ARM.Collect$$rtentry$$00000000  c_w.l(__rtentry.o)
    0x080002b0   0x00000000   Code   RO         1135    .ARM.Collect$$rtentry$$00000002  c_w.l(__rtentry2.o)
    0x080002b0   0x00000006   Code   RO         1147    .ARM.Collect$$rtentry$$00000004  c_w.l(__rtentry4.o)
    0x080002b6   0x00000000   Code   RO         1137    .ARM.Collect$$rtentry$$00000009  c_w.l(__rtentry2.o)
    0x080002b6   0x00000004   Code   RO         1138    .ARM.Collect$$rtentry$$0000000A  c_w.l(__rtentry2.o)
    0x080002ba   0x00000000   Code   RO         1140    .ARM.Collect$$rtentry$$0000000C  c_w.l(__rtentry2.o)
    0x080002ba   0x00000008   Code   RO         1141    .ARM.Collect$$rtentry$$0000000D  c_w.l(__rtentry2.o)
    0x080002c2   0x00000002   Code   RO         1227    .ARM.Collect$$rtexit$$00000000  c_w.l(rtexit.o)
    0x080002c4   0x00000000   Code   RO         1282    .ARM.Collect$$rtexit$$00000002  c_w.l(rtexit2.o)
    0x080002c4   0x00000004   Code   RO         1283    .ARM.Collect$$rtexit$$00000003  c_w.l(rtexit2.o)
    0x080002c8   0x00000006   Code   RO         1284    .ARM.Collect$$rtexit$$00000004  c_w.l(rtexit2.o)
    0x080002ce   0x00000002   PAD
    0x080002d0   0x00000074   Code   RO            3    .text               main.o
    0x08000344   0x00000244   Code   RO           97    .text               task.o
    0x08000588   0x00000a68   Code   RO          183    .text               stm32f4xx_it.o
    0x08000ff0   0x00000830   Code   RO          223    .text               timer.o
    0x08001820   0x00000178   Code   RO          246    .text               gpio.o
    0x08001998   0x00000578   Code   RO          266    .text               usart.o
    0x08001f10   0x00000714   Code   RO          300    .text               elmo.o
    0x08002624   0x00000450   Code   RO          321    .text               can.o
    0x08002a74   0x00000018   Code   RO          411    .text               encoder.o
    0x08002a8c   0x00000088   Code   RO          427    .text               gasvalvecontrol.o
    0x08002b14   0x00000200   Code   RO          475    .text               system_stm32f4xx.o
    0x08002d14   0x00000040   Code   RO          502    .text               startup_stm32f4xx.o
    0x08002d54   0x0000017c   Code   RO          508    .text               os_cpu_c.o
    0x08002ed0   0x000000ac   Code   RO          537    .text               os_cpu_a.o
    0x08002f7c   0x0000015c   Code   RO          540    .text               os_dbg.o
    0x080030d8   0x00000d50   Code   RO          555    .text               os_core.o
    0x08003e28   0x00000864   Code   RO          575    .text               os_flag.o
    0x0800468c   0x00000258   Code   RO          599    .text               os_mem.o
    0x080048e4   0x00000654   Code   RO          623    .text               os_q.o
    0x08004f38   0x000003e0   Code   RO          635    .text               os_sem.o
    0x08005318   0x0000090c   Code   RO          647    .text               os_task.o
    0x08005c24   0x000001d4   Code   RO          659    .text               os_time.o
    0x08005df8   0x000006e0   Code   RO          671    .text               os_tmr.o
    0x080064d8   0x00000012   Code   RO          685    .text               os_apphooks.o
    0x080064ea   0x00000002   PAD
    0x080064ec   0x0000025c   Code   RO          705    .text               stm32f4xx_gpio.o
    0x08006748   0x00000588   Code   RO          725    .text               stm32f4xx_rcc.o
    0x08006cd0   0x000000e0   Code   RO          747    .text               misc.o
    0x08006db0   0x00000ca2   Code   RO          767    .text               stm32f4xx_tim.o
    0x08007a52   0x00000002   PAD
    0x08007a54   0x0000043e   Code   RO          787    .text               stm32f4xx_usart.o
    0x08007e92   0x00000002   PAD
    0x08007e94   0x000009f0   Code   RO          807    .text               stm32f4xx_can.o
    0x08008884   0x00000024   Code   RO          910    .text               c_w.l(vsprintf.o)
    0x080088a8   0x00000052   Code   RO          918    .text               c_w.l(_printf_str.o)
    0x080088fa   0x00000002   PAD
    0x080088fc   0x00000188   Code   RO          937    .text               c_w.l(__printf_flags_ss_wp.o)
    0x08008a84   0x0000003e   Code   RO          944    .text               c_w.l(strlen.o)
    0x08008ac2   0x00000064   Code   RO          946    .text               c_w.l(rt_memcpy_w.o)
    0x08008b26   0x00000006   Code   RO          948    .text               c_w.l(heapauxi.o)
    0x08008b2c   0x00000016   Code   RO         1025    .text               c_w.l(_rserrno.o)
    0x08008b42   0x0000004e   Code   RO         1027    .text               c_w.l(_printf_pad.o)
    0x08008b90   0x00000024   Code   RO         1029    .text               c_w.l(_printf_truncate.o)
    0x08008bb4   0x00000078   Code   RO         1031    .text               c_w.l(_printf_dec.o)
    0x08008c2c   0x00000028   Code   RO         1033    .text               c_w.l(_printf_charcount.o)
    0x08008c54   0x00000030   Code   RO         1035    .text               c_w.l(_printf_char_common.o)
    0x08008c84   0x0000000a   Code   RO         1037    .text               c_w.l(_sputc.o)
    0x08008c8e   0x0000002c   Code   RO         1039    .text               c_w.l(_printf_char.o)
    0x08008cba   0x00000002   PAD
    0x08008cbc   0x000000bc   Code   RO         1041    .text               c_w.l(_printf_wctomb.o)
    0x08008d78   0x0000007c   Code   RO         1044    .text               c_w.l(_printf_longlong_dec.o)
    0x08008df4   0x00000070   Code   RO         1050    .text               c_w.l(_printf_oct_int_ll.o)
    0x08008e64   0x00000094   Code   RO         1070    .text               c_w.l(_printf_hex_int_ll_ptr.o)
    0x08008ef8   0x00000008   Code   RO         1152    .text               c_w.l(rt_errno_addr_intlibspace.o)
    0x08008f00   0x0000008a   Code   RO         1154    .text               c_w.l(lludiv10.o)
    0x08008f8a   0x000000b2   Code   RO         1156    .text               c_w.l(_printf_intcommon.o)
    0x0800903c   0x0000041a   Code   RO         1158    .text               c_w.l(_printf_fp_dec.o)
    0x08009456   0x00000002   PAD
    0x08009458   0x000002fc   Code   RO         1160    .text               c_w.l(_printf_fp_hex.o)
    0x08009754   0x0000002c   Code   RO         1165    .text               c_w.l(_printf_wchar.o)
    0x08009780   0x00000040   Code   RO         1167    .text               c_w.l(_wcrtomb.o)
    0x080097c0   0x00000008   Code   RO         1171    .text               c_w.l(libspace.o)
    0x080097c8   0x0000004a   Code   RO         1174    .text               c_w.l(sys_stackheap_outer.o)
    0x08009812   0x00000002   PAD
    0x08009814   0x00000010   Code   RO         1176    .text               c_w.l(rt_ctype_table.o)
    0x08009824   0x00000008   Code   RO         1181    .text               c_w.l(rt_locale_intlibspace.o)
    0x0800982c   0x00000080   Code   RO         1183    .text               c_w.l(_printf_fp_infnan.o)
    0x080098ac   0x000000dc   Code   RO         1185    .text               c_w.l(bigflt0.o)
    0x08009988   0x00000012   Code   RO         1213    .text               c_w.l(exit.o)
    0x0800999a   0x00000002   PAD
    0x0800999c   0x00000080   Code   RO         1232    .text               c_w.l(strcmpv7m.o)
    0x08009a1c   0x0000000c   Code   RO         1294    .text               c_w.l(sys_exit.o)
    0x08009a28   0x00000002   Code   RO         1305    .text               c_w.l(use_no_semi.o)
    0x08009a2a   0x00000000   Code   RO         1307    .text               c_w.l(indicate_semi.o)
    0x08009a2a   0x0000003e   Code   RO         1188    CL$$btod_d2e        c_w.l(btod.o)
    0x08009a68   0x00000046   Code   RO         1190    CL$$btod_d2e_denorm_low  c_w.l(btod.o)
    0x08009aae   0x00000060   Code   RO         1189    CL$$btod_d2e_norm_op1  c_w.l(btod.o)
    0x08009b0e   0x00000338   Code   RO         1198    CL$$btod_div_common  c_w.l(btod.o)
    0x08009e46   0x000000c6   Code   RO         1195    CL$$btod_e2e        c_w.l(btod.o)
    0x08009f0c   0x00000028   Code   RO         1192    CL$$btod_ediv       c_w.l(btod.o)
    0x08009f34   0x00000028   Code   RO         1191    CL$$btod_emul       c_w.l(btod.o)
    0x08009f5c   0x00000244   Code   RO         1197    CL$$btod_mult_common  c_w.l(btod.o)
    0x0800a1a0   0x00000028   Code   RO         1225    i.__ARM_fpclassify  m_ws.l(fpclassify.o)
    0x0800a1c8   0x00000026   Code   RO         1118    i.__ARM_fpclassifyf  m_ws.l(fpclassifyf.o)
    0x0800a1ee   0x00000004   Code   RO         1122    i.__mathlib_flt_infnan2  m_ws.l(funder.o)
    0x0800a1f2   0x0000000a   Code   RO         1126    i.__mathlib_flt_underflow  m_ws.l(funder.o)
    0x0800a1fc   0x0000000e   Code   RO          930    i._is_digit         c_w.l(__printf_wp.o)
    0x0800a20a   0x00000002   PAD
    0x0800a20c   0x0000025c   Code   RO         1009    i.atan2f            m_ws.l(atan2f.o)
    0x0800a468   0x0000002c   Code   RO         1017    i.sqrtf             m_ws.l(sqrtf.o)
    0x0800a494   0x0000002c   Code   RO         1211    locale$$code        c_w.l(lc_numeric_c.o)
    0x0800a4c0   0x0000002c   Code   RO         1230    locale$$code        c_w.l(lc_ctype_c.o)
    0x0800a4ec   0x00000062   Code   RO          952    x$fpl$d2f           fz_ws.l(d2f.o)
    0x0800a54e   0x00000002   PAD
    0x0800a550   0x00000150   Code   RO          954    x$fpl$dadd          fz_ws.l(daddsub_clz.o)
    0x0800a6a0   0x00000018   Code   RO         1095    x$fpl$dcmpinf       fz_ws.l(dcmpi.o)
    0x0800a6b8   0x000002b0   Code   RO          961    x$fpl$ddiv          fz_ws.l(ddiv.o)
    0x0800a968   0x0000002e   Code   RO          965    x$fpl$dflt          fz_ws.l(dflt_clz.o)
    0x0800a996   0x00000002   PAD
    0x0800a998   0x00000078   Code   RO          970    x$fpl$dleqf         fz_ws.l(dleqf.o)
    0x0800aa10   0x00000154   Code   RO          972    x$fpl$dmul          fz_ws.l(dmul.o)
    0x0800ab64   0x0000009c   Code   RO         1097    x$fpl$dnaninf       fz_ws.l(dnaninf.o)
    0x0800ac00   0x0000000c   Code   RO         1099    x$fpl$dretinf       fz_ws.l(dretinf.o)
    0x0800ac0c   0x0000006c   Code   RO          974    x$fpl$drleqf        fz_ws.l(drleqf.o)
    0x0800ac78   0x00000016   Code   RO          955    x$fpl$drsb          fz_ws.l(daddsub_clz.o)
    0x0800ac8e   0x00000002   PAD
    0x0800ac90   0x000001d4   Code   RO          956    x$fpl$dsub          fz_ws.l(daddsub_clz.o)
    0x0800ae64   0x00000056   Code   RO          976    x$fpl$f2d           fz_ws.l(f2d.o)
    0x0800aeba   0x00000002   PAD
    0x0800aebc   0x000000c4   Code   RO          978    x$fpl$fadd          fz_ws.l(faddsub_clz.o)
    0x0800af80   0x0000000c   Code   RO         1221    x$fpl$fcheck1       fz_ws.l(fcheck1.o)
    0x0800af8c   0x00000018   Code   RO         1101    x$fpl$fcmpinf       fz_ws.l(fcmpi.o)
    0x0800afa4   0x00000184   Code   RO          985    x$fpl$fdiv          fz_ws.l(fdiv.o)
    0x0800b128   0x00000036   Code   RO          988    x$fpl$ffix          fz_ws.l(ffix.o)
    0x0800b15e   0x00000002   PAD
    0x0800b160   0x0000003e   Code   RO          992    x$fpl$ffixu         fz_ws.l(ffixu.o)
    0x0800b19e   0x00000002   PAD
    0x0800b1a0   0x00000030   Code   RO          997    x$fpl$fflt          fz_ws.l(fflt_clz.o)
    0x0800b1d0   0x00000068   Code   RO         1002    x$fpl$fleqf         fz_ws.l(fleqf.o)
    0x0800b238   0x00000102   Code   RO         1004    x$fpl$fmul          fz_ws.l(fmul.o)
    0x0800b33a   0x0000008c   Code   RO         1103    x$fpl$fnaninf       fz_ws.l(fnaninf.o)
    0x0800b3c6   0x0000000a   Code   RO         1105    x$fpl$fretinf       fz_ws.l(fretinf.o)
    0x0800b3d0   0x00000062   Code   RO         1006    x$fpl$frleqf        fz_ws.l(frleqf.o)
    0x0800b432   0x00000014   Code   RO          979    x$fpl$frsb          fz_ws.l(faddsub_clz.o)
    0x0800b446   0x00000002   PAD
    0x0800b448   0x00000110   Code   RO         1107    x$fpl$fsqrt         fz_ws.l(fsqrt.o)
    0x0800b558   0x000000ea   Code   RO          980    x$fpl$fsub          fz_ws.l(faddsub_clz.o)
    0x0800b642   0x00000004   Code   RO         1109    x$fpl$printf1       fz_ws.l(printf1.o)
    0x0800b646   0x00000004   Code   RO         1111    x$fpl$printf2       fz_ws.l(printf2.o)
    0x0800b64a   0x00000064   Code   RO         1279    x$fpl$retnan        fz_ws.l(retnan.o)
    0x0800b6ae   0x0000004c   Code   RO         1169    x$fpl$scalbnf       fz_ws.l(scalbnf.o)
    0x0800b6fa   0x00000030   Code   RO         1292    x$fpl$trapveneer    fz_ws.l(trapv.o)
    0x0800b72a   0x00000000   Code   RO         1117    x$fpl$usenofp       fz_ws.l(usenofp.o)
    0x0800b72a   0x00000002   PAD
    0x0800b72c   0x00000110   Data   RO          301    .constdata          elmo.o
    0x0800b83c   0x00000074   Data   RO          541    .constdata          os_dbg.o
    0x0800b8b0   0x00000100   Data   RO          557    .constdata          os_core.o
    0x0800b9b0   0x00000011   Data   RO          938    .constdata          c_w.l(__printf_flags_ss_wp.o)
    0x0800b9c1   0x00000003   PAD
    0x0800b9c4   0x00000008   Data   RO         1042    .constdata          c_w.l(_printf_wctomb.o)
    0x0800b9cc   0x00000028   Data   RO         1071    .constdata          c_w.l(_printf_hex_int_ll_ptr.o)
    0x0800b9f4   0x00000026   Data   RO         1161    .constdata          c_w.l(_printf_fp_hex.o)
    0x0800ba1a   0x00000002   PAD
    0x0800ba1c   0x00000094   Data   RO         1186    .constdata          c_w.l(bigflt0.o)
    0x0800bab0   0x00000020   Data   RO         1360    Region$$Table       anon$$obj.o
    0x0800bad0   0x0000001c   Data   RO         1210    locale$$data        c_w.l(lc_numeric_c.o)
    0x0800baec   0x00000110   Data   RO         1229    locale$$data        c_w.l(lc_ctype_c.o)


    Execution Region RW_IRAM1 (Base: 0x20000000, Size: 0x000150d8, Max: 0x00020000, ABSOLUTE)

    Base Addr    Size         Type   Attr      Idx    E Section Name        Object

    0x20000000   0x00000007   Data   RW           99    .data               task.o
    0x20000007   0x00000001   PAD
    0x20000008   0x00000057   Data   RW          185    .data               stm32f4xx_it.o
    0x2000005f   0x00000001   PAD
    0x20000060   0x0000001c   Data   RW          268    .data               usart.o
    0x2000007c   0x00000008   Data   RW          412    .data               encoder.o
    0x20000084   0x00000014   Data   RW          476    .data               system_stm32f4xx.o
    0x20000098   0x00000006   Data   RW          510    .data               os_cpu_c.o
    0x2000009e   0x00000002   PAD
    0x200000a0   0x00000060   Data   RW          558    .data               os_core.o
    0x20000100   0x00000010   Data   RW          726    .data               stm32f4xx_rcc.o
    0x20000110   0x00009400   Zero   RW            4    .bss                main.o
    0x20009510   0x00009400   Zero   RW           98    .bss                task.o
    0x20012910   0x000000b4   Zero   RW          184    .bss                stm32f4xx_it.o
    0x200129c4   0x0000000c   Zero   RW          224    .bss                timer.o
    0x200129d0   0x00000320   Zero   RW          267    .bss                usart.o
    0x20012cf0   0x00000200   Zero   RW          509    .bss                os_cpu_c.o
    0x20012ef0   0x00001b88   Zero   RW          556    .bss                os_core.o
    0x20014a78   0x00000060   Zero   RW         1172    .bss                c_w.l(libspace.o)
    0x20014ad8   0x00000200   Zero   RW          500    HEAP                startup_stm32f4xx.o
    0x20014cd8   0x00000400   Zero   RW          499    STACK               startup_stm32f4xx.o


==============================================================================

Image component sizes


      Code (inc. data)   RO Data    RW Data    ZI Data      Debug   Object Name

      1104         14          0          0          0       2985   can.o
      1812         26        272          0          0       4778   elmo.o
        24          6          0          8          0       1190   encoder.o
       136          4          0          0          0        995   gasvalvecontrol.o
       376         20          0          0          0       1587   gpio.o
       116         18          0          0      37888     230370   main.o
       224         20          0          0          0       1909   misc.o
        18          0          0          0          0       1447   os_apphooks.o
      3408        290        256         96       7048      19167   os_core.o
       172         32          0          0          0        332   os_cpu_a.o
       380         30          0          6        512      12079   os_cpu_c.o
       348        230        116          0          0       3402   os_dbg.o
      2148         44          0          0          0       7228   os_flag.o
       600         16          0          0          0       3496   os_mem.o
      1620         34          0          0          0       6005   os_q.o
       992         22          0          0          0       4158   os_sem.o
      2316         76          0          0          0       8377   os_task.o
       468         28          0          0          0       1906   os_time.o
      1760        132          0          0          0       5877   os_tmr.o
        64         26        392          0       1536        832   startup_stm32f4xx.o
      2544         38          0          0          0       8084   stm32f4xx_can.o
       604         36          0          0          0       4065   stm32f4xx_gpio.o
      2664        336          0         87        180       6289   stm32f4xx_it.o
      1416         48          0         16          0      11079   stm32f4xx_rcc.o
      3234         60          0          0          0      22952   stm32f4xx_tim.o
      1086         26          0          0          0       7864   stm32f4xx_usart.o
       512         44          0         20          0       1775   system_stm32f4xx.o
       580         62          0          7      37888      56470   task.o
      2096         68          0          0         12       5140   timer.o
      1400         92          0         28        800       7219   usart.o

    ----------------------------------------------------------------------
     34228       1878       1068        272      85864     449057   Object Totals
         0          0         32          0          0          0   (incl. Generated)
         6          0          0          4          0          0   (incl. Padding)

    ----------------------------------------------------------------------

      Code (inc. data)   RO Data    RW Data    ZI Data      Debug   Library Member Name

         8          0          0          0          0         68   __main.o
       392          4         17          0          0         92   __printf_flags_ss_wp.o
        14          0          0          0          0         68   __printf_wp.o
         0          0          0          0          0          0   __rtentry.o
        12          0          0          0          0          0   __rtentry2.o
         6          0          0          0          0          0   __rtentry4.o
        52          8          0          0          0          0   __scatter.o
        26          0          0          0          0          0   __scatter_copy.o
        28          0          0          0          0          0   __scatter_zi.o
         6          0          0          0          0          0   _printf_a.o
         6          0          0          0          0          0   _printf_c.o
        44          0          0          0          0        108   _printf_char.o
        48          6          0          0          0         96   _printf_char_common.o
        40          0          0          0          0         68   _printf_charcount.o
         6          0          0          0          0          0   _printf_d.o
       120         16          0          0          0         92   _printf_dec.o
         6          0          0          0          0          0   _printf_e.o
         6          0          0          0          0          0   _printf_f.o
      1050          0          0          0          0        216   _printf_fp_dec.o
       764          8         38          0          0        100   _printf_fp_hex.o
       128         16          0          0          0         84   _printf_fp_infnan.o
         6          0          0          0          0          0   _printf_g.o
       148          4         40          0          0        160   _printf_hex_int_ll_ptr.o
         6          0          0          0          0          0   _printf_i.o
       178          0          0          0          0         88   _printf_intcommon.o
        10          0          0          0          0          0   _printf_l.o
         6          0          0          0          0          0   _printf_lc.o
        10          0          0          0          0          0   _printf_ll.o
         6          0          0          0          0          0   _printf_lld.o
         6          0          0          0          0          0   _printf_lli.o
         6          0          0          0          0          0   _printf_llo.o
         6          0          0          0          0          0   _printf_llu.o
         6          0          0          0          0          0   _printf_llx.o
       124         16          0          0          0         92   _printf_longlong_dec.o
         6          0          0          0          0          0   _printf_ls.o
         6          0          0          0          0          0   _printf_n.o
         6          0          0          0          0          0   _printf_o.o
       112          8          0          0          0        124   _printf_oct_int_ll.o
         6          0          0          0          0          0   _printf_p.o
        78          0          0          0          0        108   _printf_pad.o
         0          0          0          0          0          0   _printf_percent.o
         4          0          0          0          0          0   _printf_percent_end.o
         6          0          0          0          0          0   _printf_s.o
        82          0          0          0          0         80   _printf_str.o
        36          0          0          0          0         84   _printf_truncate.o
         6          0          0          0          0          0   _printf_u.o
        44          0          0          0          0        108   _printf_wchar.o
       188          6          8          0          0         92   _printf_wctomb.o
         6          0          0          0          0          0   _printf_x.o
        22          0          0          0          0        100   _rserrno.o
        10          0          0          0          0         68   _sputc.o
        64          0          0          0          0         92   _wcrtomb.o
       220          4        148          0          0         96   bigflt0.o
      1910        128          0          0          0        672   btod.o
        18          0          0          0          0         80   exit.o
         6          0          0          0          0        152   heapauxi.o
         0          0          0          0          0          0   indicate_semi.o
        44         10        272          0          0         76   lc_ctype_c.o
        44         10         28          0          0         76   lc_numeric_c.o
         2          0          0          0          0          0   libinit.o
        30          0          0          0          0          0   libinit2.o
         2          0          0          0          0          0   libshutdown.o
         2          0          0          0          0          0   libshutdown2.o
         8          4          0          0         96         68   libspace.o
       138          0          0          0          0         80   lludiv10.o
        16          4          0          0          0         76   rt_ctype_table.o
         8          4          0          0          0         68   rt_errno_addr_intlibspace.o
         8          4          0          0          0         68   rt_locale_intlibspace.o
       100          0          0          0          0         80   rt_memcpy_w.o
         2          0          0          0          0          0   rtexit.o
        10          0          0          0          0          0   rtexit2.o
       128          0          0          0          0         68   strcmpv7m.o
        62          0          0          0          0         76   strlen.o
        12          4          0          0          0         68   sys_exit.o
        74          0          0          0          0         80   sys_stackheap_outer.o
         2          0          0          0          0         68   use_no_semi.o
        36          4          0          0          0         76   vsprintf.o
        98          4          0          0          0         92   d2f.o
       826         16          0          0          0        348   daddsub_clz.o
        24          0          0          0          0         68   dcmpi.o
       688        140          0          0          0        208   ddiv.o
        46          0          0          0          0         68   dflt_clz.o
       120          4          0          0          0         92   dleqf.o
       340         12          0          0          0        104   dmul.o
       156          4          0          0          0         92   dnaninf.o
        12          0          0          0          0         68   dretinf.o
       108          0          0          0          0         80   drleqf.o
        86          4          0          0          0         84   f2d.o
       450          8          0          0          0        236   faddsub_clz.o
        12          4          0          0          0         68   fcheck1.o
        24          0          0          0          0         68   fcmpi.o
       388         76          0          0          0         96   fdiv.o
        54          4          0          0          0         84   ffix.o
        62          4          0          0          0         84   ffixu.o
        48          0          0          0          0         68   fflt_clz.o
       104          4          0          0          0         84   fleqf.o
       258          4          0          0          0         84   fmul.o
       140          4          0          0          0         84   fnaninf.o
        10          0          0          0          0         68   fretinf.o
        98          0          0          0          0         68   frleqf.o
       272        100          0          0          0         88   fsqrt.o
         4          0          0          0          0         68   printf1.o
         4          0          0          0          0         68   printf2.o
       100          0          0          0          0         68   retnan.o
        76          0          0          0          0         68   scalbnf.o
        48          0          0          0          0         68   trapv.o
         0          0          0          0          0          0   usenofp.o
       604         76          0          0          0        116   atan2f.o
        40          0          0          0          0         68   fpclassify.o
        38          0          0          0          0         68   fpclassifyf.o
        14          0          0          0          0        136   funder.o
        44          0          0          0          0         80   sqrtf.o

    ----------------------------------------------------------------------
     12272        736        556          0         96       7508   Library Totals
        32          0          5          0          0          0   (incl. Padding)

    ----------------------------------------------------------------------

      Code (inc. data)   RO Data    RW Data    ZI Data      Debug   Library Name

      6844        268        551          0         96       4216   c_w.l
      4656        392          0          0          0       2824   fz_ws.l
       740         76          0          0          0        468   m_ws.l

    ----------------------------------------------------------------------
     12272        736        556          0         96       7508   Library Totals

    ----------------------------------------------------------------------

==============================================================================


      Code (inc. data)   RO Data    RW Data    ZI Data      Debug   

     46500       2614       1624        272      85960     449801   Grand Totals
     46500       2614       1624        272      85960     449801   ELF Image Totals
     46500       2614       1624        272          0          0   ROM Totals

==============================================================================

    Total RO  Size (Code + RO Data)                48124 (  47.00kB)
    Total RW  Size (RW Data + ZI Data)             86232 (  84.21kB)
    Total ROM Size (Code + RO Data + RW Data)      48396 (  47.26kB)

==============================================================================

