Component: ARM Compiler 5.06 update 3 (build 300) Tool: armlink [4d35c9]

==============================================================================

Section Cross References

    main.o(.text) refers to os_cpu_c.o(.text) for OS_CPU_SysTickInit
    main.o(.text) refers to os_core.o(.text) for OSStatInit
    main.o(.text) refers to task.o(.text) for App_Task
    main.o(.text) refers to os_time.o(.text) for OSTimeDlyHMSM
    main.o(.text) refers to os_cpu_a.o(.text) for CPU_IntDis
    main.o(.text) refers to os_task.o(.text) for OSTaskCreateExt
    main.o(.text) refers to system_stm32f4xx.o(.data) for SystemCoreClock
    main.o(.text) refers to main.o(.bss) for App_TaskStartStk
    task.o(.text) refers to os_sem.o(.text) for OSSemSet
    task.o(.text) refers to usart.o(.text) for GetAngle
    task.o(.text) refers to frleqf.o(x$fpl$frleqf) for __aeabi_cfrcmple
    task.o(.text) refers to movebase.o(.text) for XSpeedUp
    task.o(.text) refers to fleqf.o(x$fpl$fleqf) for __aeabi_cfcmple
    task.o(.text) refers to stm32f4xx_gpio.o(.text) for GPIO_ReadInputDataBit
    task.o(.text) refers to gasvalvecontrol.o(.text) for ClampClose
    task.o(.text) refers to elmo.o(.text) for PosCrl
    task.o(.text) refers to faddsub_clz.o(x$fpl$fsub) for __aeabi_fsub
    task.o(.text) refers to fdiv.o(x$fpl$fdiv) for __aeabi_fdiv
    task.o(.text) refers to ffix.o(x$fpl$ffix) for __aeabi_f2iz
    task.o(.text) refers to fflt_clz.o(x$fpl$fflt) for __aeabi_i2f
    task.o(.text) refers to faddsub_clz.o(x$fpl$frsb) for __aeabi_frsub
    task.o(.text) refers to fmul.o(x$fpl$fmul) for __aeabi_fmul
    task.o(.text) refers to misc.o(.text) for NVIC_PriorityGroupConfig
    task.o(.text) refers to timer.o(.text) for TIM_Init
    task.o(.text) refers to gpio.o(.text) for KeyInit
    task.o(.text) refers to can.o(.text) for CAN_Config
    task.o(.text) refers to task.o(.data) for PeriodSem
    task.o(.text) refers to os_task.o(.text) for OSTaskCreate
    task.o(.text) refers to task.o(.bss) for App_ConfigStk
    stm32f4xx_it.o(.text) refers to os_cpu_a.o(.text) for OS_CPU_SR_Save
    stm32f4xx_it.o(.text) refers to can.o(.text) for CAN_RxMsg
    stm32f4xx_it.o(.text) refers to encoder.o(.text) for SetEncVel
    stm32f4xx_it.o(.text) refers to fflt_clz.o(x$fpl$fflt) for __aeabi_i2f
    stm32f4xx_it.o(.text) refers to dflt_clz.o(x$fpl$dflt) for __aeabi_i2d
    stm32f4xx_it.o(.text) refers to dmul.o(x$fpl$dmul) for __aeabi_dmul
    stm32f4xx_it.o(.text) refers to daddsub_clz.o(x$fpl$drsb) for __aeabi_drsub
    stm32f4xx_it.o(.text) refers to d2f.o(x$fpl$d2f) for __aeabi_d2f
    stm32f4xx_it.o(.text) refers to daddsub_clz.o(x$fpl$dsub) for __aeabi_dsub
    stm32f4xx_it.o(.text) refers to stm32f4xx_can.o(.text) for CAN_ClearFlag
    stm32f4xx_it.o(.text) refers to os_core.o(.text) for OSIntExit
    stm32f4xx_it.o(.text) refers to stm32f4xx_tim.o(.text) for TIM_GetITStatus
    stm32f4xx_it.o(.text) refers to os_sem.o(.text) for OSSemPost
    stm32f4xx_it.o(.text) refers to usart.o(.text) for GetAngle
    stm32f4xx_it.o(.text) refers to stm32f4xx_usart.o(.text) for USART_GetITStatus
    stm32f4xx_it.o(.text) refers to os_core.o(.data) for OSIntNesting
    stm32f4xx_it.o(.text) refers to stm32f4xx_it.o(.data) for buffer
    stm32f4xx_it.o(.text) refers to stm32f4xx_it.o(.bss) for position
    stm32f4xx_it.o(.text) refers to task.o(.data) for PeriodSem
    stm32f4xx_it.o(.text) refers to faddsub_clz.o(x$fpl$fsub) for __aeabi_fsub
    stm32f4xx_it.o(.text) refers to fleqf.o(x$fpl$fleqf) for __aeabi_cfcmple
    stm32f4xx_it.o(.text) refers to frleqf.o(x$fpl$frleqf) for __aeabi_cfrcmple
    stm32f4xx_it.o(.text) refers to faddsub_clz.o(x$fpl$fadd) for __aeabi_fadd
    stm32f4xx_it.o(.text) refers to elmo.o(.text) for VelCrl
    stm32f4xx_it.o(.text) refers to usart.o(.data) for USART5_RX_STA
    stm32f4xx_it.o(.text) refers to usart.o(.bss) for USART5_RX_BUF
    timer.o(.text) refers to stm32f4xx_rcc.o(.text) for RCC_APB2PeriphClockCmd
    timer.o(.text) refers to stm32f4xx_tim.o(.text) for TIM_TimeBaseInit
    timer.o(.text) refers to misc.o(.text) for NVIC_Init
    timer.o(.text) refers to stm32f4xx_gpio.o(.text) for GPIO_PinAFConfig
    timer.o(.text) refers to fdiv.o(x$fpl$fdiv) for __aeabi_fdiv
    timer.o(.text) refers to fmul.o(x$fpl$fmul) for __aeabi_fmul
    timer.o(.text) refers to f2d.o(x$fpl$f2d) for __aeabi_f2d
    timer.o(.text) refers to daddsub_clz.o(x$fpl$dadd) for __aeabi_dadd
    timer.o(.text) refers to d2f.o(x$fpl$d2f) for __aeabi_d2f
    timer.o(.text) refers to frleqf.o(x$fpl$frleqf) for __aeabi_cfrcmple
    timer.o(.text) refers to fleqf.o(x$fpl$fleqf) for __aeabi_cfcmple
    timer.o(.text) refers to ffixu.o(x$fpl$ffixu) for __aeabi_f2uiz
    timer.o(.text) refers to faddsub_clz.o(x$fpl$fadd) for __aeabi_fadd
    timer.o(.text) refers to faddsub_clz.o(x$fpl$fsub) for __aeabi_fsub
    timer.o(.text) refers to timer.o(.bss) for Percent
    gpio.o(.text) refers to stm32f4xx_rcc.o(.text) for RCC_AHB1PeriphClockCmd
[...]
    OSTimeTickHook                           0x080039ab   Thumb Code    34  os_cpu_c.o(.text)
    SysTick_Handler                          0x080039cd   Thumb Code    34  os_cpu_c.o(.text)
    OS_CPU_SysTickInit                       0x080039ef   Thumb Code    28  os_cpu_c.o(.text)
    OS_CPU_SR_Save                           0x08003a29   Thumb Code     0  os_cpu_a.o(.text)
    OS_CPU_SR_Restore                        0x08003a31   Thumb Code     0  os_cpu_a.o(.text)
    OSStartHighRdy                           0x08003a37   Thumb Code     0  os_cpu_a.o(.text)
    OSCtxSw                                  0x08003a57   Thumb Code     0  os_cpu_a.o(.text)
    OSIntCtxSw                               0x08003a61   Thumb Code     0  os_cpu_a.o(.text)
    PendSV_Handler                           0x08003a6b   Thumb Code     0  os_cpu_a.o(.text)
    CPU_IntDis                               0x08003aad   Thumb Code     0  os_cpu_a.o(.text)
    CPU_IntEn                                0x08003ab1   Thumb Code     0  os_cpu_a.o(.text)
    OSDebugInit                              0x08003ad5   Thumb Code   118  os_dbg.o(.text)
    OS_StrLen                                0x08003c31   Thumb Code    20  os_core.o(.text)
    OSEventNameGet                           0x08003c45   Thumb Code   118  os_core.o(.text)
    OSEventNameSet                           0x08003cbb   Thumb Code   100  os_core.o(.text)
    OS_EventTaskRemoveMulti                  0x08003d1f   Thumb Code    58  os_core.o(.text)
    OS_Sched                                 0x08003d73   Thumb Code    88  os_core.o(.text)
    OS_EventTaskWaitMulti                    0x08003dcb   Thumb Code   136  os_core.o(.text)
    OSEventPendMulti                         0x08003e53   Thumb Code   760  os_core.o(.text)
    OS_TaskStatStkChk                        0x0800414b   Thumb Code    54  os_core.o(.text)
    OS_TaskStat                              0x08004181   Thumb Code   116  os_core.o(.text)
    OS_TaskIdle                              0x08004229   Thumb Code    34  os_core.o(.text)
    OS_MemClr                                0x0800427f   Thumb Code    18  os_core.o(.text)
    OSInit                                   0x080043a7   Thumb Code    56  os_core.o(.text)
    OSIntEnter                               0x080043df   Thumb Code    28  os_core.o(.text)
    OSIntExit                                0x080043fb   Thumb Code   258  os_core.o(.text)
    OSSchedLock                              0x080044fd   Thumb Code    50  os_core.o(.text)
    OSSchedUnlock                            0x0800452f   Thumb Code    82  os_core.o(.text)
    OSStart                                  0x08004581   Thumb Code    48  os_core.o(.text)
    OSStatInit                               0x080045b1   Thumb Code    62  os_core.o(.text)
    OSTimeTick                               0x080045ef   Thumb Code   210  os_core.o(.text)
    OSVersion                                0x080046c1   Thumb Code     6  os_core.o(.text)
    OS_Dummy                                 0x080046c7   Thumb Code     2  os_core.o(.text)
    OS_EventTaskRemove                       0x080046c9   Thumb Code    42  os_core.o(.text)
    OS_EventTaskRdy                          0x080046f3   Thumb Code   128  os_core.o(.text)
    OS_EventTaskWait                         0x08004773   Thumb Code   112  os_core.o(.text)
    OS_EventWaitListInit                     0x080047e3   Thumb Code    28  os_core.o(.text)
    OS_MemCopy                               0x080047ff   Thumb Code    20  os_core.o(.text)
    OS_TCBInit                               0x08004813   Thumb Code   358  os_core.o(.text)
    OSFlagAccept                             0x08004981   Thumb Code   262  os_flag.o(.text)
    OSFlagCreate                             0x08004a87   Thumb Code    86  os_flag.o(.text)
    OS_FlagUnlink                            0x08004add   Thumb Code    36  os_flag.o(.text)
    OSFlagDel                                0x08004b53   Thumb Code   224  os_flag.o(.text)
    OSFlagNameGet                            0x08004c33   Thumb Code   100  os_flag.o(.text)
    OSFlagNameSet                            0x08004c97   Thumb Code    82  os_flag.o(.text)
    OSFlagPend                               0x08004d81   Thumb Code   626  os_flag.o(.text)
    OSFlagPendGetFlagsRdy                    0x08004ff3   Thumb Code    26  os_flag.o(.text)
    OSFlagPost                               0x0800500d   Thumb Code   322  os_flag.o(.text)
    OSFlagQuery                              0x0800514f   Thumb Code    58  os_flag.o(.text)
    OS_FlagInit                              0x08005189   Thumb Code    78  os_flag.o(.text)
    OSMemCreate                              0x080051e5   Thumb Code   164  os_mem.o(.text)
    OSMemGet                                 0x08005289   Thumb Code    72  os_mem.o(.text)
    OSMemNameGet                             0x080052d1   Thumb Code    80  os_mem.o(.text)
    OSMemNameSet                             0x08005321   Thumb Code    64  os_mem.o(.text)
    OSMemPut                                 0x08005361   Thumb Code    66  os_mem.o(.text)
    OSMemQuery                               0x080053a3   Thumb Code    64  os_mem.o(.text)
    OS_MemInit                               0x080053e3   Thumb Code    74  os_mem.o(.text)
    OSQAccept                                0x0800543d   Thumb Code    98  os_q.o(.text)
    OSQCreate                                0x0800549f   Thumb Code   144  os_q.o(.text)
    OSQDel                                   0x0800552f   Thumb Code   254  os_q.o(.text)
    OSQFlush                                 0x0800562d   Thumb Code    52  os_q.o(.text)
    OSQPend                                  0x08005661   Thumb Code   288  os_q.o(.text)
    OSQPendAbort                             0x08005781   Thumb Code   138  os_q.o(.text)
    OSQPost                                  0x0800580b   Thumb Code   120  os_q.o(.text)
    OSQPostFront                             0x08005883   Thumb Code   146  os_q.o(.text)
    OSQPostOpt                               0x08005915   Thumb Code   188  os_q.o(.text)
    OSQQuery                                 0x080059d1   Thumb Code   110  os_q.o(.text)
    OS_QInit                                 0x08005a3f   Thumb Code    72  os_q.o(.text)
    OSSemAccept                              0x08005a91   Thumb Code    48  os_sem.o(.text)
    OSSemCreate                              0x08005ac1   Thumb Code    72  os_sem.o(.text)
    OSSemDel                                 0x08005b09   Thumb Code   220  os_sem.o(.text)
    OSSemPend                                0x08005be5   Thumb Code   236  os_sem.o(.text)
    OSSemPendAbort                           0x08005cd1   Thumb Code   138  os_sem.o(.text)
    OSSemPost                                0x08005d5b   Thumb Code    94  os_sem.o(.text)
    OSSemQuery                               0x08005db9   Thumb Code    88  os_sem.o(.text)
    OSSemSet                                 0x08005e11   Thumb Code    74  os_sem.o(.text)
    OSTaskChangePrio                         0x08005e71   Thumb Code   418  os_task.o(.text)
    OSTaskCreate                             0x08006013   Thumb Code   156  os_task.o(.text)
    OS_TaskStkClr                            0x080060af   Thumb Code    26  os_task.o(.text)
    OSTaskCreateExt                          0x080060c9   Thumb Code   178  os_task.o(.text)
    OSTaskDel                                0x0800617b   Thumb Code   354  os_task.o(.text)
    OSTaskDelReq                             0x080062dd   Thumb Code   112  os_task.o(.text)
    OSTaskNameGet                            0x0800634d   Thumb Code   140  os_task.o(.text)
    OSTaskNameSet                            0x080063d9   Thumb Code   120  os_task.o(.text)
    OSTaskResume                             0x08006451   Thumb Code   162  os_task.o(.text)
    OSTaskStkChk                             0x080064f3   Thumb Code   150  os_task.o(.text)
    OSTaskSuspend                            0x08006589   Thumb Code   172  os_task.o(.text)
    OSTaskQuery                              0x08006635   Thumb Code   132  os_task.o(.text)
    OSTaskRegGet                             0x080066b9   Thumb Code    86  os_task.o(.text)
    OSTaskRegSet                             0x0800670f   Thumb Code    84  os_task.o(.text)
    OS_TaskReturn                            0x08006763   Thumb Code    18  os_task.o(.text)
    OSTimeDly                                0x0800677d   Thumb Code   100  os_time.o(.text)
    OSTimeDlyHMSM                            0x080067e1   Thumb Code   124  os_time.o(.text)
    OSTimeDlyResume                          0x0800685d   Thumb Code   168  os_time.o(.text)
    OSTimeGet                                0x08006905   Thumb Code    24  os_time.o(.text)
    OSTimeSet                                0x0800691d   Thumb Code    24  os_time.o(.text)
    OSTmrCreate                              0x08006983   Thumb Code   142  os_tmr.o(.text)
    OSTmrDel                                 0x08006a89   Thumb Code   134  os_tmr.o(.text)
    OSTmrNameGet                             0x08006b0f   Thumb Code   134  os_tmr.o(.text)
    OSTmrRemainGet                           0x08006b95   Thumb Code   172  os_tmr.o(.text)
    OSTmrStateGet                            0x08006c41   Thumb Code    96  os_tmr.o(.text)
    OSTmrStart                               0x08006d05   Thumb Code   166  os_tmr.o(.text)
    OSTmrStop                                0x08006dab   Thumb Code   190  os_tmr.o(.text)
    OSTmrSignal                              0x08006e69   Thumb Code    16  os_tmr.o(.text)
    OSTmr_Init                               0x08006f1d   Thumb Code   172  os_tmr.o(.text)
    OSTaskReturnHook                         0x08007031   Thumb Code     2  os_apphooks.o(.text)
    App_TaskCreateHook                       0x08007033   Thumb Code     2  os_apphooks.o(.text)
    App_TaskDelHook                          0x08007035   Thumb Code     2  os_apphooks.o(.text)
    App_TaskIdleHook                         0x08007037   Thumb Code     2  os_apphooks.o(.text)
    App_TaskReturnHook                       0x08007039   Thumb Code     2  os_apphooks.o(.text)
    App_TaskStatHook                         0x0800703b   Thumb Code     2  os_apphooks.o(.text)
    App_TaskSwHook                           0x0800703d   Thumb Code     2  os_apphooks.o(.text)
    App_TCBInitHook                          0x0800703f   Thumb Code     2  os_apphooks.o(.text)
    App_TimeTickHook                         0x08007041   Thumb Code     2  os_apphooks.o(.text)
    GPIO_DeInit                              0x08007045   Thumb Code   220  stm32f4xx_gpio.o(.text)
    GPIO_Init                                0x08007121   Thumb Code   144  stm32f4xx_gpio.o(.text)
    GPIO_StructInit                          0x080071b1   Thumb Code    18  stm32f4xx_gpio.o(.text)
    GPIO_PinLockConfig                       0x080071c3   Thumb Code    34  stm32f4xx_gpio.o(.text)
    GPIO_ReadInputDataBit                    0x080071e5   Thumb Code    18  stm32f4xx_gpio.o(.text)
    GPIO_ReadInputData                       0x080071f7   Thumb Code     8  stm32f4xx_gpio.o(.text)
    GPIO_ReadOutputDataBit                   0x080071ff   Thumb Code    18  stm32f4xx_gpio.o(.text)
    GPIO_ReadOutputData                      0x08007211   Thumb Code     8  stm32f4xx_gpio.o(.text)
    GPIO_SetBits                             0x08007219   Thumb Code     4  stm32f4xx_gpio.o(.text)
    GPIO_ResetBits                           0x0800721d   Thumb Code     4  stm32f4xx_gpio.o(.text)
    GPIO_WriteBit                            0x08007221   Thumb Code    10  stm32f4xx_gpio.o(.text)
    GPIO_Write                               0x0800722b   Thumb Code     4  stm32f4xx_gpio.o(.text)
    GPIO_ToggleBits                          0x0800722f   Thumb Code     8  stm32f4xx_gpio.o(.text)
    GPIO_PinAFConfig                         0x08007237   Thumb Code    70  stm32f4xx_gpio.o(.text)
    RCC_DeInit                               0x080072a1   Thumb Code    60  stm32f4xx_rcc.o(.text)
    RCC_HSEConfig                            0x080072dd   Thumb Code    14  stm32f4xx_rcc.o(.text)
    RCC_GetFlagStatus                        0x080072eb   Thumb Code    60  stm32f4xx_rcc.o(.text)
    RCC_WaitForHSEStartUp                    0x08007327   Thumb Code    56  stm32f4xx_rcc.o(.text)
    RCC_AdjustHSICalibrationValue            0x0800735f   Thumb Code    20  stm32f4xx_rcc.o(.text)
    RCC_HSICmd                               0x08007373   Thumb Code     6  stm32f4xx_rcc.o(.text)
    RCC_LSEConfig                            0x08007379   Thumb Code    46  stm32f4xx_rcc.o(.text)
    RCC_LSICmd                               0x080073a7   Thumb Code     6  stm32f4xx_rcc.o(.text)
    RCC_PLLConfig                            0x080073ad   Thumb Code    32  stm32f4xx_rcc.o(.text)
    RCC_PLLCmd                               0x080073cd   Thumb Code     6  stm32f4xx_rcc.o(.text)
    RCC_PLLI2SConfig                         0x080073d3   Thumb Code    14  stm32f4xx_rcc.o(.text)
    RCC_PLLI2SCmd                            0x080073e1   Thumb Code     6  stm32f4xx_rcc.o(.text)
    RCC_ClockSecuritySystemCmd               0x080073e7   Thumb Code     6  stm32f4xx_rcc.o(.text)
    RCC_MCO1Config                           0x080073ed   Thumb Code    28  stm32f4xx_rcc.o(.text)
    RCC_MCO2Config                           0x08007409   Thumb Code    28  stm32f4xx_rcc.o(.text)
    RCC_SYSCLKConfig                         0x08007425   Thumb Code    20  stm32f4xx_rcc.o(.text)
    RCC_GetSYSCLKSource                      0x08007439   Thumb Code    12  stm32f4xx_rcc.o(.text)
    RCC_HCLKConfig                           0x08007445   Thumb Code    20  stm32f4xx_rcc.o(.text)
    RCC_PCLK1Config                          0x08007459   Thumb Code    20  stm32f4xx_rcc.o(.text)
    RCC_PCLK2Config                          0x0800746d   Thumb Code    22  stm32f4xx_rcc.o(.text)
    RCC_GetClocksFreq                        0x08007483   Thumb Code   222  stm32f4xx_rcc.o(.text)
    RCC_RTCCLKConfig                         0x08007561   Thumb Code    54  stm32f4xx_rcc.o(.text)
    RCC_RTCCLKCmd                            0x08007597   Thumb Code     8  stm32f4xx_rcc.o(.text)
    RCC_BackupResetCmd                       0x0800759f   Thumb Code     8  stm32f4xx_rcc.o(.text)
    RCC_I2SCLKConfig                         0x080075a7   Thumb Code     6  stm32f4xx_rcc.o(.text)
    RCC_AHB1PeriphClockCmd                   0x080075ad   Thumb Code    34  stm32f4xx_rcc.o(.text)
    RCC_AHB2PeriphClockCmd                   0x080075cf   Thumb Code    34  stm32f4xx_rcc.o(.text)
    RCC_AHB3PeriphClockCmd                   0x080075f1   Thumb Code    34  stm32f4xx_rcc.o(.text)
    RCC_APB1PeriphClockCmd                   0x08007613   Thumb Code    34  stm32f4xx_rcc.o(.text)
    RCC_APB2PeriphClockCmd                   0x08007635   Thumb Code    34  stm32f4xx_rcc.o(.text)
    RCC_AHB1PeriphResetCmd                   0x08007657   Thumb Code    34  stm32f4xx_rcc.o(.text)
    RCC_AHB2PeriphResetCmd                   0x08007679   Thumb Code    72  stm32f4xx_rcc.o(.text)
    RCC_AHB3PeriphResetCmd                   0x080076c1   Thumb Code    34  stm32f4xx_rcc.o(.text)
    RCC_APB1PeriphResetCmd                   0x080076e3   Thumb Code    34  stm32f4xx_rcc.o(.text)
    RCC_APB2PeriphResetCmd                   0x08007705   Thumb Code    34  stm32f4xx_rcc.o(.text)
    RCC_AHB1PeriphClockLPModeCmd             0x08007727   Thumb Code    34  stm32f4xx_rcc.o(.text)
    RCC_AHB2PeriphClockLPModeCmd             0x08007749   Thumb Code    34  stm32f4xx_rcc.o(.text)
    RCC_AHB3PeriphClockLPModeCmd             0x0800776b   Thumb Code    34  stm32f4xx_rcc.o(.text)
    RCC_APB1PeriphClockLPModeCmd             0x0800778d   Thumb Code    34  stm32f4xx_rcc.o(.text)
    RCC_APB2PeriphClockLPModeCmd             0x080077af   Thumb Code    34  stm32f4xx_rcc.o(.text)
    RCC_ITConfig                             0x080077d1   Thumb Code    34  stm32f4xx_rcc.o(.text)
    RCC_ClearFlag                            0x080077f3   Thumb Code    18  stm32f4xx_rcc.o(.text)
    RCC_GetITStatus                          0x08007805   Thumb Code    22  stm32f4xx_rcc.o(.text)
    RCC_ClearITPendingBit                    0x0800781b   Thumb Code     8  stm32f4xx_rcc.o(.text)
    NVIC_PriorityGroupConfig                 0x08007829   Thumb Code    10  misc.o(.text)
    NVIC_Init                                0x08007833   Thumb Code   106  misc.o(.text)
    NVIC_SetVectorTable                      0x0800789d   Thumb Code    14  misc.o(.text)
    NVIC_SystemLPConfig                      0x080078ab   Thumb Code    34  misc.o(.text)
    SysTick_CLKSourceConfig                  0x080078cd   Thumb Code    40  misc.o(.text)
    TIM_DeInit                               0x08007909   Thumb Code   346  stm32f4xx_tim.o(.text)
    TIM_TimeBaseInit                         0x08007a63   Thumb Code   104  stm32f4xx_tim.o(.text)
    TIM_TimeBaseStructInit                   0x08007acb   Thumb Code    18  stm32f4xx_tim.o(.text)
    TIM_PrescalerConfig                      0x08007add   Thumb Code     6  stm32f4xx_tim.o(.text)
    TIM_CounterModeConfig                    0x08007ae3   Thumb Code    18  stm32f4xx_tim.o(.text)
    TIM_SetCounter                           0x08007af5   Thumb Code     4  stm32f4xx_tim.o(.text)
    TIM_SetAutoreload                        0x08007af9   Thumb Code     4  stm32f4xx_tim.o(.text)
    TIM_GetCounter                           0x08007afd   Thumb Code     6  stm32f4xx_tim.o(.text)
    TIM_GetPrescaler                         0x08007b03   Thumb Code     6  stm32f4xx_tim.o(.text)
    TIM_UpdateDisableConfig                  0x08007b09   Thumb Code    24  stm32f4xx_tim.o(.text)
    TIM_UpdateRequestConfig                  0x08007b21   Thumb Code    24  stm32f4xx_tim.o(.text)
    TIM_ARRPreloadConfig                     0x08007b39   Thumb Code    24  stm32f4xx_tim.o(.text)
    TIM_SelectOnePulseMode                   0x08007b51   Thumb Code    18  stm32f4xx_tim.o(.text)
    TIM_SetClockDivision                     0x08007b63   Thumb Code    18  stm32f4xx_tim.o(.text)
    TIM_Cmd                                  0x08007b75   Thumb Code    24  stm32f4xx_tim.o(.text)
    TIM_OC1Init                              0x08007b8d   Thumb Code   114  stm32f4xx_tim.o(.text)
    TIM_OC2Init                              0x08007bff   Thumb Code   154  stm32f4xx_tim.o(.text)
    TIM_OC3Init                              0x08007c99   Thumb Code   204  stm32f4xx_tim.o(.text)
    TIM_OC4Init                              0x08007d65   Thumb Code   112  stm32f4xx_tim.o(.text)
    TIM_OCStructInit                         0x08007dd5   Thumb Code    20  stm32f4xx_tim.o(.text)
    TIM_SelectOCxM                           0x08007de9   Thumb Code    86  stm32f4xx_tim.o(.text)
    TIM_SetCompare1                          0x08007e3f   Thumb Code     4  stm32f4xx_tim.o(.text)
    TIM_SetCompare2                          0x08007e43   Thumb Code     4  stm32f4xx_tim.o(.text)
    TIM_SetCompare3                          0x08007e47   Thumb Code     4  stm32f4xx_tim.o(.text)
    TIM_SetCompare4                          0x08007e4b   Thumb Code     4  stm32f4xx_tim.o(.text)
    TIM_ForcedOC1Config                      0x08007e4f   Thumb Code    18  stm32f4xx_tim.o(.text)
    TIM_ForcedOC2Config                      0x08007e61   Thumb Code    26  stm32f4xx_tim.o(.text)
    TIM_ForcedOC3Config                      0x08007e7b   Thumb Code    18  stm32f4xx_tim.o(.text)
    TIM_ForcedOC4Config                      0x08007e8d   Thumb Code    26  stm32f4xx_tim.o(.text)
    TIM_OC1PreloadConfig                     0x08007ea7   Thumb Code    18  stm32f4xx_tim.o(.text)
    TIM_OC2PreloadConfig                     0x08007eb9   Thumb Code    26  stm32f4xx_tim.o(.text)
    TIM_OC3PreloadConfig                     0x08007ed3   Thumb Code    18  stm32f4xx_tim.o(.text)
    TIM_OC4PreloadConfig                     0x08007ee5   Thumb Code    26  stm32f4xx_tim.o(.text)
    TIM_OC1FastConfig                        0x08007eff   Thumb Code    18  stm32f4xx_tim.o(.text)
    TIM_OC2FastConfig                        0x08007f11   Thumb Code    26  stm32f4xx_tim.o(.text)
    TIM_OC3FastConfig                        0x08007f2b   Thumb Code    18  stm32f4xx_tim.o(.text)
    TIM_OC4FastConfig                        0x08007f3d   Thumb Code    26  stm32f4xx_tim.o(.text)
    TIM_ClearOC1Ref                          0x08007f57   Thumb Code    18  stm32f4xx_tim.o(.text)
    TIM_ClearOC2Ref                          0x08007f69   Thumb Code    24  stm32f4xx_tim.o(.text)
    TIM_ClearOC3Ref                          0x08007f81   Thumb Code    18  stm32f4xx_tim.o(.text)
    TIM_ClearOC4Ref                          0x08007f93   Thumb Code    24  stm32f4xx_tim.o(.text)
    TIM_OC1PolarityConfig                    0x08007fab   Thumb Code    18  stm32f4xx_tim.o(.text)
    TIM_OC1NPolarityConfig                   0x08007fbd   Thumb Code    18  stm32f4xx_tim.o(.text)
    TIM_OC2PolarityConfig                    0x08007fcf   Thumb Code    26  stm32f4xx_tim.o(.text)
    TIM_OC2NPolarityConfig                   0x08007fe9   Thumb Code    26  stm32f4xx_tim.o(.text)
    TIM_OC3PolarityConfig                    0x08008003   Thumb Code    26  stm32f4xx_tim.o(.text)
    TIM_OC3NPolarityConfig                   0x0800801d   Thumb Code    26  stm32f4xx_tim.o(.text)
    TIM_OC4PolarityConfig                    0x08008037   Thumb Code    26  stm32f4xx_tim.o(.text)
    TIM_CCxCmd                               0x08008051   Thumb Code    30  stm32f4xx_tim.o(.text)
    TIM_CCxNCmd                              0x0800806f   Thumb Code    30  stm32f4xx_tim.o(.text)
    TIM_SetIC4Prescaler                      0x0800808d   Thumb Code    26  stm32f4xx_tim.o(.text)
    TIM_SetIC3Prescaler                      0x080080f7   Thumb Code    18  stm32f4xx_tim.o(.text)
    TIM_SetIC2Prescaler                      0x08008151   Thumb Code    26  stm32f4xx_tim.o(.text)
    TIM_SetIC1Prescaler                      0x080081c5   Thumb Code    18  stm32f4xx_tim.o(.text)
    TIM_ICInit                               0x08008211   Thumb Code   110  stm32f4xx_tim.o(.text)
    TIM_ICStructInit                         0x0800827f   Thumb Code    18  stm32f4xx_tim.o(.text)
    TIM_PWMIConfig                           0x08008291   Thumb Code   124  stm32f4xx_tim.o(.text)
    TIM_GetCapture1                          0x0800830d   Thumb Code     6  stm32f4xx_tim.o(.text)
    TIM_GetCapture2                          0x08008313   Thumb Code     6  stm32f4xx_tim.o(.text)
    TIM_GetCapture3                          0x08008319   Thumb Code     6  stm32f4xx_tim.o(.text)
    TIM_GetCapture4                          0x0800831f   Thumb Code     6  stm32f4xx_tim.o(.text)
    TIM_BDTRConfig                           0x08008325   Thumb Code    32  stm32f4xx_tim.o(.text)
    TIM_BDTRStructInit                       0x08008345   Thumb Code    18  stm32f4xx_tim.o(.text)
    TIM_CtrlPWMOutputs                       0x08008357   Thumb Code    30  stm32f4xx_tim.o(.text)
    TIM_SelectCOM                            0x08008375   Thumb Code    24  stm32f4xx_tim.o(.text)
    TIM_CCPreloadControl                     0x0800838d   Thumb Code    24  stm32f4xx_tim.o(.text)
    TIM_ITConfig                             0x080083a5   Thumb Code    18  stm32f4xx_tim.o(.text)
    TIM_GenerateEvent                        0x080083b7   Thumb Code     4  stm32f4xx_tim.o(.text)
    TIM_GetFlagStatus                        0x080083bb   Thumb Code    18  stm32f4xx_tim.o(.text)
    TIM_ClearFlag                            0x080083cd   Thumb Code     6  stm32f4xx_tim.o(.text)
    TIM_GetITStatus                          0x080083d3   Thumb Code    34  stm32f4xx_tim.o(.text)
    TIM_ClearITPendingBit                    0x080083f5   Thumb Code     6  stm32f4xx_tim.o(.text)
    TIM_DMAConfig                            0x080083fb   Thumb Code    10  stm32f4xx_tim.o(.text)
    TIM_DMACmd                               0x08008405   Thumb Code    18  stm32f4xx_tim.o(.text)
    TIM_SelectCCDMA                          0x08008417   Thumb Code    24  stm32f4xx_tim.o(.text)
    TIM_InternalClockConfig                  0x0800842f   Thumb Code    12  stm32f4xx_tim.o(.text)
    TIM_SelectInputTrigger                   0x0800843b   Thumb Code    18  stm32f4xx_tim.o(.text)
    TIM_ITRxExternalClockConfig              0x0800844d   Thumb Code    24  stm32f4xx_tim.o(.text)
    TIM_TIxExternalClockConfig               0x08008465   Thumb Code    62  stm32f4xx_tim.o(.text)
    TIM_ETRConfig                            0x080084a3   Thumb Code    28  stm32f4xx_tim.o(.text)
    TIM_ETRClockMode1Config                  0x080084bf   Thumb Code    54  stm32f4xx_tim.o(.text)
    TIM_ETRClockMode2Config                  0x080084f5   Thumb Code    32  stm32f4xx_tim.o(.text)
    TIM_SelectOutputTrigger                  0x08008515   Thumb Code    18  stm32f4xx_tim.o(.text)
    TIM_SelectSlaveMode                      0x08008527   Thumb Code    18  stm32f4xx_tim.o(.text)
    TIM_SelectMasterSlaveMode                0x08008539   Thumb Code    18  stm32f4xx_tim.o(.text)
    TIM_EncoderInterfaceConfig               0x0800854b   Thumb Code    66  stm32f4xx_tim.o(.text)
    TIM_SelectHallSensor                     0x0800858d   Thumb Code    24  stm32f4xx_tim.o(.text)
    TIM_RemapConfig                          0x080085a5   Thumb Code     6  stm32f4xx_tim.o(.text)
    USART_DeInit                             0x080085ad   Thumb Code   156  stm32f4xx_usart.o(.text)
    USART_Init                               0x08008649   Thumb Code   204  stm32f4xx_usart.o(.text)
    USART_StructInit                         0x08008715   Thumb Code    24  stm32f4xx_usart.o(.text)
    USART_ClockInit                          0x0800872d   Thumb Code    32  stm32f4xx_usart.o(.text)
    USART_ClockStructInit                    0x0800874d   Thumb Code    12  stm32f4xx_usart.o(.text)
    USART_Cmd                                0x08008759   Thumb Code    24  stm32f4xx_usart.o(.text)
    USART_SetPrescaler                       0x08008771   Thumb Code    16  stm32f4xx_usart.o(.text)
    USART_OverSampling8Cmd                   0x08008781   Thumb Code    22  stm32f4xx_usart.o(.text)
    USART_OneBitMethodCmd                    0x08008797   Thumb Code    24  stm32f4xx_usart.o(.text)
    USART_ClearFlag                          0x080087af   Thumb Code    18  stm32f4xx_usart.o(.text)
    USART_GetFlagStatus                      0x080087c1   Thumb Code    26  stm32f4xx_usart.o(.text)
    USART_SendData                           0x080087db   Thumb Code    44  stm32f4xx_usart.o(.text)
    USART_ReceiveData                        0x08008807   Thumb Code    10  stm32f4xx_usart.o(.text)
    USART_SetAddress                         0x08008811   Thumb Code    18  stm32f4xx_usart.o(.text)
    USART_ReceiverWakeUpCmd                  0x08008823   Thumb Code    24  stm32f4xx_usart.o(.text)
    USART_WakeUpConfig                       0x0800883b   Thumb Code    18  stm32f4xx_usart.o(.text)
    USART_LINBreakDetectLengthConfig         0x0800884d   Thumb Code    18  stm32f4xx_usart.o(.text)
    USART_LINCmd                             0x0800885f   Thumb Code    24  stm32f4xx_usart.o(.text)
    USART_SendBreak                          0x08008877   Thumb Code    10  stm32f4xx_usart.o(.text)
    USART_HalfDuplexCmd                      0x08008881   Thumb Code    24  stm32f4xx_usart.o(.text)
    USART_SetGuardTime                       0x08008899   Thumb Code    16  stm32f4xx_usart.o(.text)
    USART_SmartCardCmd                       0x080088a9   Thumb Code    24  stm32f4xx_usart.o(.text)
    USART_SmartCardNACKCmd                   0x080088c1   Thumb Code    24  stm32f4xx_usart.o(.text)
    USART_IrDAConfig                         0x080088d9   Thumb Code    18  stm32f4xx_usart.o(.text)
    USART_IrDACmd                            0x080088eb   Thumb Code    24  stm32f4xx_usart.o(.text)
    USART_DMACmd                             0x08008903   Thumb Code    18  stm32f4xx_usart.o(.text)
    USART_ITConfig                           0x08008915   Thumb Code    74  stm32f4xx_usart.o(.text)
    USART_GetITStatus                        0x0800895f   Thumb Code   110  stm32f4xx_usart.o(.text)
    USART_ClearITPendingBit                  0x080089cd   Thumb Code    30  stm32f4xx_usart.o(.text)
    CAN_DeInit                               0x080089ed   Thumb Code    50  stm32f4xx_can.o(.text)
    CAN_Init                                 0x08008a1f   Thumb Code   276  stm32f4xx_can.o(.text)
    CAN_FilterInit                           0x08008b33   Thumb Code   258  stm32f4xx_can.o(.text)
    CAN_StructInit                           0x08008c35   Thumb Code    32  stm32f4xx_can.o(.text)
    CAN_SlaveStartBank                       0x08008c55   Thumb Code    48  stm32f4xx_can.o(.text)
    CAN_DBGFreeze                            0x08008c85   Thumb Code    22  stm32f4xx_can.o(.text)
    CAN_TTComModeCmd                         0x08008c9b   Thumb Code   118  stm32f4xx_can.o(.text)
    CAN_Transmit                             0x08008d11   Thumb Code   304  stm32f4xx_can.o(.text)
    CAN_TransmitStatus                       0x08008e41   Thumb Code   138  stm32f4xx_can.o(.text)
    CAN_CancelTransmit                       0x08008ecb   Thumb Code    48  stm32f4xx_can.o(.text)
    CAN_Receive                              0x08008efb   Thumb Code   240  stm32f4xx_can.o(.text)
    CAN_FIFORelease                          0x08008feb   Thumb Code    22  stm32f4xx_can.o(.text)
    CAN_MessagePending                       0x08009001   Thumb Code    30  stm32f4xx_can.o(.text)
    CAN_OperatingModeRequest                 0x0800901f   Thumb Code   162  stm32f4xx_can.o(.text)
    CAN_Sleep                                0x080090c1   Thumb Code    30  stm32f4xx_can.o(.text)
    CAN_WakeUp                               0x080090df   Thumb Code    48  stm32f4xx_can.o(.text)
    CAN_GetLastErrorCode                     0x0800910f   Thumb Code    12  stm32f4xx_can.o(.text)
    CAN_GetReceiveErrorCounter               0x0800911b   Thumb Code    10  stm32f4xx_can.o(.text)
    CAN_GetLSBTransmitErrorCounter           0x08009125   Thumb Code    12  stm32f4xx_can.o(.text)
    CAN_ITConfig                             0x08009131   Thumb Code    18  stm32f4xx_can.o(.text)
    CAN_GetFlagStatus                        0x08009143   Thumb Code   120  stm32f4xx_can.o(.text)
    CAN_ClearFlag                            0x080091bb   Thumb Code    52  stm32f4xx_can.o(.text)
    CAN_GetITStatus                          0x08009201   Thumb Code   310  stm32f4xx_can.o(.text)
    CAN_ClearITPendingBit                    0x08009337   Thumb Code   162  stm32f4xx_can.o(.text)
    vsprintf                                 0x080093dd   Thumb Code    32  vsprintf.o(.text)
    _printf_str                              0x08009401   Thumb Code    82  _printf_str.o(.text)
    __printf                                 0x08009455   Thumb Code   388  __printf_flags_ss_wp.o(.text)
    strlen                                   0x080095dd   Thumb Code    62  strlen.o(.text)
    __aeabi_memcpy4                          0x0800961b   Thumb Code     0  rt_memcpy_w.o(.text)
    __aeabi_memcpy8                          0x0800961b   Thumb Code     0  rt_memcpy_w.o(.text)
    __rt_memcpy_w                            0x0800961b   Thumb Code   100  rt_memcpy_w.o(.text)
    _memcpy_lastbytes_aligned                0x08009663   Thumb Code     0  rt_memcpy_w.o(.text)
    __use_two_region_memory                  0x0800967f   Thumb Code     2  heapauxi.o(.text)
    __rt_heap_escrow$2region                 0x08009681   Thumb Code     2  heapauxi.o(.text)
    __rt_heap_expand$2region                 0x08009683   Thumb Code     2  heapauxi.o(.text)
    __read_errno                             0x08009685   Thumb Code    10  _rserrno.o(.text)
    __set_errno                              0x0800968f   Thumb Code    12  _rserrno.o(.text)
    _printf_pre_padding                      0x0800969b   Thumb Code    44  _printf_pad.o(.text)
    _printf_post_padding                     0x080096c7   Thumb Code    34  _printf_pad.o(.text)
    _printf_truncate_signed                  0x080096e9   Thumb Code    18  _printf_truncate.o(.text)
    _printf_truncate_unsigned                0x080096fb   Thumb Code    18  _printf_truncate.o(.text)
    _printf_int_dec                          0x0800970d   Thumb Code   104  _printf_dec.o(.text)
    _printf_charcount                        0x08009785   Thumb Code    40  _printf_charcount.o(.text)
    _printf_char_common                      0x080097b7   Thumb Code    32  _printf_char_common.o(.text)
    _sputc                                   0x080097dd   Thumb Code    10  _sputc.o(.text)
    _printf_cs_common                        0x080097e7   Thumb Code    20  _printf_char.o(.text)
    _printf_char                             0x080097fb   Thumb Code    16  _printf_char.o(.text)
    _printf_string                           0x0800980b   Thumb Code     8  _printf_char.o(.text)
    _printf_wctomb                           0x08009815   Thumb Code   182  _printf_wctomb.o(.text)
    _printf_longlong_dec                     0x080098d1   Thumb Code   108  _printf_longlong_dec.o(.text)
    _printf_longlong_oct                     0x0800994d   Thumb Code    68  _printf_oct_int_ll.o(.text)
    _printf_int_oct                          0x08009991   Thumb Code    24  _printf_oct_int_ll.o(.text)
    _printf_ll_oct                           0x080099a9   Thumb Code    12  _printf_oct_int_ll.o(.text)
    _printf_longlong_hex                     0x080099bd   Thumb Code    86  _printf_hex_int_ll_ptr.o(.text)
    _printf_int_hex                          0x08009a13   Thumb Code    28  _printf_hex_int_ll_ptr.o(.text)
    _printf_ll_hex                           0x08009a2f   Thumb Code    12  _printf_hex_int_ll_ptr.o(.text)
    _printf_hex_ptr                          0x08009a3b   Thumb Code    18  _printf_hex_int_ll_ptr.o(.text)
    __aeabi_errno_addr                       0x08009a51   Thumb Code     8  rt_errno_addr_intlibspace.o(.text)
    __errno$intlibspace                      0x08009a51   Thumb Code     0  rt_errno_addr_intlibspace.o(.text)
    __rt_errno_addr$intlibspace              0x08009a51   Thumb Code     0  rt_errno_addr_intlibspace.o(.text)
    _ll_udiv10                               0x08009a59   Thumb Code   138  lludiv10.o(.text)
    _printf_int_common                       0x08009ae3   Thumb Code   178  _printf_intcommon.o(.text)
    __lib_sel_fp_printf                      0x08009b95   Thumb Code     2  _printf_fp_dec.o(.text)
    _printf_fp_dec_real                      0x08009d43   Thumb Code   620  _printf_fp_dec.o(.text)
    _printf_fp_hex_real                      0x08009fb1   Thumb Code   756  _printf_fp_hex.o(.text)
    _printf_lcs_common                       0x0800a2ad   Thumb Code    20  _printf_wchar.o(.text)
    _printf_wchar                            0x0800a2c1   Thumb Code    16  _printf_wchar.o(.text)
    _printf_wstring                          0x0800a2d1   Thumb Code     8  _printf_wchar.o(.text)
    _wcrtomb                                 0x0800a2d9   Thumb Code    64  _wcrtomb.o(.text)
    __user_libspace                          0x0800a319   Thumb Code     8  libspace.o(.text)
    __user_perproc_libspace                  0x0800a319   Thumb Code     0  libspace.o(.text)
    __user_perthread_libspace                0x0800a319   Thumb Code     0  libspace.o(.text)
    __user_setup_stackheap                   0x0800a321   Thumb Code    74  sys_stackheap_outer.o(.text)
    __rt_ctype_table                         0x0800a36d   Thumb Code    16  rt_ctype_table.o(.text)
    __rt_locale                              0x0800a37d   Thumb Code     8  rt_locale_intlibspace.o(.text)
    _printf_fp_infnan                        0x0800a385   Thumb Code   112  _printf_fp_infnan.o(.text)
    _btod_etento                             0x0800a405   Thumb Code   216  bigflt0.o(.text)
    exit                                     0x0800a4e1   Thumb Code    18  exit.o(.text)
    strcmp                                   0x0800a4f5   Thumb Code   128  strcmpv7m.o(.text)
    _sys_exit                                0x0800a575   Thumb Code     8  sys_exit.o(.text)
    __I$use$semihosting                      0x0800a581   Thumb Code     0  use_no_semi.o(.text)
    __use_no_semihosting_swi                 0x0800a581   Thumb Code     2  use_no_semi.o(.text)
    __semihosting_library_function           0x0800a583   Thumb Code     0  indicate_semi.o(.text)
    _btod_d2e                                0x0800a583   Thumb Code    62  btod.o(CL$$btod_d2e)
    _d2e_denorm_low                          0x0800a5c1   Thumb Code    70  btod.o(CL$$btod_d2e_denorm_low)
    _d2e_norm_op1                            0x0800a607   Thumb Code    96  btod.o(CL$$btod_d2e_norm_op1)
    __btod_div_common                        0x0800a667   Thumb Code   696  btod.o(CL$$btod_div_common)
    _e2e                                     0x0800a99f   Thumb Code   198  btod.o(CL$$btod_e2e)
    _btod_ediv                               0x0800aa65   Thumb Code    40  btod.o(CL$$btod_ediv)
    _btod_emul                               0x0800aa8d   Thumb Code    40  btod.o(CL$$btod_emul)
    __btod_mult_common                       0x0800aab5   Thumb Code   580  btod.o(CL$$btod_mult_common)
    __ARM_fpclassify                         0x0800acf9   Thumb Code    40  fpclassify.o(i.__ARM_fpclassify)
    __ARM_fpclassifyf                        0x0800ad21   Thumb Code    38  fpclassifyf.o(i.__ARM_fpclassifyf)
    __mathlib_flt_infnan                     0x0800ad47   Thumb Code     6  funder.o(i.__mathlib_flt_infnan)
    __mathlib_flt_infnan2                    0x0800ad4d   Thumb Code     4  funder.o(i.__mathlib_flt_infnan2)
    __mathlib_flt_invalid                    0x0800ad51   Thumb Code     8  funder.o(i.__mathlib_flt_invalid)
    __mathlib_flt_underflow                  0x0800ad59   Thumb Code    10  funder.o(i.__mathlib_flt_underflow)
    __mathlib_rredf2                         0x0800ad65   Thumb Code   344  rredf.o(i.__mathlib_rredf2)
    _is_digit                                0x0800aecd   Thumb Code    14  __printf_wp.o(i._is_digit)
    atan2f                                   0x0800aedd   Thumb Code   528  atan2f.o(i.atan2f)
    cosf                                     0x0800b139   Thumb Code   328  cosf.o(i.cosf)
    sqrtf                                    0x0800b2b5   Thumb Code    44  sqrtf.o(i.sqrtf)
    _get_lc_numeric                          0x0800b2e1   Thumb Code    44  lc_numeric_c.o(locale$$code)
    _get_lc_ctype                            0x0800b30d   Thumb Code    44  lc_ctype_c.o(locale$$code)
    __aeabi_d2f                              0x0800b339   Thumb Code     0  d2f.o(x$fpl$d2f)
    _d2f                                     0x0800b339   Thumb Code    98  d2f.o(x$fpl$d2f)
    __aeabi_dadd                             0x0800b39d   Thumb Code     0  daddsub_clz.o(x$fpl$dadd)
    _dadd                                    0x0800b39d   Thumb Code   332  daddsub_clz.o(x$fpl$dadd)
    __fpl_dcmp_Inf                           0x0800b4ed   Thumb Code    24  dcmpi.o(x$fpl$dcmpinf)
    __aeabi_ddiv                             0x0800b505   Thumb Code     0  ddiv.o(x$fpl$ddiv)
    _ddiv                                    0x0800b505   Thumb Code   552  ddiv.o(x$fpl$ddiv)
    __aeabi_i2d                              0x0800b7b5   Thumb Code     0  dflt_clz.o(x$fpl$dflt)
    _dflt                                    0x0800b7b5   Thumb Code    46  dflt_clz.o(x$fpl$dflt)
    __aeabi_cdcmple                          0x0800b7e5   Thumb Code     0  dleqf.o(x$fpl$dleqf)
    _dcmple                                  0x0800b7e5   Thumb Code   120  dleqf.o(x$fpl$dleqf)
    __fpl_dcmple_InfNaN                      0x0800b847   Thumb Code     0  dleqf.o(x$fpl$dleqf)
    __aeabi_dmul                             0x0800b85d   Thumb Code     0  dmul.o(x$fpl$dmul)
    _dmul                                    0x0800b85d   Thumb Code   332  dmul.o(x$fpl$dmul)
    __fpl_dnaninf                            0x0800b9b1   Thumb Code   156  dnaninf.o(x$fpl$dnaninf)
    __fpl_dretinf                            0x0800ba4d   Thumb Code    12  dretinf.o(x$fpl$dretinf)
    __aeabi_cdrcmple                         0x0800ba59   Thumb Code     0  drleqf.o(x$fpl$drleqf)
    _drcmple                                 0x0800ba59   Thumb Code   108  drleqf.o(x$fpl$drleqf)
    __aeabi_drsub                            0x0800bac5   Thumb Code     0  daddsub_clz.o(x$fpl$drsb)
    _drsb                                    0x0800bac5   Thumb Code    22  daddsub_clz.o(x$fpl$drsb)
    __aeabi_dsub                             0x0800badd   Thumb Code     0  daddsub_clz.o(x$fpl$dsub)
    _dsub                                    0x0800badd   Thumb Code   464  daddsub_clz.o(x$fpl$dsub)
    __aeabi_f2d                              0x0800bcb1   Thumb Code     0  f2d.o(x$fpl$f2d)
    _f2d                                     0x0800bcb1   Thumb Code    86  f2d.o(x$fpl$f2d)
    __aeabi_fadd                             0x0800bd09   Thumb Code     0  faddsub_clz.o(x$fpl$fadd)
    _fadd                                    0x0800bd09   Thumb Code   196  faddsub_clz.o(x$fpl$fadd)
    __fpl_fcheck_NaN1                        0x0800bdcd   Thumb Code     6  fcheck1.o(x$fpl$fcheck1)
    __fpl_fcmp_Inf                           0x0800bdd9   Thumb Code    24  fcmpi.o(x$fpl$fcmpinf)
    __aeabi_fdiv                             0x0800bdf1   Thumb Code     0  fdiv.o(x$fpl$fdiv)
    _fdiv                                    0x0800bdf1   Thumb Code   384  fdiv.o(x$fpl$fdiv)
    __aeabi_f2iz                             0x0800bf75   Thumb Code     0  ffix.o(x$fpl$ffix)
    _ffix                                    0x0800bf75   Thumb Code    54  ffix.o(x$fpl$ffix)
    __aeabi_f2uiz                            0x0800bfad   Thumb Code     0  ffixu.o(x$fpl$ffixu)
    _ffixu                                   0x0800bfad   Thumb Code    62  ffixu.o(x$fpl$ffixu)
    __aeabi_i2f                              0x0800bfed   Thumb Code     0  fflt_clz.o(x$fpl$fflt)
    _fflt                                    0x0800bfed   Thumb Code    48  fflt_clz.o(x$fpl$fflt)
    __aeabi_ui2f                             0x0800c01d   Thumb Code     0  fflt_clz.o(x$fpl$ffltu)
    _ffltu                                   0x0800c01d   Thumb Code    38  fflt_clz.o(x$fpl$ffltu)
    __aeabi_cfcmple                          0x0800c045   Thumb Code     0  fleqf.o(x$fpl$fleqf)
    _fcmple                                  0x0800c045   Thumb Code   104  fleqf.o(x$fpl$fleqf)
    __fpl_fcmple_InfNaN                      0x0800c097   Thumb Code     0  fleqf.o(x$fpl$fleqf)
    __aeabi_fmul                             0x0800c0ad   Thumb Code     0  fmul.o(x$fpl$fmul)
    _fmul                                    0x0800c0ad   Thumb Code   258  fmul.o(x$fpl$fmul)
    __fpl_fnaninf                            0x0800c1af   Thumb Code   140  fnaninf.o(x$fpl$fnaninf)
    __fpl_fretinf                            0x0800c23b   Thumb Code    10  fretinf.o(x$fpl$fretinf)
    __aeabi_cfrcmple                         0x0800c245   Thumb Code     0  frleqf.o(x$fpl$frleqf)
    _frcmple                                 0x0800c245   Thumb Code    98  frleqf.o(x$fpl$frleqf)
    _frnd                                    0x0800c2a9   Thumb Code    96  frnd.o(x$fpl$frnd)
    __aeabi_frsub                            0x0800c309   Thumb Code     0  faddsub_clz.o(x$fpl$frsb)
    _frsb                                    0x0800c309   Thumb Code    20  faddsub_clz.o(x$fpl$frsb)
    _fsqrt                                   0x0800c31d   Thumb Code   272  fsqrt.o(x$fpl$fsqrt)
    __aeabi_fsub                             0x0800c42d   Thumb Code     0  faddsub_clz.o(x$fpl$fsub)
    _fsub                                    0x0800c42d   Thumb Code   234  faddsub_clz.o(x$fpl$fsub)
    _printf_fp_dec                           0x0800c517   Thumb Code     4  printf1.o(x$fpl$printf1)
    _printf_fp_hex                           0x0800c51b   Thumb Code     4  printf2.o(x$fpl$printf2)
    __fpl_return_NaN                         0x0800c51f   Thumb Code   100  retnan.o(x$fpl$retnan)
    __ARM_scalbnf                            0x0800c583   Thumb Code    76  scalbnf.o(x$fpl$scalbnf)
    __fpl_cmpreturn                          0x0800c5cf   Thumb Code    48  trapv.o(x$fpl$trapveneer)
    __I$use$fp                               0x0800c5fe   Number         0  usenofp.o(x$fpl$usenofp)
    OSDebugEn                                0x0800c710   Data           2  os_dbg.o(.constdata)
    OSEndiannessTest                         0x0800c714   Data           4  os_dbg.o(.constdata)
    OSEventEn                                0x0800c718   Data           2  os_dbg.o(.constdata)
    OSEventMax                               0x0800c71a   Data           2  os_dbg.o(.constdata)
    OSEventNameEn                            0x0800c71c   Data           2  os_dbg.o(.constdata)
    OSEventSize                              0x0800c71e   Data           2  os_dbg.o(.constdata)
    OSEventTblSize                           0x0800c720   Data           2  os_dbg.o(.constdata)
    OSEventMultiEn                           0x0800c722   Data           2  os_dbg.o(.constdata)
    OSFlagEn                                 0x0800c724   Data           2  os_dbg.o(.constdata)
    OSFlagGrpSize                            0x0800c726   Data           2  os_dbg.o(.constdata)
    OSFlagNodeSize                           0x0800c728   Data           2  os_dbg.o(.constdata)
    OSFlagWidth                              0x0800c72a   Data           2  os_dbg.o(.constdata)
    OSFlagMax                                0x0800c72c   Data           2  os_dbg.o(.constdata)
    OSFlagNameEn                             0x0800c72e   Data           2  os_dbg.o(.constdata)
    OSLowestPrio                             0x0800c730   Data           2  os_dbg.o(.constdata)
    OSMboxEn                                 0x0800c732   Data           2  os_dbg.o(.constdata)
    OSMemEn                                  0x0800c734   Data           2  os_dbg.o(.constdata)
    OSMemMax                                 0x0800c736   Data           2  os_dbg.o(.constdata)
    OSMemNameEn                              0x0800c738   Data           2  os_dbg.o(.constdata)
    OSMemSize                                0x0800c73a   Data           2  os_dbg.o(.constdata)
    OSMemTblSize                             0x0800c73c   Data           2  os_dbg.o(.constdata)
    OSMutexEn                                0x0800c73e   Data           2  os_dbg.o(.constdata)
    OSPtrSize                                0x0800c740   Data           2  os_dbg.o(.constdata)
    OSQEn                                    0x0800c742   Data           2  os_dbg.o(.constdata)
    OSQMax                                   0x0800c744   Data           2  os_dbg.o(.constdata)
    OSQSize                                  0x0800c746   Data           2  os_dbg.o(.constdata)
    OSRdyTblSize                             0x0800c748   Data           2  os_dbg.o(.constdata)
    OSSemEn                                  0x0800c74a   Data           2  os_dbg.o(.constdata)
    OSStkWidth                               0x0800c74c   Data           2  os_dbg.o(.constdata)
    OSTaskCreateEn                           0x0800c74e   Data           2  os_dbg.o(.constdata)
    OSTaskCreateExtEn                        0x0800c750   Data           2  os_dbg.o(.constdata)
    OSTaskDelEn                              0x0800c752   Data           2  os_dbg.o(.constdata)
    OSTaskIdleStkSize                        0x0800c754   Data           2  os_dbg.o(.constdata)
    OSTaskProfileEn                          0x0800c756   Data           2  os_dbg.o(.constdata)
    OSTaskMax                                0x0800c758   Data           2  os_dbg.o(.constdata)
    OSTaskNameEn                             0x0800c75a   Data           2  os_dbg.o(.constdata)
    OSTaskStatEn                             0x0800c75c   Data           2  os_dbg.o(.constdata)
    OSTaskStatStkSize                        0x0800c75e   Data           2  os_dbg.o(.constdata)
    OSTaskStatStkChkEn                       0x0800c760   Data           2  os_dbg.o(.constdata)
    OSTaskSwHookEn                           0x0800c762   Data           2  os_dbg.o(.constdata)
    OSTaskRegTblSize                         0x0800c764   Data           2  os_dbg.o(.constdata)
    OSTCBPrioTblMax                          0x0800c766   Data           2  os_dbg.o(.constdata)
    OSTCBSize                                0x0800c768   Data           2  os_dbg.o(.constdata)
    OSTicksPerSec                            0x0800c76a   Data           2  os_dbg.o(.constdata)
    OSTimeTickHookEn                         0x0800c76c   Data           2  os_dbg.o(.constdata)
    OSVersionNbr                             0x0800c76e   Data           2  os_dbg.o(.constdata)
    OSTmrEn                                  0x0800c770   Data           2  os_dbg.o(.constdata)
    OSTmrCfgMax                              0x0800c772   Data           2  os_dbg.o(.constdata)
    OSTmrCfgNameEn                           0x0800c774   Data           2  os_dbg.o(.constdata)
    OSTmrCfgWheelSize                        0x0800c776   Data           2  os_dbg.o(.constdata)
    OSTmrCfgTicksPerSec                      0x0800c778   Data           2  os_dbg.o(.constdata)
    OSTmrSize                                0x0800c77a   Data           2  os_dbg.o(.constdata)
    OSTmrTblSize                             0x0800c77c   Data           2  os_dbg.o(.constdata)
    OSTmrWheelSize                           0x0800c77e   Data           2  os_dbg.o(.constdata)
    OSTmrWheelTblSize                        0x0800c780   Data           2  os_dbg.o(.constdata)
    OSDataSize                               0x0800c782   Data           2  os_dbg.o(.constdata)
    OSUnMapTbl                               0x0800c784   Data         256  os_core.o(.constdata)
    Region$$Table$$Base                      0x0800c9a4   Number         0  anon$$obj.o(Region$$Table)
    Region$$Table$$Limit                     0x0800c9c4   Number         0  anon$$obj.o(Region$$Table)
    __ctype                                  0x0800c9ed   Data           0  lc_ctype_c.o(locale$$data)
    PeriodSem                                0x20000000   Data           4  task.o(.data)
    launcherStatus                           0x20000004   Data           1  task.o(.data)
    pos                                      0x20000018   Data           2  stm32f4xx_it.o(.data)
    vell                                     0x2000001a   Data           2  stm32f4xx_it.o(.data)
    msg                                      0x2000001c   Data           8  stm32f4xx_it.o(.data)
    encoder_right                            0x20000024   Data           2  stm32f4xx_it.o(.data)
    encoder_left                             0x20000026   Data           2  stm32f4xx_it.o(.data)
    vell_right                               0x20000028   Data           2  stm32f4xx_it.o(.data)
    vell_left                                0x2000002a   Data           2  stm32f4xx_it.o(.data)
    speed                                    0x2000002c   Data           4  stm32f4xx_it.o(.data)
    launcherPos                              0x20000030   Data           4  stm32f4xx_it.o(.data)
    USART5_RX_STA                            0x20000070   Data           2  usart.o(.data)
    SystemCoreClock                          0x20000098   Data           4  system_stm32f4xx.o(.data)
    AHBPrescTable                            0x2000009c   Data          16  system_stm32f4xx.o(.data)
    OS_CPU_ExceptStkBase                     0x200000ac   Data           4  os_cpu_c.o(.data)
    OSCtxSwCtr                               0x200000b4   Data           4  os_core.o(.data)
    OSEventFreeList                          0x200000b8   Data           4  os_core.o(.data)
    OSFlagFreeList                           0x200000bc   Data           4  os_core.o(.data)
    OSCPUUsage                               0x200000c0   Data           1  os_core.o(.data)
    OSIdleCtrMax                             0x200000c4   Data           4  os_core.o(.data)
    OSIdleCtrRun                             0x200000c8   Data           4  os_core.o(.data)
    OSStatRdy                                0x200000cc   Data           1  os_core.o(.data)
    OSIntNesting                             0x200000cd   Data           1  os_core.o(.data)
    OSLockNesting                            0x200000ce   Data           1  os_core.o(.data)
    OSPrioCur                                0x200000cf   Data           1  os_core.o(.data)
    OSPrioHighRdy                            0x200000d0   Data           1  os_core.o(.data)
    OSRdyGrp                                 0x200000d1   Data           1  os_core.o(.data)
    OSRdyTbl                                 0x200000d2   Data           8  os_core.o(.data)
    OSRunning                                0x200000da   Data           1  os_core.o(.data)
    OSTaskCtr                                0x200000db   Data           1  os_core.o(.data)
    OSIdleCtr                                0x200000dc   Data           4  os_core.o(.data)
    OSTCBCur                                 0x200000e0   Data           4  os_core.o(.data)
    OSTCBFreeList                            0x200000e4   Data           4  os_core.o(.data)
    OSTCBHighRdy                             0x200000e8   Data           4  os_core.o(.data)
    OSTCBList                                0x200000ec   Data           4  os_core.o(.data)
    OSTickStepState                          0x200000f0   Data           1  os_core.o(.data)
    OSMemFreeList                            0x200000f4   Data           4  os_core.o(.data)
    OSQFreeList                              0x200000f8   Data           4  os_core.o(.data)
    OSTime                                   0x200000fc   Data           4  os_core.o(.data)
    OSTmrFree                                0x20000100   Data           2  os_core.o(.data)
    OSTmrUsed                                0x20000102   Data           2  os_core.o(.data)
    OSTmrTime                                0x20000104   Data           4  os_core.o(.data)
    OSTmrSem                                 0x20000108   Data           4  os_core.o(.data)
    OSTmrSemSignal                           0x2000010c   Data           4  os_core.o(.data)
    OSTmrFreeList                            0x20000110   Data           4  os_core.o(.data)
    position                                 0x20012924   Data          16  stm32f4xx_it.o(.bss)
    roll                                     0x20012934   Data          28  stm32f4xx_it.o(.bss)
    pitch                                    0x20012950   Data          28  stm32f4xx_it.o(.bss)
    yaw                                      0x2001296c   Data          28  stm32f4xx_it.o(.bss)
    speed1                                   0x20012988   Data          28  stm32f4xx_it.o(.bss)
    speed2                                   0x200129a4   Data          28  stm32f4xx_it.o(.bss)
    USART5_TX_BUF                            0x200129e8   Data         400  usart.o(.bss)
    USART5_RX_BUF                            0x20012b78   Data         400  usart.o(.bss)
    OS_CPU_ExceptStk                         0x20012d28   Data         512  os_cpu_c.o(.bss)
    OSEventTbl                               0x20012f28   Data        1440  os_core.o(.bss)
    OSFlagTbl                                0x200134c8   Data          80  os_core.o(.bss)
    OSTaskStatStk                            0x20013518   Data         512  os_core.o(.bss)
    OSTaskIdleStk                            0x20013718   Data         512  os_core.o(.bss)
    OSTCBPrioTbl                             0x20013918   Data         256  os_core.o(.bss)
    OSTCBTbl                                 0x20013a18   Data        2816  os_core.o(.bss)
    OSMemTbl                                 0x20014518   Data         120  os_core.o(.bss)
    OSQTbl                                   0x20014590   Data          96  os_core.o(.bss)
    OSTmrTbl                                 0x200145f0   Data         640  os_core.o(.bss)
    OSTmrTaskStk                             0x20014870   Data         512  os_core.o(.bss)
    OSTmrWheelTbl                            0x20014a70   Data          64  os_core.o(.bss)
    __libspace_start                         0x20014ab0   Data          96  libspace.o(.bss)
    __temporary_stack_top$libspace           0x20014b10   Data           0  libspace.o(.bss)



==============================================================================

Memory Map of the image

  Image Entry point : 0x08000189

  Load Region LR_IROM1 (Base: 0x08000000, Size: 0x0000cc14, Max: 0x00080000, ABSOLUTE)

    Execution Region ER_IROM1 (Base: 0x08000000, Size: 0x0000caf0, Max: 0x00080000, ABSOLUTE)

    Base Addr    Size         Type   Attr      Idx    E Section Name        Object

    0x08000000   0x00000188   Data   RO          529    RESET               startup_stm32f4xx.o
    0x08000188   0x00000008   Code   RO          978  * !!!main             c_w.l(__main.o)
    0x08000190   0x00000034   Code   RO         1403    !!!scatter          c_w.l(__scatter.o)
    0x080001c4   0x0000001a   Code   RO         1405    !!handler_copy      c_w.l(__scatter_copy.o)
    0x080001de   0x00000002   PAD
    0x080001e0   0x0000001c   Code   RO         1407    !!handler_zi        c_w.l(__scatter_zi.o)
    0x080001fc   0x00000000   Code   RO          969    .ARM.Collect$$_printf_percent$$00000000  c_w.l(_printf_percent.o)
    0x080001fc   0x00000006   Code   RO         1110    .ARM.Collect$$_printf_percent$$00000001  c_w.l(_printf_n.o)
    0x08000202   0x00000006   Code   RO         1112    .ARM.Collect$$_printf_percent$$00000002  c_w.l(_printf_p.o)
    0x08000208   0x00000006   Code   RO         1117    .ARM.Collect$$_printf_percent$$00000003  c_w.l(_printf_f.o)
    0x0800020e   0x00000006   Code   RO         1118    .ARM.Collect$$_printf_percent$$00000004  c_w.l(_printf_e.o)
    0x08000214   0x00000006   Code   RO         1119    .ARM.Collect$$_printf_percent$$00000005  c_w.l(_printf_g.o)
    0x0800021a   0x00000006   Code   RO         1120    .ARM.Collect$$_printf_percent$$00000006  c_w.l(_printf_a.o)
    0x08000220   0x0000000a   Code   RO         1125    .ARM.Collect$$_printf_percent$$00000007  c_w.l(_printf_ll.o)
    0x0800022a   0x00000006   Code   RO         1114    .ARM.Collect$$_printf_percent$$00000008  c_w.l(_printf_i.o)
    0x08000230   0x00000006   Code   RO         1115    .ARM.Collect$$_printf_percent$$00000009  c_w.l(_printf_d.o)
    0x08000236   0x00000006   Code   RO         1116    .ARM.Collect$$_printf_percent$$0000000A  c_w.l(_printf_u.o)
    0x0800023c   0x00000006   Code   RO         1113    .ARM.Collect$$_printf_percent$$0000000B  c_w.l(_printf_o.o)
    0x08000242   0x00000006   Code   RO         1111    .ARM.Collect$$_printf_percent$$0000000C  c_w.l(_printf_x.o)
    0x08000248   0x00000006   Code   RO         1122    .ARM.Collect$$_printf_percent$$0000000D  c_w.l(_printf_lli.o)
    0x0800024e   0x00000006   Code   RO         1123    .ARM.Collect$$_printf_percent$$0000000E  c_w.l(_printf_lld.o)
    0x08000254   0x00000006   Code   RO         1124    .ARM.Collect$$_printf_percent$$0000000F  c_w.l(_printf_llu.o)
    0x0800025a   0x00000006   Code   RO         1129    .ARM.Collect$$_printf_percent$$00000010  c_w.l(_printf_llo.o)
    0x08000260   0x00000006   Code   RO         1130    .ARM.Collect$$_printf_percent$$00000011  c_w.l(_printf_llx.o)
    0x08000266   0x0000000a   Code   RO         1126    .ARM.Collect$$_printf_percent$$00000012  c_w.l(_printf_l.o)
    0x08000270   0x00000006   Code   RO         1109    .ARM.Collect$$_printf_percent$$00000013  c_w.l(_printf_c.o)
    0x08000276   0x00000006   Code   RO          968    .ARM.Collect$$_printf_percent$$00000014  c_w.l(_printf_s.o)
    0x0800027c   0x00000006   Code   RO         1127    .ARM.Collect$$_printf_percent$$00000015  c_w.l(_printf_lc.o)
    0x08000282   0x00000006   Code   RO         1128    .ARM.Collect$$_printf_percent$$00000016  c_w.l(_printf_ls.o)
    0x08000288   0x00000004   Code   RO         1121    .ARM.Collect$$_printf_percent$$00000017  c_w.l(_printf_percent_end.o)
    0x0800028c   0x00000002   Code   RO         1261    .ARM.Collect$$libinit$$00000000  c_w.l(libinit.o)
    0x0800028e   0x00000000   Code   RO         1276    .ARM.Collect$$libinit$$00000002  c_w.l(libinit2.o)
    0x0800028e   0x00000000   Code   RO         1278    .ARM.Collect$$libinit$$00000004  c_w.l(libinit2.o)
    0x0800028e   0x00000000   Code   RO         1281    .ARM.Collect$$libinit$$0000000A  c_w.l(libinit2.o)
    0x0800028e   0x00000000   Code   RO         1283    .ARM.Collect$$libinit$$0000000C  c_w.l(libinit2.o)
    0x0800028e   0x00000000   Code   RO         1285    .ARM.Collect$$libinit$$0000000E  c_w.l(libinit2.o)
    0x0800028e   0x00000006   Code   RO         1286    .ARM.Collect$$libinit$$0000000F  c_w.l(libinit2.o)
    0x08000294   0x00000000   Code   RO         1288    .ARM.Collect$$libinit$$00000011  c_w.l(libinit2.o)
    0x08000294   0x0000000c   Code   RO         1289    .ARM.Collect$$libinit$$00000012  c_w.l(libinit2.o)
    0x080002a0   0x00000000   Code   RO         1290    .ARM.Collect$$libinit$$00000013  c_w.l(libinit2.o)
    0x080002a0   0x00000000   Code   RO         1292    .ARM.Collect$$libinit$$00000015  c_w.l(libinit2.o)
    0x080002a0   0x0000000a   Code   RO         1293    .ARM.Collect$$libinit$$00000016  c_w.l(libinit2.o)
    0x080002aa   0x00000000   Code   RO         1294    .ARM.Collect$$libinit$$00000017  c_w.l(libinit2.o)
    0x080002aa   0x00000000   Code   RO         1296    .ARM.Collect$$libinit$$00000019  c_w.l(libinit2.o)
    0x080002aa   0x00000000   Code   RO         1298    .ARM.Collect$$libinit$$0000001B  c_w.l(libinit2.o)
    0x080002aa   0x00000000   Code   RO         1300    .ARM.Collect$$libinit$$0000001D  c_w.l(libinit2.o)
    0x080002aa   0x00000000   Code   RO         1302    .ARM.Collect$$libinit$$0000001F  c_w.l(libinit2.o)
    0x080002aa   0x00000000   Code   RO         1304    .ARM.Collect$$libinit$$00000021  c_w.l(libinit2.o)
    0x080002aa   0x00000000   Code   RO         1306    .ARM.Collect$$libinit$$00000023  c_w.l(libinit2.o)
    0x080002aa   0x00000000   Code   RO         1308    .ARM.Collect$$libinit$$00000025  c_w.l(libinit2.o)
    0x080002aa   0x00000000   Code   RO         1312    .ARM.Collect$$libinit$$0000002C  c_w.l(libinit2.o)
    0x080002aa   0x00000000   Code   RO         1314    .ARM.Collect$$libinit$$0000002E  c_w.l(libinit2.o)
    0x080002aa   0x00000000   Code   RO         1316    .ARM.Collect$$libinit$$00000030  c_w.l(libinit2.o)
    0x080002aa   0x00000000   Code   RO         1318    .ARM.Collect$$libinit$$00000032  c_w.l(libinit2.o)
    0x080002aa   0x00000002   Code   RO         1319    .ARM.Collect$$libinit$$00000033  c_w.l(libinit2.o)
    0x080002ac   0x00000002   Code   RO         1343    .ARM.Collect$$libshutdown$$00000000  c_w.l(libshutdown.o)
    0x080002ae   0x00000000   Code   RO         1356    .ARM.Collect$$libshutdown$$00000002  c_w.l(libshutdown2.o)
    0x080002ae   0x00000000   Code   RO         1358    .ARM.Collect$$libshutdown$$00000004  c_w.l(libshutdown2.o)
    0x080002ae   0x00000000   Code   RO         1361    .ARM.Collect$$libshutdown$$00000007  c_w.l(libshutdown2.o)
    0x080002ae   0x00000000   Code   RO         1364    .ARM.Collect$$libshutdown$$0000000A  c_w.l(libshutdown2.o)
    0x080002ae   0x00000000   Code   RO         1366    .ARM.Collect$$libshutdown$$0000000C  c_w.l(libshutdown2.o)
    0x080002ae   0x00000000   Code   RO         1369    .ARM.Collect$$libshutdown$$0000000F  c_w.l(libshutdown2.o)
    0x080002ae   0x00000002   Code   RO         1370    .ARM.Collect$$libshutdown$$00000010  c_w.l(libshutdown2.o)
    0x080002b0   0x00000000   Code   RO         1060    .ARM.Collect$$rtentry$$00000000  c_w.l(__rtentry.o)
    0x080002b0   0x00000000   Code   RO         1176    .ARM.Collect$$rtentry$$00000002  c_w.l(__rtentry2.o)
    0x080002b0   0x00000006   Code   RO         1188    .ARM.Collect$$rtentry$$00000004  c_w.l(__rtentry4.o)
    0x080002b6   0x00000000   Code   RO         1178    .ARM.Collect$$rtentry$$00000009  c_w.l(__rtentry2.o)
    0x080002b6   0x00000004   Code   RO         1179    .ARM.Collect$$rtentry$$0000000A  c_w.l(__rtentry2.o)
    0x080002ba   0x00000000   Code   RO         1181    .ARM.Collect$$rtentry$$0000000C  c_w.l(__rtentry2.o)
    0x080002ba   0x00000008   Code   RO         1182    .ARM.Collect$$rtentry$$0000000D  c_w.l(__rtentry2.o)
    0x080002c2   0x00000002   Code   RO         1268    .ARM.Collect$$rtexit$$00000000  c_w.l(rtexit.o)
    0x080002c4   0x00000000   Code   RO         1323    .ARM.Collect$$rtexit$$00000002  c_w.l(rtexit2.o)
    0x080002c4   0x00000004   Code   RO         1324    .ARM.Collect$$rtexit$$00000003  c_w.l(rtexit2.o)
    0x080002c8   0x00000006   Code   RO         1325    .ARM.Collect$$rtexit$$00000004  c_w.l(rtexit2.o)
    0x080002ce   0x00000002   PAD
    0x080002d0   0x00000074   Code   RO            3    .text               main.o
    0x08000344   0x000004e4   Code   RO           97    .text               task.o
    0x08000828   0x000009f4   Code   RO          183    .text               stm32f4xx_it.o
    0x0800121c   0x00000830   Code   RO          226    .text               timer.o
    0x08001a4c   0x000001a8   Code   RO          249    .text               gpio.o
    0x08001bf4   0x00000550   Code   RO          269    .text               usart.o
    0x08002144   0x00000714   Code   RO          303    .text               elmo.o
    0x08002858   0x00000450   Code   RO          324    .text               can.o
    0x08002ca8   0x00000018   Code   RO          414    .text               encoder.o
    0x08002cc0   0x00000088   Code   RO          430    .text               gasvalvecontrol.o
    0x08002d48   0x00000924   Code   RO          478    .text               movebase.o
    0x0800366c   0x00000200   Code   RO          503    .text               system_stm32f4xx.o
    0x0800386c   0x00000040   Code   RO          530    .text               startup_stm32f4xx.o
    0x080038ac   0x0000017c   Code   RO          536    .text               os_cpu_c.o
    0x08003a28   0x000000ac   Code   RO          565    .text               os_cpu_a.o
    0x08003ad4   0x0000015c   Code   RO          568    .text               os_dbg.o
    0x08003c30   0x00000d50   Code   RO          583    .text               os_core.o
    0x08004980   0x00000864   Code   RO          603    .text               os_flag.o
    0x080051e4   0x00000258   Code   RO          627    .text               os_mem.o
    0x0800543c   0x00000654   Code   RO          651    .text               os_q.o
    0x08005a90   0x000003e0   Code   RO          663    .text               os_sem.o
    0x08005e70   0x0000090c   Code   RO          675    .text               os_task.o
    0x0800677c   0x000001d4   Code   RO          687    .text               os_time.o
    0x08006950   0x000006e0   Code   RO          699    .text               os_tmr.o
    0x08007030   0x00000012   Code   RO          713    .text               os_apphooks.o
    0x08007042   0x00000002   PAD
    0x08007044   0x0000025c   Code   RO          733    .text               stm32f4xx_gpio.o
    0x080072a0   0x00000588   Code   RO          753    .text               stm32f4xx_rcc.o
    0x08007828   0x000000e0   Code   RO          775    .text               misc.o
    0x08007908   0x00000ca2   Code   RO          795    .text               stm32f4xx_tim.o
    0x080085aa   0x00000002   PAD
    0x080085ac   0x0000043e   Code   RO          815    .text               stm32f4xx_usart.o
    0x080089ea   0x00000002   PAD
    0x080089ec   0x000009f0   Code   RO          835    .text               stm32f4xx_can.o
    0x080093dc   0x00000024   Code   RO          938    .text               c_w.l(vsprintf.o)
    0x08009400   0x00000052   Code   RO          946    .text               c_w.l(_printf_str.o)
    0x08009452   0x00000002   PAD
    0x08009454   0x00000188   Code   RO          965    .text               c_w.l(__printf_flags_ss_wp.o)
    0x080095dc   0x0000003e   Code   RO          972    .text               c_w.l(strlen.o)
    0x0800961a   0x00000064   Code   RO          974    .text               c_w.l(rt_memcpy_w.o)
    0x0800967e   0x00000006   Code   RO          976    .text               c_w.l(heapauxi.o)
    0x08009684   0x00000016   Code   RO         1061    .text               c_w.l(_rserrno.o)
    0x0800969a   0x0000004e   Code   RO         1063    .text               c_w.l(_printf_pad.o)
    0x080096e8   0x00000024   Code   RO         1065    .text               c_w.l(_printf_truncate.o)
    0x0800970c   0x00000078   Code   RO         1067    .text               c_w.l(_printf_dec.o)
    0x08009784   0x00000028   Code   RO         1069    .text               c_w.l(_printf_charcount.o)
    0x080097ac   0x00000030   Code   RO         1071    .text               c_w.l(_printf_char_common.o)
    0x080097dc   0x0000000a   Code   RO         1073    .text               c_w.l(_sputc.o)
    0x080097e6   0x0000002c   Code   RO         1075    .text               c_w.l(_printf_char.o)
    0x08009812   0x00000002   PAD
    0x08009814   0x000000bc   Code   RO         1077    .text               c_w.l(_printf_wctomb.o)
    0x080098d0   0x0000007c   Code   RO         1080    .text               c_w.l(_printf_longlong_dec.o)
    0x0800994c   0x00000070   Code   RO         1086    .text               c_w.l(_printf_oct_int_ll.o)
    0x080099bc   0x00000094   Code   RO         1106    .text               c_w.l(_printf_hex_int_ll_ptr.o)
    0x08009a50   0x00000008   Code   RO         1193    .text               c_w.l(rt_errno_addr_intlibspace.o)
    0x08009a58   0x0000008a   Code   RO         1195    .text               c_w.l(lludiv10.o)
    0x08009ae2   0x000000b2   Code   RO         1197    .text               c_w.l(_printf_intcommon.o)
    0x08009b94   0x0000041a   Code   RO         1199    .text               c_w.l(_printf_fp_dec.o)
    0x08009fae   0x00000002   PAD
    0x08009fb0   0x000002fc   Code   RO         1201    .text               c_w.l(_printf_fp_hex.o)
    0x0800a2ac   0x0000002c   Code   RO         1206    .text               c_w.l(_printf_wchar.o)
    0x0800a2d8   0x00000040   Code   RO         1208    .text               c_w.l(_wcrtomb.o)
    0x0800a318   0x00000008   Code   RO         1212    .text               c_w.l(libspace.o)
    0x0800a320   0x0000004a   Code   RO         1215    .text               c_w.l(sys_stackheap_outer.o)
    0x0800a36a   0x00000002   PAD
    0x0800a36c   0x00000010   Code   RO         1217    .text               c_w.l(rt_ctype_table.o)
    0x0800a37c   0x00000008   Code   RO         1222    .text               c_w.l(rt_locale_intlibspace.o)
    0x0800a384   0x00000080   Code   RO         1224    .text               c_w.l(_printf_fp_infnan.o)
    0x0800a404   0x000000dc   Code   RO         1226    .text               c_w.l(bigflt0.o)
    0x0800a4e0   0x00000012   Code   RO         1254    .text               c_w.l(exit.o)
    0x0800a4f2   0x00000002   PAD
    0x0800a4f4   0x00000080   Code   RO         1273    .text               c_w.l(strcmpv7m.o)
    0x0800a574   0x0000000c   Code   RO         1335    .text               c_w.l(sys_exit.o)
    0x0800a580   0x00000002   Code   RO         1346    .text               c_w.l(use_no_semi.o)
    0x0800a582   0x00000000   Code   RO         1348    .text               c_w.l(indicate_semi.o)
    0x0800a582   0x0000003e   Code   RO         1229    CL$$btod_d2e        c_w.l(btod.o)
    0x0800a5c0   0x00000046   Code   RO         1231    CL$$btod_d2e_denorm_low  c_w.l(btod.o)
    0x0800a606   0x00000060   Code   RO         1230    CL$$btod_d2e_norm_op1  c_w.l(btod.o)
    0x0800a666   0x00000338   Code   RO         1239    CL$$btod_div_common  c_w.l(btod.o)
    0x0800a99e   0x000000c6   Code   RO         1236    CL$$btod_e2e        c_w.l(btod.o)
    0x0800aa64   0x00000028   Code   RO         1233    CL$$btod_ediv       c_w.l(btod.o)
    0x0800aa8c   0x00000028   Code   RO         1232    CL$$btod_emul       c_w.l(btod.o)
    0x0800aab4   0x00000244   Code   RO         1238    CL$$btod_mult_common  c_w.l(btod.o)
    0x0800acf8   0x00000028   Code   RO         1266    i.__ARM_fpclassify  m_ws.l(fpclassify.o)
    0x0800ad20   0x00000026   Code   RO         1156    i.__ARM_fpclassifyf  m_ws.l(fpclassifyf.o)
    0x0800ad46   0x00000006   Code   RO         1159    i.__mathlib_flt_infnan  m_ws.l(funder.o)
    0x0800ad4c   0x00000004   Code   RO         1160    i.__mathlib_flt_infnan2  m_ws.l(funder.o)
    0x0800ad50   0x00000008   Code   RO         1161    i.__mathlib_flt_invalid  m_ws.l(funder.o)
    0x0800ad58   0x0000000a   Code   RO         1164    i.__mathlib_flt_underflow  m_ws.l(funder.o)
    0x0800ad62   0x00000002   PAD
    0x0800ad64   0x00000168   Code   RO         1172    i.__mathlib_rredf2  m_ws.l(rredf.o)
    0x0800aecc   0x0000000e   Code   RO          958    i._is_digit         c_w.l(__printf_wp.o)
    0x0800aeda   0x00000002   PAD
    0x0800aedc   0x0000025c   Code   RO         1037    i.atan2f            m_ws.l(atan2f.o)
    0x0800b138   0x0000017c   Code   RO         1045    i.cosf              m_ws.l(cosf.o)
    0x0800b2b4   0x0000002c   Code   RO         1053    i.sqrtf             m_ws.l(sqrtf.o)
    0x0800b2e0   0x0000002c   Code   RO         1252    locale$$code        c_w.l(lc_numeric_c.o)
    0x0800b30c   0x0000002c   Code   RO         1271    locale$$code        c_w.l(lc_ctype_c.o)
    0x0800b338   0x00000062   Code   RO          980    x$fpl$d2f           fz_ws.l(d2f.o)
    0x0800b39a   0x00000002   PAD
    0x0800b39c   0x00000150   Code   RO          982    x$fpl$dadd          fz_ws.l(daddsub_clz.o)
    0x0800b4ec   0x00000018   Code   RO         1131    x$fpl$dcmpinf       fz_ws.l(dcmpi.o)
    0x0800b504   0x000002b0   Code   RO          989    x$fpl$ddiv          fz_ws.l(ddiv.o)
    0x0800b7b4   0x0000002e   Code   RO          993    x$fpl$dflt          fz_ws.l(dflt_clz.o)
    0x0800b7e2   0x00000002   PAD
    0x0800b7e4   0x00000078   Code   RO          998    x$fpl$dleqf         fz_ws.l(dleqf.o)
    0x0800b85c   0x00000154   Code   RO         1000    x$fpl$dmul          fz_ws.l(dmul.o)
    0x0800b9b0   0x0000009c   Code   RO         1133    x$fpl$dnaninf       fz_ws.l(dnaninf.o)
    0x0800ba4c   0x0000000c   Code   RO         1135    x$fpl$dretinf       fz_ws.l(dretinf.o)
    0x0800ba58   0x0000006c   Code   RO         1002    x$fpl$drleqf        fz_ws.l(drleqf.o)
    0x0800bac4   0x00000016   Code   RO          983    x$fpl$drsb          fz_ws.l(daddsub_clz.o)
    0x0800bada   0x00000002   PAD
    0x0800badc   0x000001d4   Code   RO          984    x$fpl$dsub          fz_ws.l(daddsub_clz.o)
    0x0800bcb0   0x00000056   Code   RO         1004    x$fpl$f2d           fz_ws.l(f2d.o)
    0x0800bd06   0x00000002   PAD
    0x0800bd08   0x000000c4   Code   RO         1006    x$fpl$fadd          fz_ws.l(faddsub_clz.o)
    0x0800bdcc   0x0000000c   Code   RO         1262    x$fpl$fcheck1       fz_ws.l(fcheck1.o)
    0x0800bdd8   0x00000018   Code   RO         1137    x$fpl$fcmpinf       fz_ws.l(fcmpi.o)
    0x0800bdf0   0x00000184   Code   RO         1013    x$fpl$fdiv          fz_ws.l(fdiv.o)
    0x0800bf74   0x00000036   Code   RO         1016    x$fpl$ffix          fz_ws.l(ffix.o)
    0x0800bfaa   0x00000002   PAD
    0x0800bfac   0x0000003e   Code   RO         1020    x$fpl$ffixu         fz_ws.l(ffixu.o)
    0x0800bfea   0x00000002   PAD
    0x0800bfec   0x00000030   Code   RO         1025    x$fpl$fflt          fz_ws.l(fflt_clz.o)
    0x0800c01c   0x00000026   Code   RO         1024    x$fpl$ffltu         fz_ws.l(fflt_clz.o)
    0x0800c042   0x00000002   PAD
    0x0800c044   0x00000068   Code   RO         1030    x$fpl$fleqf         fz_ws.l(fleqf.o)
    0x0800c0ac   0x00000102   Code   RO         1032    x$fpl$fmul          fz_ws.l(fmul.o)
    0x0800c1ae   0x0000008c   Code   RO         1139    x$fpl$fnaninf       fz_ws.l(fnaninf.o)
    0x0800c23a   0x0000000a   Code   RO         1141    x$fpl$fretinf       fz_ws.l(fretinf.o)
    0x0800c244   0x00000062   Code   RO         1034    x$fpl$frleqf        fz_ws.l(frleqf.o)
    0x0800c2a6   0x00000002   PAD
    0x0800c2a8   0x00000060   Code   RO         1143    x$fpl$frnd          fz_ws.l(frnd.o)
    0x0800c308   0x00000014   Code   RO         1007    x$fpl$frsb          fz_ws.l(faddsub_clz.o)
    0x0800c31c   0x00000110   Code   RO         1145    x$fpl$fsqrt         fz_ws.l(fsqrt.o)
    0x0800c42c   0x000000ea   Code   RO         1008    x$fpl$fsub          fz_ws.l(faddsub_clz.o)
    0x0800c516   0x00000004   Code   RO         1147    x$fpl$printf1       fz_ws.l(printf1.o)
    0x0800c51a   0x00000004   Code   RO         1149    x$fpl$printf2       fz_ws.l(printf2.o)
    0x0800c51e   0x00000064   Code   RO         1320    x$fpl$retnan        fz_ws.l(retnan.o)
    0x0800c582   0x0000004c   Code   RO         1210    x$fpl$scalbnf       fz_ws.l(scalbnf.o)
    0x0800c5ce   0x00000030   Code   RO         1333    x$fpl$trapveneer    fz_ws.l(trapv.o)
    0x0800c5fe   0x00000000   Code   RO         1155    x$fpl$usenofp       fz_ws.l(usenofp.o)
    0x0800c5fe   0x00000002   PAD
    0x0800c600   0x00000110   Data   RO          304    .constdata          elmo.o
    0x0800c710   0x00000074   Data   RO          569    .constdata          os_dbg.o
    0x0800c784   0x00000100   Data   RO          585    .constdata          os_core.o
    0x0800c884   0x00000011   Data   RO          966    .constdata          c_w.l(__printf_flags_ss_wp.o)
    0x0800c895   0x00000003   PAD
    0x0800c898   0x00000008   Data   RO         1078    .constdata          c_w.l(_printf_wctomb.o)
    0x0800c8a0   0x00000028   Data   RO         1107    .constdata          c_w.l(_printf_hex_int_ll_ptr.o)
    0x0800c8c8   0x00000020   Data   RO         1173    .constdata          m_ws.l(rredf.o)
    0x0800c8e8   0x00000026   Data   RO         1202    .constdata          c_w.l(_printf_fp_hex.o)
    0x0800c90e   0x00000002   PAD
    0x0800c910   0x00000094   Data   RO         1227    .constdata          c_w.l(bigflt0.o)
    0x0800c9a4   0x00000020   Data   RO         1401    Region$$Table       anon$$obj.o
    0x0800c9c4   0x0000001c   Data   RO         1251    locale$$data        c_w.l(lc_numeric_c.o)
    0x0800c9e0   0x00000110   Data   RO         1270    locale$$data        c_w.l(lc_ctype_c.o)


    Execution Region RW_IRAM1 (Base: 0x20000000, Size: 0x00015110, Max: 0x00020000, ABSOLUTE)

    Base Addr    Size         Type   Attr      Idx    E Section Name        Object

    0x20000000   0x00000016   Data   RW           99    .data               task.o
    0x20000016   0x00000002   PAD
    0x20000018   0x00000057   Data   RW          185    .data               stm32f4xx_it.o
    0x2000006f   0x00000001   PAD
    0x20000070   0x0000001c   Data   RW          271    .data               usart.o
    0x2000008c   0x00000008   Data   RW          415    .data               encoder.o
    0x20000094   0x00000004   Data   RW          480    .data               movebase.o
    0x20000098   0x00000014   Data   RW          504    .data               system_stm32f4xx.o
    0x200000ac   0x00000006   Data   RW          538    .data               os_cpu_c.o
    0x200000b2   0x00000002   PAD
    0x200000b4   0x00000060   Data   RW          586    .data               os_core.o
    0x20000114   0x00000010   Data   RW          754    .data               stm32f4xx_rcc.o
    0x20000124   0x00009400   Zero   RW            4    .bss                main.o
    0x20009524   0x00009400   Zero   RW           98    .bss                task.o
    0x20012924   0x000000b4   Zero   RW          184    .bss                stm32f4xx_it.o
    0x200129d8   0x0000000c   Zero   RW          227    .bss                timer.o
    0x200129e4   0x00000004   PAD
    0x200129e8   0x00000320   Zero   RW          270    .bss                usart.o
    0x20012d08   0x00000020   Zero   RW          479    .bss                movebase.o
    0x20012d28   0x00000200   Zero   RW          537    .bss                os_cpu_c.o
    0x20012f28   0x00001b88   Zero   RW          584    .bss                os_core.o
    0x20014ab0   0x00000060   Zero   RW         1213    .bss                c_w.l(libspace.o)
    0x20014b10   0x00000200   Zero   RW          528    HEAP                startup_stm32f4xx.o
    0x20014d10   0x00000400   Zero   RW          527    STACK               startup_stm32f4xx.o


==============================================================================

Image component sizes


      Code (inc. data)   RO Data    RW Data    ZI Data      Debug   Object Name

      1104         14          0          0          0       2993   can.o
      1812         26        272          0          0       4790   elmo.o
        24          6          0          8          0       1222   encoder.o
       136          4          0          0          0       1007   gasvalvecontrol.o
       424         18          0          0          0       1639   gpio.o
       116         18          0          0      37888     230402   main.o
       224         20          0          0          0       1929   misc.o
      2340        112          0          4         32       3878   movebase.o
        18          0          0          0          0       1455   os_apphooks.o
      3408        290        256         96       7048      19215   os_core.o
       172         32          0          0          0        340   os_cpu_a.o
       380         30          0          6        512      12127   os_cpu_c.o
       348        230        116          0          0       3434   os_dbg.o
      2148         44          0          0          0       7252   os_flag.o
       600         16          0          0          0       3516   os_mem.o
      1620         34          0          0          0       6021   os_q.o
       992         22          0          0          0       4178   os_sem.o
      2316         76          0          0          0       8401   os_task.o
       468         28          0          0          0       1914   os_time.o
      1760        132          0          0          0       5897   os_tmr.o
        64         26        392          0       1536        840   startup_stm32f4xx.o
      2544         38          0          0          0       8108   stm32f4xx_can.o
       604         36          0          0          0       4089   stm32f4xx_gpio.o
      2548        306          0         87        180       6289   stm32f4xx_it.o
      1416         48          0         16          0      11111   stm32f4xx_rcc.o
      3234         60          0          0          0      22976   stm32f4xx_tim.o
      1086         26          0          0          0       7888   stm32f4xx_usart.o
       512         44          0         20          0       1807   system_stm32f4xx.o
      1252        170          0         22      37888      57734   task.o
      2096         68          0          0         12       5172   timer.o
      1360         84          0         28        800       7183   usart.o

    ----------------------------------------------------------------------
     37132       2058       1068        292      85900     454807   Object Totals
         0          0         32          0          0          0   (incl. Generated)
         6          0          0          5          4          0   (incl. Padding)

    ----------------------------------------------------------------------

      Code (inc. data)   RO Data    RW Data    ZI Data      Debug   Library Member Name

         8          0          0          0          0         68   __main.o
       392          4         17          0          0         92   __printf_flags_ss_wp.o
        14          0          0          0          0         68   __printf_wp.o
         0          0          0          0          0          0   __rtentry.o
        12          0          0          0          0          0   __rtentry2.o
         6          0          0          0          0          0   __rtentry4.o
        52          8          0          0          0          0   __scatter.o
        26          0          0          0          0          0   __scatter_copy.o
        28          0          0          0          0          0   __scatter_zi.o
         6          0          0          0          0          0   _printf_a.o
         6          0          0          0          0          0   _printf_c.o
        44          0          0          0          0        108   _printf_char.o
        48          6          0          0          0         96   _printf_char_common.o
        40          0          0          0          0         68   _printf_charcount.o
         6          0          0          0          0          0   _printf_d.o
       120         16          0          0          0         92   _printf_dec.o
         6          0          0          0          0          0   _printf_e.o
         6          0          0          0          0          0   _printf_f.o
      1050          0          0          0          0        216   _printf_fp_dec.o
       764          8         38          0          0        100   _printf_fp_hex.o
       128         16          0          0          0         84   _printf_fp_infnan.o
         6          0          0          0          0          0   _printf_g.o
       148          4         40          0          0        160   _printf_hex_int_ll_ptr.o
         6          0          0          0          0          0   _printf_i.o
       178          0          0          0          0         88   _printf_intcommon.o
        10          0          0          0          0          0   _printf_l.o
         6          0          0          0          0          0   _printf_lc.o
        10          0          0          0          0          0   _printf_ll.o
         6          0          0          0          0          0   _printf_lld.o
         6          0          0          0          0          0   _printf_lli.o
         6          0          0          0          0          0   _printf_llo.o
         6          0          0          0          0          0   _printf_llu.o
         6          0          0          0          0          0   _printf_llx.o
       124         16          0          0          0         92   _printf_longlong_dec.o
         6          0          0          0          0          0   _printf_ls.o
         6          0          0          0          0          0   _printf_n.o
         6          0          0          0          0          0   _printf_o.o
       112          8          0          0          0        124   _printf_oct_int_ll.o
         6          0          0          0          0          0   _printf_p.o
        78          0          0          0          0        108   _printf_pad.o
         0          0          0          0          0          0   _printf_percent.o
         4          0          0          0          0          0   _printf_percent_end.o
         6          0          0          0          0          0   _printf_s.o
        82          0          0          0          0         80   _printf_str.o
        36          0          0          0          0         84   _printf_truncate.o
         6          0          0          0          0          0   _printf_u.o
        44          0          0          0          0        108   _printf_wchar.o
       188          6          8          0          0         92   _printf_wctomb.o
         6          0          0          0          0          0   _printf_x.o
        22          0          0          0          0        100   _rserrno.o
        10          0          0          0          0         68   _sputc.o
        64          0          0          0          0         92   _wcrtomb.o
       220          4        148          0          0         96   bigflt0.o
      1910        128          0          0          0        672   btod.o
        18          0          0          0          0         80   exit.o
         6          0          0          0          0        152   heapauxi.o
         0          0          0          0          0          0   indicate_semi.o
        44         10        272          0          0         76   lc_ctype_c.o
        44         10         28          0          0         76   lc_numeric_c.o
         2          0          0          0          0          0   libinit.o
        30          0          0          0          0          0   libinit2.o
         2          0          0          0          0          0   libshutdown.o
         2          0          0          0          0          0   libshutdown2.o
         8          4          0          0         96         68   libspace.o
       138          0          0          0          0         80   lludiv10.o
        16          4          0          0          0         76   rt_ctype_table.o
         8          4          0          0          0         68   rt_errno_addr_intlibspace.o
         8          4          0          0          0         68   rt_locale_intlibspace.o
       100          0          0          0          0         80   rt_memcpy_w.o
         2          0          0          0          0          0   rtexit.o
        10          0          0          0          0          0   rtexit2.o
       128          0          0          0          0         68   strcmpv7m.o
        62          0          0          0          0         76   strlen.o
        12          4          0          0          0         68   sys_exit.o
        74          0          0          0          0         80   sys_stackheap_outer.o
         2          0          0          0          0         68   use_no_semi.o
        36          4          0          0          0         76   vsprintf.o
        98          4          0          0          0         92   d2f.o
       826         16          0          0          0        348   daddsub_clz.o
        24          0          0          0          0         68   dcmpi.o
       688        140          0          0          0        208   ddiv.o
        46          0          0          0          0         68   dflt_clz.o
       120          4          0          0          0         92   dleqf.o
       340         12          0          0          0        104   dmul.o
       156          4          0          0          0         92   dnaninf.o
        12          0          0          0          0         68   dretinf.o
       108          0          0          0          0         80   drleqf.o
        86          4          0          0          0         84   f2d.o
       450          8          0          0          0        236   faddsub_clz.o
        12          4          0          0          0         68   fcheck1.o
        24          0          0          0          0         68   fcmpi.o
       388         76          0          0          0         96   fdiv.o
        54          4          0          0          0         84   ffix.o
        62          4          0          0          0         84   ffixu.o
        86          0          0          0          0        136   fflt_clz.o
       104          4          0          0          0         84   fleqf.o
       258          4          0          0          0         84   fmul.o
       140          4          0          0          0         84   fnaninf.o
        10          0          0          0          0         68   fretinf.o
        98          0          0          0          0         68   frleqf.o
        96          4          0          0          0         76   frnd.o
       272        100          0          0          0         88   fsqrt.o
         4          0          0          0          0         68   printf1.o
         4          0          0          0          0         68   printf2.o
       100          0          0          0          0         68   retnan.o
        76          0          0          0          0         68   scalbnf.o
        48          0          0          0          0         68   trapv.o
         0          0          0          0          0          0   usenofp.o
       604         76          0          0          0        116   atan2f.o
       380         52          0          0          0        124   cosf.o
        40          0          0          0          0         68   fpclassify.o
        38          0          0          0          0         68   fpclassifyf.o
        28          0          0          0          0        272   funder.o
       360         16         32          0          0         88   rredf.o
        44          0          0          0          0         80   sqrtf.o

    ----------------------------------------------------------------------
     13164        808        588          0         96       8000   Library Totals
        36          0          5          0          0          0   (incl. Padding)

    ----------------------------------------------------------------------

      Code (inc. data)   RO Data    RW Data    ZI Data      Debug   Library Name

      6844        268        551          0         96       4216   c_w.l
      4790        396          0          0          0       2968   fz_ws.l
      1494        144         32          0          0        816   m_ws.l

    ----------------------------------------------------------------------
     13164        808        588          0         96       8000   Library Totals

    ----------------------------------------------------------------------

==============================================================================


      Code (inc. data)   RO Data    RW Data    ZI Data      Debug   

     50296       2866       1656        292      85996     455679   Grand Totals
     50296       2866       1656        292      85996     455679   ELF Image Totals
     50296       2866       1656        292          0          0   ROM Totals

==============================================================================

    Total RO  Size (Code + RO Data)                51952 (  50.73kB)
    Total RW  Size (RW Data + ZI Data)             86288 (  84.27kB)
    Total ROM Size (Code + RO Data + RW Data)      52244 (  51.02kB)

==============================================================================

